******************************************************************************
                  TI ARM Linker PC v5.2.5                      
******************************************************************************
>> Linked Tue May 24 14:21:40 2016

OUTPUT FILE NAME:   <driverlib_empty_project.out>
ENTRY POINT SYMBOL: "_c_int00"  address: 00001b81


MEMORY CONFIGURATION

         name            origin    length      used     unused   attr    fill
----------------------  --------  ---------  --------  --------  ----  --------
  MAIN                  00000000   00040000  00002370  0003dc90  R  X
  INFO                  00200000   00004000  00000000  00004000  R  X
  SRAM_CODE             01000000   00010000  00000000  00010000  RW X
  SRAM_DATA             20000000   00010000  0000028a  0000fd76  RW  


SEGMENT ALLOCATION MAP

run origin  load origin   length   init length attrs members
----------  ----------- ---------- ----------- ----- -------
00000000    00000000    00002370   00002370    r-x
  00000000    00000000    00000140   00000140    r-- .intvecs
  00000140    00000140    00001fe4   00001fe4    r-x .text
  00002124    00002124    000001e4   000001e4    r-- .const
  00002308    00002308    00000068   00000068    r-- .cinit
20000000    20000000    0000008a   00000000    rw-
  20000000    20000000    00000054   00000000    rw- .data
  20000054    20000054    00000036   00000000    rw- .bss
2000fe00    2000fe00    00000200   00000000    rw-
  2000fe00    2000fe00    00000200   00000000    rw- .stack


SECTION ALLOCATION MAP

 output                                  attributes/
section   page    origin      length       input sections
--------  ----  ----------  ----------   ----------------
.intvecs   0    00000000    00000140     
                  00000000    00000140     startup_msp432p401r_ccs.obj (.intvecs:retain)

.text      0    00000140    00001fe4     
                  00000140    0000094c     main.obj (.text)
                  00000a8c    00000348     system_msp432p401r.obj (.text)
                  00000dd4    00000244     printf.obj (.text)
                  00001018    0000021e     rtsv7M4_T_le_v4SPD16_eabi.lib : ll_div_t2.obj (.text)
                  00001236    000001b6                                   : fd_add_t2.obj (.text)
                  000013ec    00000154     msp432p4xx_driverlib.lib : adc14.o (.text:_getIndexForMemRegister)
                  00001540    000000e0                              : cs.o (.text:CS_initClockSignal)
                  00001620    000000c0     rtsv7M4_T_le_v4SPD16_eabi.lib : xdint.obj (.text)
                  000016e0    0000009c                                   : memcpy_t2.obj (.text)
                  0000177c    00000088                                   : roundl.obj (.text)
                  00001804    00000086                                   : fd_cmp_t2.obj (.text:__aeabi_cdcmple)
                  0000188a    0000007a                                   : memset_t2.obj (.text)
                  00001904    00000078     msp432p4xx_driverlib.lib : adc14.o (.text:ADC14_configureMultiSequenceMode)
                  0000197c    0000006c                              : adc14.o (.text:ADC14_configureConversionMemory)
                  000019e8    0000006c     rtsv7M4_T_le_v4SPD16_eabi.lib : autoinit.obj (.text)
                  00001a54    0000006a                                   : copy_decompress_rle.obj (.text)
                  00001abe    00000002                                   : l_div0.obj (.text)
                  00001ac0    00000064     msp432p4xx_driverlib.lib : interrupt.o (.text:Interrupt_enableInterrupt)
                  00001b24    0000005c     rtsv7M4_T_le_v4SPD16_eabi.lib : fd_toull_t2.obj (.text)
                  00001b80    00000050                                   : boot.obj (.text)
                  00001bd0    0000004c                                   : cpy_tbl.obj (.text)
                  00001c1c    00000048     msp432p4xx_driverlib.lib : gpio.o (.text:GPIO_setAsPeripheralModuleFunctionInputPin)
                  00001c64    00000044                              : adc14.o (.text:ADC14_getMultiSequenceResult)
                  00001ca8    00000044     rtsv7M4_T_le_v4SPD16_eabi.lib : exit.obj (.text)
                  00001cec    00000040                                   : ll_tofd_t2.obj (.text)
                  00001d2c    0000003e     msp432p4xx_driverlib.lib : i2c.o (.text:I2C_initMaster)
                  00001d6a    00000002     --HOLE-- [fill = 0]
                  00001d6c    00000038                              : adc14.o (.text:ADC14_initModule)
                  00001da4    00000038                              : i2c.o (.text:I2C_masterSendMultiByteStart)
                  00001ddc    00000030                              : i2c.o (.text:I2C_masterSendMultiByteStop)
                  00001e0c    00000030                              : spi.o (.text:is_A_Module)
                  00001e3c    00000024                              : adc14.o (.text:ADC14_getEnabledInterruptStatus)
                  00001e60    00000024                              : cs.o (.text:CS_setDCOCenteredFrequency)
                  00001e84    00000024                              : gpio.o (.text:GPIO_setAsOutputPin)
                  00001ea8    00000024                              : i2c.o (.text:I2C_masterSendMultiByteNext)
                  00001ecc    00000024                              : uart.o (.text:UART_transmitData)
                  00001ef0    00000020                              : adc14.o (.text:ADC14_clearInterruptFlag)
                  00001f10    00000020                              : adc14.o (.text:ADC14_enableInterrupt)
                  00001f30    00000020                              : spi.o (.text:SPI_getInterruptStatus)
                  00001f50    0000001c                              : adc14.o (.text:ADC14_getInterruptStatus)
                  00001f6c    00000018                              : gpio.o (.text:GPIO_setOutputLowOnPin)
                  00001f84    00000018                              : wdt_a.o (.text:WDT_A_holdTimer)
                  00001f9c    00000018     rtsv7M4_T_le_v4SPD16_eabi.lib : args_main.obj (.text)
                  00001fb4    00000014     msp432p4xx_driverlib.lib : adc14.o (.text:ADCIsConversionRunning)
                  00001fc8    00000014                              : gpio.o (.text:GPIO_setOutputHighOnPin)
                  00001fdc    00000014                              : gpio.o (.text:GPIO_toggleOutputOnPin)
                  00001ff0    00000014                              : interrupt.o (.text:Interrupt_disableSleepOnIsrExit)
                  00002004    00000014     rtsv7M4_T_le_v4SPD16_eabi.lib : _lock.obj (.text)
                  00002018    00000012     startup_msp432p401r_ccs.obj (.text)
                  0000202a    00000002     --HOLE-- [fill = 0]
                  0000202c    00000010     msp432p4xx_driverlib.lib : adc14.o (.text:ADC14_enableModule)
                  0000203c    00000010                              : i2c.o (.text:I2C_masterIsStopSent)
                  0000204c    00000010                              : i2c.o (.text:I2C_masterReceiveMultiByteStop)
                  0000205c    00000010                              : i2c.o (.text:I2C_masterReceiveStart)
                  0000206c    00000010                              : i2c.o (.text:I2C_masterSendStart)
                  0000207c    00000010                              : interrupt.o (.text:Interrupt_enableMaster)
                  0000208c    0000000e                              : i2c.o (.text:I2C_clearInterruptFlag)
                  0000209a    0000000e                              : i2c.o (.text:I2C_disableInterrupt)
                  000020a8    0000000e                              : i2c.o (.text:I2C_setMode)
                  000020b6    0000000e     rtsv7M4_T_le_v4SPD16_eabi.lib : copy_decompress_none.obj (.text:decompress:none)
                  000020c4    0000000c     msp432p4xx_driverlib.lib : cpu.o (.text:CPU_cpsie)
                  000020d0    0000000c                              : i2c.o (.text:I2C_enableModule)
                  000020dc    0000000c     rtsv7M4_T_le_v4SPD16_eabi.lib : copy_zero_init.obj (.text:decompress:ZI)
                  000020e8    00000008     msp432p4xx_driverlib.lib : spi.o (.text:EUSCI_A_SPI_getInterruptStatus)
                  000020f0    00000008                              : spi.o (.text:EUSCI_B_SPI_getInterruptStatus)
                  000020f8    00000008                              : i2c.o (.text:I2C_enableInterrupt)
                  00002100    00000006                              : i2c.o (.text:I2C_getEnabledInterruptStatus)
                  00002106    00000006                              : i2c.o (.text:I2C_getInterruptStatus)
                  0000210c    00000006                              : i2c.o (.text:I2C_masterReceiveMultiByteNext)
                  00002112    00000006     rtsv7M4_T_le_v4SPD16_eabi.lib : copy_decompress_rle.obj (.text:decompress:rle24)
                  00002118    00000004     msp432p4xx_driverlib.lib : i2c.o (.text:I2C_setSlaveAddress)
                  0000211c    00000004     rtsv7M4_T_le_v4SPD16_eabi.lib : pre_init.obj (.text)
                  00002120    00000004                                   : xldint.obj (.text)

.const     0    00002124    000001e4     
                  00002124    00000080     msp432p4xx_driverlib.lib : adc14.o (.const:_ctlRegs)
                  000021a4    00000064     main.obj (.const:PllClockRegisters)
                  00002208    00000040     msp432p4xx_driverlib.lib : interrupt.o (.const)
                  00002248    00000034     main.obj (.const)
                  0000227c    00000030     rtsv7M4_T_le_v4SPD16_eabi.lib : xdint.obj (.const)
                  000022ac    00000028     printf.obj (.const:dv)
                  000022d4    00000024     main.obj (.const:uartConfig)
                  000022f8    00000010     printf.obj (.const:.string)

.cinit     0    00002308    00000068     
                  00002308    00000044     (.cinit..data.load) [load image, compression = rle]
                  0000234c    0000000c     (__TI_handler_table)
                  00002358    00000008     (.cinit..bss.load) [load image, compression = zero_init]
                  00002360    00000010     (__TI_cinit_table)

.init_array 
*          0    00000000    00000000     UNINITIALIZED

.data      0    20000000    00000054     UNINITIALIZED
                  20000000    00000030     msp432p4xx_driverlib.lib : gpio.o (.data:GPIO_PORT_TO_BASE)
                  20000030    0000000c     main.obj (.data)
                  2000003c    00000008     rtsv7M4_T_le_v4SPD16_eabi.lib : _lock.obj (.data)
                  20000044    00000008                                   : exit.obj (.data)
                  2000004c    00000004                                   : stkdepth_vars.obj (.data)
                  20000050    00000004     system_msp432p401r.obj (.data)

.TI.persistent 
*          0    20000000    00000000     UNINITIALIZED

.bss       0    20000054    00000036     UNINITIALIZED
                  20000054    0000002c     main.obj (.bss:RXData)
                  20000080    00000004     (.common:TXData)
                  20000084    00000004     (.common:xferIndex)
                  20000088    00000001     (.common:TXByteCtr)
                  20000089    00000001     (.common:justSending)

.TI.noinit 
*          0    20000054    00000000     UNINITIALIZED

.stack     0    2000fe00    00000200     UNINITIALIZED
                  2000fe00    00000200     --HOLE--


LINKER GENERATED COPY TABLES

__TI_cinit_table @ 00002360 records: 2, size/record: 8, table size: 16
	.data: load addr=00002308, load size=00000044 bytes, run addr=20000000, run size=00000054 bytes, compression=rle
	.bss: load addr=00002358, load size=00000008 bytes, run addr=20000054, run size=00000036 bytes, compression=zero_init


LINKER GENERATED HANDLER TABLE

__TI_handler_table @ 0000234c records: 3, size/record: 4, table size: 12
	index: 0, handler: __TI_decompress_rle24
	index: 1, handler: __TI_decompress_none
	index: 2, handler: __TI_zero_init


GLOBAL SYMBOLS: SORTED ALPHABETICALLY BY Name 

address   name                                      
-------   ----                                      
00000169  ADC14_IRQHandler                          
00001ef1  ADC14_clearInterruptFlag                  
0000197d  ADC14_configureConversionMemory           
00001905  ADC14_configureMultiSequenceMode          
00001f11  ADC14_enableInterrupt                     
0000202d  ADC14_enableModule                        
00001e3d  ADC14_getEnabledInterruptStatus           
00001f51  ADC14_getInterruptStatus                  
00001c65  ADC14_getMultiSequenceResult              
00001d6d  ADC14_initModule                          
00001ca9  C$$EXIT                                   
000020c5  CPU_cpsie                                 
00001541  CS_initClockSignal                        
00001e61  CS_setDCOCenteredFrequency                
00000197  EUSCIB1_IRQHandler                        
000020e9  EUSCI_A_SPI_getInterruptStatus            
000020f1  EUSCI_B_SPI_getInterruptStatus            
00000141  EusciA0_ISR                               
00001e85  GPIO_setAsOutputPin                       
00001c1d  GPIO_setAsPeripheralModuleFunctionInputPin
00001fc9  GPIO_setOutputHighOnPin                   
00001f6d  GPIO_setOutputLowOnPin                    
00001fdd  GPIO_toggleOutputOnPin                    
0000208d  I2C_clearInterruptFlag                    
0000209b  I2C_disableInterrupt                      
000020f9  I2C_enableInterrupt                       
000020d1  I2C_enableModule                          
00002101  I2C_getEnabledInterruptStatus             
00002107  I2C_getInterruptStatus                    
00001d2d  I2C_initMaster                            
0000203d  I2C_masterIsStopSent                      
0000210d  I2C_masterReceiveMultiByteNext            
0000204d  I2C_masterReceiveMultiByteStop            
0000205d  I2C_masterReceiveStart                    
00001ea9  I2C_masterSendMultiByteNext               
00001da5  I2C_masterSendMultiByteStart              
00001ddd  I2C_masterSendMultiByteStop               
0000206d  I2C_masterSendStart                       
000020a9  I2C_setMode                               
00002119  I2C_setSlaveAddress                       
00001ff1  Interrupt_disableSleepOnIsrExit           
00001ac1  Interrupt_enableInterrupt                 
0000207d  Interrupt_enableMaster                    
000021a4  PllClockRegisters                         
UNDEFED   SHT$$INIT_ARRAY$$Base                     
UNDEFED   SHT$$INIT_ARRAY$$Limit                    
00001f31  SPI_getInterruptStatus                    
20000050  SystemCoreClock                           
00000a8d  SystemCoreClockUpdate                     
00000d01  SystemInit                                
00001ecd  UART_transmitData                         
4000480c  WDTCTL_SYM                                
00001f85  WDT_A_holdTimer                           
00001621  _Dint                                     
00002121  _LDint                                    
20010000  __STACK_END                               
00000200  __STACK_SIZE                              
00002360  __TI_CINIT_Base                           
00002370  __TI_CINIT_Limit                          
0000234c  __TI_Handler_Table_Base                   
00002358  __TI_Handler_Table_Limit                  
000019e9  __TI_auto_init                            
20000044  __TI_cleanup_ptr                          
000020b7  __TI_decompress_none                      
00002113  __TI_decompress_rle24                     
20000048  __TI_dtors_ptr                            
00000000  __TI_static_base__                        
000020dd  __TI_zero_init                            
00001805  __aeabi_cdcmpeq                           
00001805  __aeabi_cdcmple                           
00001b25  __aeabi_d2ulz                             
00001241  __aeabi_dadd                              
00001237  __aeabi_dsub                              
00001ced  __aeabi_l2d                               
00001abf  __aeabi_ldiv0                             
00001019  __aeabi_ldivmod                           
0000188b  __aeabi_memclr                            
0000188b  __aeabi_memclr4                           
0000188b  __aeabi_memclr8                           
000016e1  __aeabi_memcpy                            
000016e1  __aeabi_memcpy4                           
000016e1  __aeabi_memcpy8                           
0000188d  __aeabi_memset                            
0000188d  __aeabi_memset4                           
0000188d  __aeabi_memset8                           
ffffffff  __binit__                                 
ffffffff  __c_args__                                
2000fe00  __stack                                   
00001f9d  _args_main                                
00001b81  _c_int00                                  
2000003c  _lock                                     
00002013  _nop                                      
0000200b  _register_lock                            
00002005  _register_unlock                          
0000211d  _system_pre_init                          
20000040  _unlock                                   
00001cad  abort                                     
ffffffff  binit                                     
00001bd1  copy_in                                   
000007e7  dumpI2C                                   
00001cb5  exit                                      
00002248  firstReg                                  
0000224c  i2cConfig                                 
0000081d  initCDCE                                  
0000045d  initializeADC                             
00000415  initializeBackChannelUART                 
000003d1  initializeClocks                          
0000055d  initializeDDS                             
00000799  initializeI2C                             
00000749  initializeVersaclock                      
00000000  interruptVectors                          
000002a5  main                                      
2000004c  main_func_sp                              
000016e1  memcpy                                    
00001893  memset                                    
00000e9f  printf                                    
00000521  pulseFQ_UD                                
00000549  pulse_DDS_RST                             
00000535  pulse_W_CLK                               
00000e07  putc                                      
00000de7  puts                                      
20000030  resultsBuffer                             
0000177d  roundl                                    
00000dd5  sendByte                                  
00000661  setDDSFrequency                           
00002260  spiMasterConfig                           
000022d4  uartConfig                                
000008f1  updateVersaclockRegs                      
00000879  writeVersaClockBlock                      


GLOBAL SYMBOLS: SORTED BY Symbol Address 

address   name                                      
-------   ----                                      
00000000  __TI_static_base__                        
00000000  interruptVectors                          
00000141  EusciA0_ISR                               
00000169  ADC14_IRQHandler                          
00000197  EUSCIB1_IRQHandler                        
00000200  __STACK_SIZE                              
000002a5  main                                      
000003d1  initializeClocks                          
00000415  initializeBackChannelUART                 
0000045d  initializeADC                             
00000521  pulseFQ_UD                                
00000535  pulse_W_CLK                               
00000549  pulse_DDS_RST                             
0000055d  initializeDDS                             
00000661  setDDSFrequency                           
00000749  initializeVersaclock                      
00000799  initializeI2C                             
000007e7  dumpI2C                                   
0000081d  initCDCE                                  
00000879  writeVersaClockBlock                      
000008f1  updateVersaclockRegs                      
00000a8d  SystemCoreClockUpdate                     
00000d01  SystemInit                                
00000dd5  sendByte                                  
00000de7  puts                                      
00000e07  putc                                      
00000e9f  printf                                    
00001019  __aeabi_ldivmod                           
00001237  __aeabi_dsub                              
00001241  __aeabi_dadd                              
00001541  CS_initClockSignal                        
00001621  _Dint                                     
000016e1  __aeabi_memcpy                            
000016e1  __aeabi_memcpy4                           
000016e1  __aeabi_memcpy8                           
000016e1  memcpy                                    
0000177d  roundl                                    
00001805  __aeabi_cdcmpeq                           
00001805  __aeabi_cdcmple                           
0000188b  __aeabi_memclr                            
0000188b  __aeabi_memclr4                           
0000188b  __aeabi_memclr8                           
0000188d  __aeabi_memset                            
0000188d  __aeabi_memset4                           
0000188d  __aeabi_memset8                           
00001893  memset                                    
00001905  ADC14_configureMultiSequenceMode          
0000197d  ADC14_configureConversionMemory           
000019e9  __TI_auto_init                            
00001abf  __aeabi_ldiv0                             
00001ac1  Interrupt_enableInterrupt                 
00001b25  __aeabi_d2ulz                             
00001b81  _c_int00                                  
00001bd1  copy_in                                   
00001c1d  GPIO_setAsPeripheralModuleFunctionInputPin
00001c65  ADC14_getMultiSequenceResult              
00001ca9  C$$EXIT                                   
00001cad  abort                                     
00001cb5  exit                                      
00001ced  __aeabi_l2d                               
00001d2d  I2C_initMaster                            
00001d6d  ADC14_initModule                          
00001da5  I2C_masterSendMultiByteStart              
00001ddd  I2C_masterSendMultiByteStop               
00001e3d  ADC14_getEnabledInterruptStatus           
00001e61  CS_setDCOCenteredFrequency                
00001e85  GPIO_setAsOutputPin                       
00001ea9  I2C_masterSendMultiByteNext               
00001ecd  UART_transmitData                         
00001ef1  ADC14_clearInterruptFlag                  
00001f11  ADC14_enableInterrupt                     
00001f31  SPI_getInterruptStatus                    
00001f51  ADC14_getInterruptStatus                  
00001f6d  GPIO_setOutputLowOnPin                    
00001f85  WDT_A_holdTimer                           
00001f9d  _args_main                                
00001fc9  GPIO_setOutputHighOnPin                   
00001fdd  GPIO_toggleOutputOnPin                    
00001ff1  Interrupt_disableSleepOnIsrExit           
00002005  _register_unlock                          
0000200b  _register_lock                            
00002013  _nop                                      
0000202d  ADC14_enableModule                        
0000203d  I2C_masterIsStopSent                      
0000204d  I2C_masterReceiveMultiByteStop            
0000205d  I2C_masterReceiveStart                    
0000206d  I2C_masterSendStart                       
0000207d  Interrupt_enableMaster                    
0000208d  I2C_clearInterruptFlag                    
0000209b  I2C_disableInterrupt                      
000020a9  I2C_setMode                               
000020b7  __TI_decompress_none                      
000020c5  CPU_cpsie                                 
000020d1  I2C_enableModule                          
000020dd  __TI_zero_init                            
000020e9  EUSCI_A_SPI_getInterruptStatus            
000020f1  EUSCI_B_SPI_getInterruptStatus            
000020f9  I2C_enableInterrupt                       
00002101  I2C_getEnabledInterruptStatus             
00002107  I2C_getInterruptStatus                    
0000210d  I2C_masterReceiveMultiByteNext            
00002113  __TI_decompress_rle24                     
00002119  I2C_setSlaveAddress                       
0000211d  _system_pre_init                          
00002121  _LDint                                    
000021a4  PllClockRegisters                         
00002248  firstReg                                  
0000224c  i2cConfig                                 
00002260  spiMasterConfig                           
000022d4  uartConfig                                
0000234c  __TI_Handler_Table_Base                   
00002358  __TI_Handler_Table_Limit                  
00002360  __TI_CINIT_Base                           
00002370  __TI_CINIT_Limit                          
20000030  resultsBuffer                             
2000003c  _lock                                     
20000040  _unlock                                   
20000044  __TI_cleanup_ptr                          
20000048  __TI_dtors_ptr                            
2000004c  main_func_sp                              
20000050  SystemCoreClock                           
2000fe00  __stack                                   
20010000  __STACK_END                               
4000480c  WDTCTL_SYM                                
ffffffff  __binit__                                 
ffffffff  __c_args__                                
ffffffff  binit                                     
UNDEFED   SHT$$INIT_ARRAY$$Base                     
UNDEFED   SHT$$INIT_ARRAY$$Limit                    

[129 symbols]
