<?xml version="1.0"?>
<link_info>
   <banner>TI ARM Linker PC v5.2.5</banner>
   <copyright>Copyright (c) 1996-2015 Texas Instruments Incorporated</copyright>
   <link_time>0x573bdd80</link_time>
   <link_errors>0x0</link_errors>
   <output_file>driverlib_empty_project.out</output_file>
   <entry_point>
      <name>_c_int00</name>
      <address>0x1a29</address>
   </entry_point>
   <input_file_list>
      <input_file id="fl-2">
         <path>.\</path>
         <kind>object</kind>
         <file>main.obj</file>
         <name>main.obj</name>
      </input_file>
      <input_file id="fl-3">
         <path>.\</path>
         <kind>object</kind>
         <file>printf.obj</file>
         <name>printf.obj</name>
      </input_file>
      <input_file id="fl-4">
         <path>.\</path>
         <kind>object</kind>
         <file>printfOverride.obj</file>
         <name>printfOverride.obj</name>
      </input_file>
      <input_file id="fl-5">
         <path>.\</path>
         <kind>object</kind>
         <file>startup_msp432p401r_ccs.obj</file>
         <name>startup_msp432p401r_ccs.obj</name>
      </input_file>
      <input_file id="fl-6">
         <path>.\</path>
         <kind>object</kind>
         <file>system_msp432p401r.obj</file>
         <name>system_msp432p401r.obj</name>
      </input_file>
      <input_file id="fl-c">
         <path>Y:\Cody\Documents\TI\msp430\MSPWare_3_30_00_18\driverlib\driverlib\MSP432P4xx\ccs\</path>
         <kind>archive</kind>
         <file>msp432p4xx_driverlib.lib</file>
         <name>adc14.o</name>
      </input_file>
      <input_file id="fl-d">
         <path>Y:\Cody\Documents\TI\msp430\MSPWare_3_30_00_18\driverlib\driverlib\MSP432P4xx\ccs\</path>
         <kind>archive</kind>
         <file>msp432p4xx_driverlib.lib</file>
         <name>cs.o</name>
      </input_file>
      <input_file id="fl-e">
         <path>Y:\Cody\Documents\TI\msp430\MSPWare_3_30_00_18\driverlib\driverlib\MSP432P4xx\ccs\</path>
         <kind>archive</kind>
         <file>msp432p4xx_driverlib.lib</file>
         <name>gpio.o</name>
      </input_file>
      <input_file id="fl-f">
         <path>Y:\Cody\Documents\TI\msp430\MSPWare_3_30_00_18\driverlib\driverlib\MSP432P4xx\ccs\</path>
         <kind>archive</kind>
         <file>msp432p4xx_driverlib.lib</file>
         <name>i2c.o</name>
      </input_file>
      <input_file id="fl-10">
         <path>Y:\Cody\Documents\TI\msp430\MSPWare_3_30_00_18\driverlib\driverlib\MSP432P4xx\ccs\</path>
         <kind>archive</kind>
         <file>msp432p4xx_driverlib.lib</file>
         <name>interrupt.o</name>
      </input_file>
      <input_file id="fl-11">
         <path>Y:\Cody\Documents\TI\msp430\MSPWare_3_30_00_18\driverlib\driverlib\MSP432P4xx\ccs\</path>
         <kind>archive</kind>
         <file>msp432p4xx_driverlib.lib</file>
         <name>spi.o</name>
      </input_file>
      <input_file id="fl-12">
         <path>Y:\Cody\Documents\TI\msp430\MSPWare_3_30_00_18\driverlib\driverlib\MSP432P4xx\ccs\</path>
         <kind>archive</kind>
         <file>msp432p4xx_driverlib.lib</file>
         <name>sysctl.o</name>
      </input_file>
      <input_file id="fl-13">
         <path>Y:\Cody\Documents\TI\msp430\MSPWare_3_30_00_18\driverlib\driverlib\MSP432P4xx\ccs\</path>
         <kind>archive</kind>
         <file>msp432p4xx_driverlib.lib</file>
         <name>uart.o</name>
      </input_file>
      <input_file id="fl-14">
         <path>Y:\Cody\Documents\TI\msp430\MSPWare_3_30_00_18\driverlib\driverlib\MSP432P4xx\ccs\</path>
         <kind>archive</kind>
         <file>msp432p4xx_driverlib.lib</file>
         <name>cpu.o</name>
      </input_file>
      <input_file id="fl-136">
         <path>Y:\Cody\Documents\TI\ccsv6\tools\compiler\ti-cgt-arm_5.2.5\lib\</path>
         <kind>archive</kind>
         <file>rtsv7M4_T_le_v4SPD16_eabi.lib</file>
         <name>boot.obj</name>
      </input_file>
      <input_file id="fl-137">
         <path>Y:\Cody\Documents\TI\ccsv6\tools\compiler\ti-cgt-arm_5.2.5\lib\</path>
         <kind>archive</kind>
         <file>rtsv7M4_T_le_v4SPD16_eabi.lib</file>
         <name>copy_decompress_none.obj</name>
      </input_file>
      <input_file id="fl-138">
         <path>Y:\Cody\Documents\TI\ccsv6\tools\compiler\ti-cgt-arm_5.2.5\lib\</path>
         <kind>archive</kind>
         <file>rtsv7M4_T_le_v4SPD16_eabi.lib</file>
         <name>copy_decompress_rle.obj</name>
      </input_file>
      <input_file id="fl-139">
         <path>Y:\Cody\Documents\TI\ccsv6\tools\compiler\ti-cgt-arm_5.2.5\lib\</path>
         <kind>archive</kind>
         <file>rtsv7M4_T_le_v4SPD16_eabi.lib</file>
         <name>copy_zero_init.obj</name>
      </input_file>
      <input_file id="fl-13a">
         <path>Y:\Cody\Documents\TI\ccsv6\tools\compiler\ti-cgt-arm_5.2.5\lib\</path>
         <kind>archive</kind>
         <file>rtsv7M4_T_le_v4SPD16_eabi.lib</file>
         <name>exit.obj</name>
      </input_file>
      <input_file id="fl-13b">
         <path>Y:\Cody\Documents\TI\ccsv6\tools\compiler\ti-cgt-arm_5.2.5\lib\</path>
         <kind>archive</kind>
         <file>rtsv7M4_T_le_v4SPD16_eabi.lib</file>
         <name>fd_toull_t2.obj</name>
      </input_file>
      <input_file id="fl-13c">
         <path>Y:\Cody\Documents\TI\ccsv6\tools\compiler\ti-cgt-arm_5.2.5\lib\</path>
         <kind>archive</kind>
         <file>rtsv7M4_T_le_v4SPD16_eabi.lib</file>
         <name>ll_div_t2.obj</name>
      </input_file>
      <input_file id="fl-13d">
         <path>Y:\Cody\Documents\TI\ccsv6\tools\compiler\ti-cgt-arm_5.2.5\lib\</path>
         <kind>archive</kind>
         <file>rtsv7M4_T_le_v4SPD16_eabi.lib</file>
         <name>ll_tofd_t2.obj</name>
      </input_file>
      <input_file id="fl-13e">
         <path>Y:\Cody\Documents\TI\ccsv6\tools\compiler\ti-cgt-arm_5.2.5\lib\</path>
         <kind>archive</kind>
         <file>rtsv7M4_T_le_v4SPD16_eabi.lib</file>
         <name>memcpy_t2.obj</name>
      </input_file>
      <input_file id="fl-13f">
         <path>Y:\Cody\Documents\TI\ccsv6\tools\compiler\ti-cgt-arm_5.2.5\lib\</path>
         <kind>archive</kind>
         <file>rtsv7M4_T_le_v4SPD16_eabi.lib</file>
         <name>memset_t2.obj</name>
      </input_file>
      <input_file id="fl-140">
         <path>Y:\Cody\Documents\TI\ccsv6\tools\compiler\ti-cgt-arm_5.2.5\lib\</path>
         <kind>archive</kind>
         <file>rtsv7M4_T_le_v4SPD16_eabi.lib</file>
         <name>pre_init.obj</name>
      </input_file>
      <input_file id="fl-141">
         <path>Y:\Cody\Documents\TI\ccsv6\tools\compiler\ti-cgt-arm_5.2.5\lib\</path>
         <kind>archive</kind>
         <file>rtsv7M4_T_le_v4SPD16_eabi.lib</file>
         <name>roundl.obj</name>
      </input_file>
      <input_file id="fl-142">
         <path>Y:\Cody\Documents\TI\ccsv6\tools\compiler\ti-cgt-arm_5.2.5\lib\</path>
         <kind>archive</kind>
         <file>rtsv7M4_T_le_v4SPD16_eabi.lib</file>
         <name>stkdepth_vars.obj</name>
      </input_file>
      <input_file id="fl-143">
         <path>Y:\Cody\Documents\TI\ccsv6\tools\compiler\ti-cgt-arm_5.2.5\lib\</path>
         <kind>archive</kind>
         <file>rtsv7M4_T_le_v4SPD16_eabi.lib</file>
         <name>strlen.obj</name>
      </input_file>
      <input_file id="fl-144">
         <path>Y:\Cody\Documents\TI\ccsv6\tools\compiler\ti-cgt-arm_5.2.5\lib\</path>
         <kind>archive</kind>
         <file>rtsv7M4_T_le_v4SPD16_eabi.lib</file>
         <name>xldint.obj</name>
      </input_file>
      <input_file id="fl-145">
         <path>Y:\Cody\Documents\TI\ccsv6\tools\compiler\ti-cgt-arm_5.2.5\lib\</path>
         <kind>archive</kind>
         <file>rtsv7M4_T_le_v4SPD16_eabi.lib</file>
         <name>_lock.obj</name>
      </input_file>
      <input_file id="fl-146">
         <path>Y:\Cody\Documents\TI\ccsv6\tools\compiler\ti-cgt-arm_5.2.5\lib\</path>
         <kind>archive</kind>
         <file>rtsv7M4_T_le_v4SPD16_eabi.lib</file>
         <name>args_main.obj</name>
      </input_file>
      <input_file id="fl-147">
         <path>Y:\Cody\Documents\TI\ccsv6\tools\compiler\ti-cgt-arm_5.2.5\lib\</path>
         <kind>archive</kind>
         <file>rtsv7M4_T_le_v4SPD16_eabi.lib</file>
         <name>autoinit.obj</name>
      </input_file>
      <input_file id="fl-148">
         <path>Y:\Cody\Documents\TI\ccsv6\tools\compiler\ti-cgt-arm_5.2.5\lib\</path>
         <kind>archive</kind>
         <file>rtsv7M4_T_le_v4SPD16_eabi.lib</file>
         <name>cpy_tbl.obj</name>
      </input_file>
      <input_file id="fl-149">
         <path>Y:\Cody\Documents\TI\ccsv6\tools\compiler\ti-cgt-arm_5.2.5\lib\</path>
         <kind>archive</kind>
         <file>rtsv7M4_T_le_v4SPD16_eabi.lib</file>
         <name>fd_add_t2.obj</name>
      </input_file>
      <input_file id="fl-14a">
         <path>Y:\Cody\Documents\TI\ccsv6\tools\compiler\ti-cgt-arm_5.2.5\lib\</path>
         <kind>archive</kind>
         <file>rtsv7M4_T_le_v4SPD16_eabi.lib</file>
         <name>fd_cmp_t2.obj</name>
      </input_file>
      <input_file id="fl-14b">
         <path>Y:\Cody\Documents\TI\ccsv6\tools\compiler\ti-cgt-arm_5.2.5\lib\</path>
         <kind>archive</kind>
         <file>rtsv7M4_T_le_v4SPD16_eabi.lib</file>
         <name>l_div0.obj</name>
      </input_file>
      <input_file id="fl-14c">
         <path>Y:\Cody\Documents\TI\ccsv6\tools\compiler\ti-cgt-arm_5.2.5\lib\</path>
         <kind>archive</kind>
         <file>rtsv7M4_T_le_v4SPD16_eabi.lib</file>
         <name>xdint.obj</name>
      </input_file>
   </input_file_list>
   <object_component_list>
      <object_component id="oc-27">
         <name>.intvecs:retain</name>
         <load_address>0x0</load_address>
         <run_address>0x0</run_address>
         <size>0x140</size>
         <input_file_ref idref="fl-5"/>
      </object_component>
      <object_component id="oc-72">
         <name>.text</name>
         <load_address>0x140</load_address>
         <run_address>0x140</run_address>
         <size>0x7f4</size>
         <input_file_ref idref="fl-2"/>
      </object_component>
      <object_component id="oc-a9">
         <name>.text</name>
         <load_address>0x934</load_address>
         <run_address>0x934</run_address>
         <size>0x348</size>
         <input_file_ref idref="fl-6"/>
      </object_component>
      <object_component id="oc-11c">
         <name>.text</name>
         <load_address>0xc7c</load_address>
         <run_address>0xc7c</run_address>
         <size>0x244</size>
         <input_file_ref idref="fl-3"/>
      </object_component>
      <object_component id="oc-16a">
         <name>.text</name>
         <load_address>0xec0</load_address>
         <run_address>0xec0</run_address>
         <size>0x21e</size>
         <input_file_ref idref="fl-13c"/>
      </object_component>
      <object_component id="oc-266">
         <name>.text</name>
         <load_address>0x10de</load_address>
         <run_address>0x10de</run_address>
         <size>0x1b6</size>
         <input_file_ref idref="fl-149"/>
      </object_component>
      <object_component id="oc-24d">
         <name>.text:_getIndexForMemRegister</name>
         <load_address>0x1294</load_address>
         <run_address>0x1294</run_address>
         <size>0x154</size>
         <input_file_ref idref="fl-c"/>
      </object_component>
      <object_component id="oc-128">
         <name>.text:CS_initClockSignal</name>
         <load_address>0x13e8</load_address>
         <run_address>0x13e8</run_address>
         <size>0xe0</size>
         <input_file_ref idref="fl-d"/>
      </object_component>
      <object_component id="oc-2c6">
         <name>.text</name>
         <load_address>0x14c8</load_address>
         <run_address>0x14c8</run_address>
         <size>0xc0</size>
         <input_file_ref idref="fl-14c"/>
      </object_component>
      <object_component id="oc-2b">
         <name>.text</name>
         <load_address>0x1588</load_address>
         <run_address>0x1588</run_address>
         <size>0x9c</size>
         <input_file_ref idref="fl-13e"/>
      </object_component>
      <object_component id="oc-174">
         <name>.text</name>
         <load_address>0x1624</load_address>
         <run_address>0x1624</run_address>
         <size>0x88</size>
         <input_file_ref idref="fl-141"/>
      </object_component>
      <object_component id="oc-261">
         <name>.text:__aeabi_cdcmple</name>
         <load_address>0x16ac</load_address>
         <run_address>0x16ac</run_address>
         <size>0x86</size>
         <input_file_ref idref="fl-14a"/>
      </object_component>
      <object_component id="oc-44">
         <name>.text</name>
         <load_address>0x1732</load_address>
         <run_address>0x1732</run_address>
         <size>0x7a</size>
         <input_file_ref idref="fl-13f"/>
      </object_component>
      <object_component id="oc-14f">
         <name>.text:ADC14_configureMultiSequenceMode</name>
         <load_address>0x17ac</load_address>
         <run_address>0x17ac</run_address>
         <size>0x78</size>
         <input_file_ref idref="fl-c"/>
      </object_component>
      <object_component id="oc-155">
         <name>.text:ADC14_configureConversionMemory</name>
         <load_address>0x1824</load_address>
         <run_address>0x1824</run_address>
         <size>0x6c</size>
         <input_file_ref idref="fl-c"/>
      </object_component>
      <object_component id="oc-56">
         <name>.text</name>
         <load_address>0x1890</load_address>
         <run_address>0x1890</run_address>
         <size>0x6c</size>
         <input_file_ref idref="fl-147"/>
      </object_component>
      <object_component id="oc-37">
         <name>.text</name>
         <load_address>0x18fc</load_address>
         <run_address>0x18fc</run_address>
         <size>0x6a</size>
         <input_file_ref idref="fl-138"/>
      </object_component>
      <object_component id="oc-259">
         <name>.text</name>
         <load_address>0x1966</load_address>
         <run_address>0x1966</run_address>
         <size>0x2</size>
         <input_file_ref idref="fl-14b"/>
      </object_component>
      <object_component id="oc-134">
         <name>.text:Interrupt_enableInterrupt</name>
         <load_address>0x1968</load_address>
         <run_address>0x1968</run_address>
         <size>0x64</size>
         <input_file_ref idref="fl-10"/>
      </object_component>
      <object_component id="oc-17a">
         <name>.text</name>
         <load_address>0x19cc</load_address>
         <run_address>0x19cc</run_address>
         <size>0x5c</size>
         <input_file_ref idref="fl-13b"/>
      </object_component>
      <object_component id="oc-22">
         <name>.text</name>
         <load_address>0x1a28</load_address>
         <run_address>0x1a28</run_address>
         <size>0x50</size>
         <input_file_ref idref="fl-136"/>
      </object_component>
      <object_component id="oc-94">
         <name>.text</name>
         <load_address>0x1a78</load_address>
         <run_address>0x1a78</run_address>
         <size>0x4c</size>
         <input_file_ref idref="fl-148"/>
      </object_component>
      <object_component id="oc-12e">
         <name>.text:GPIO_setAsPeripheralModuleFunctionInputPin</name>
         <load_address>0x1ac4</load_address>
         <run_address>0x1ac4</run_address>
         <size>0x48</size>
         <input_file_ref idref="fl-e"/>
      </object_component>
      <object_component id="oc-c8">
         <name>.text:ADC14_getMultiSequenceResult</name>
         <load_address>0x1b0c</load_address>
         <run_address>0x1b0c</run_address>
         <size>0x44</size>
         <input_file_ref idref="fl-c"/>
      </object_component>
      <object_component id="oc-62">
         <name>.text</name>
         <load_address>0x1b50</load_address>
         <run_address>0x1b50</run_address>
         <size>0x44</size>
         <input_file_ref idref="fl-13a"/>
      </object_component>
      <object_component id="oc-16f">
         <name>.text</name>
         <load_address>0x1b94</load_address>
         <run_address>0x1b94</run_address>
         <size>0x40</size>
         <input_file_ref idref="fl-13d"/>
      </object_component>
      <object_component id="oc-188">
         <name>.text:I2C_initMaster</name>
         <load_address>0x1bd4</load_address>
         <run_address>0x1bd4</run_address>
         <size>0x3e</size>
         <input_file_ref idref="fl-f"/>
      </object_component>
      <object_component id="oc-149">
         <name>.text:ADC14_initModule</name>
         <load_address>0x1c14</load_address>
         <run_address>0x1c14</run_address>
         <size>0x38</size>
         <input_file_ref idref="fl-c"/>
      </object_component>
      <object_component id="oc-1a0">
         <name>.text:I2C_masterSendMultiByteStart</name>
         <load_address>0x1c4c</load_address>
         <run_address>0x1c4c</run_address>
         <size>0x38</size>
         <input_file_ref idref="fl-f"/>
      </object_component>
      <object_component id="oc-e6">
         <name>.text:I2C_masterSendMultiByteStop</name>
         <load_address>0x1c84</load_address>
         <run_address>0x1c84</run_address>
         <size>0x30</size>
         <input_file_ref idref="fl-f"/>
      </object_component>
      <object_component id="oc-273">
         <name>.text:is_A_Module</name>
         <load_address>0x1cb4</load_address>
         <run_address>0x1cb4</run_address>
         <size>0x30</size>
         <input_file_ref idref="fl-11"/>
      </object_component>
      <object_component id="oc-bc">
         <name>.text:ADC14_getEnabledInterruptStatus</name>
         <load_address>0x1ce4</load_address>
         <run_address>0x1ce4</run_address>
         <size>0x24</size>
         <input_file_ref idref="fl-c"/>
      </object_component>
      <object_component id="oc-122">
         <name>.text:CS_setDCOCenteredFrequency</name>
         <load_address>0x1d08</load_address>
         <run_address>0x1d08</run_address>
         <size>0x24</size>
         <input_file_ref idref="fl-d"/>
      </object_component>
      <object_component id="oc-164">
         <name>.text:GPIO_setAsOutputPin</name>
         <load_address>0x1d2c</load_address>
         <run_address>0x1d2c</run_address>
         <size>0x24</size>
         <input_file_ref idref="fl-e"/>
      </object_component>
      <object_component id="oc-e0">
         <name>.text:I2C_masterSendMultiByteNext</name>
         <load_address>0x1d50</load_address>
         <run_address>0x1d50</run_address>
         <size>0x24</size>
         <input_file_ref idref="fl-f"/>
      </object_component>
      <object_component id="oc-20d">
         <name>.text:UART_transmitData</name>
         <load_address>0x1d74</load_address>
         <run_address>0x1d74</run_address>
         <size>0x24</size>
         <input_file_ref idref="fl-13"/>
      </object_component>
      <object_component id="oc-c2">
         <name>.text:ADC14_clearInterruptFlag</name>
         <load_address>0x1d98</load_address>
         <run_address>0x1d98</run_address>
         <size>0x20</size>
         <input_file_ref idref="fl-c"/>
      </object_component>
      <object_component id="oc-15b">
         <name>.text:ADC14_enableInterrupt</name>
         <load_address>0x1db8</load_address>
         <run_address>0x1db8</run_address>
         <size>0x20</size>
         <input_file_ref idref="fl-c"/>
      </object_component>
      <object_component id="oc-17f">
         <name>.text:SPI_getInterruptStatus</name>
         <load_address>0x1dd8</load_address>
         <run_address>0x1dd8</run_address>
         <size>0x20</size>
         <input_file_ref idref="fl-11"/>
      </object_component>
      <object_component id="oc-1e6">
         <name>.text:ADC14_getInterruptStatus</name>
         <load_address>0x1df8</load_address>
         <run_address>0x1df8</run_address>
         <size>0x1c</size>
         <input_file_ref idref="fl-c"/>
      </object_component>
      <object_component id="oc-b6">
         <name>.text:GPIO_setOutputLowOnPin</name>
         <load_address>0x1e14</load_address>
         <run_address>0x1e14</run_address>
         <size>0x18</size>
         <input_file_ref idref="fl-e"/>
      </object_component>
      <object_component id="oc-5c">
         <name>.text</name>
         <load_address>0x1e2c</load_address>
         <run_address>0x1e2c</run_address>
         <size>0x18</size>
         <input_file_ref idref="fl-146"/>
      </object_component>
      <object_component id="oc-246">
         <name>.text:ADCIsConversionRunning</name>
         <load_address>0x1e44</load_address>
         <run_address>0x1e44</run_address>
         <size>0x14</size>
         <input_file_ref idref="fl-c"/>
      </object_component>
      <object_component id="oc-b0">
         <name>.text:GPIO_setOutputHighOnPin</name>
         <load_address>0x1e58</load_address>
         <run_address>0x1e58</run_address>
         <size>0x14</size>
         <input_file_ref idref="fl-e"/>
      </object_component>
      <object_component id="oc-ec">
         <name>.text:Interrupt_disableSleepOnIsrExit</name>
         <load_address>0x1e6c</load_address>
         <run_address>0x1e6c</run_address>
         <size>0x14</size>
         <input_file_ref idref="fl-10"/>
      </object_component>
      <object_component id="oc-1ce">
         <name>.text</name>
         <load_address>0x1e80</load_address>
         <run_address>0x1e80</run_address>
         <size>0x14</size>
         <input_file_ref idref="fl-145"/>
      </object_component>
      <object_component id="oc-6c">
         <name>.text</name>
         <load_address>0x1e94</load_address>
         <run_address>0x1e94</run_address>
         <size>0x12</size>
         <input_file_ref idref="fl-5"/>
      </object_component>
      <object_component id="oc-143">
         <name>.text:ADC14_enableModule</name>
         <load_address>0x1ea8</load_address>
         <run_address>0x1ea8</run_address>
         <size>0x10</size>
         <input_file_ref idref="fl-c"/>
      </object_component>
      <object_component id="oc-19a">
         <name>.text:I2C_masterIsStopSent</name>
         <load_address>0x1eb8</load_address>
         <run_address>0x1eb8</run_address>
         <size>0x10</size>
         <input_file_ref idref="fl-f"/>
      </object_component>
      <object_component id="oc-10a">
         <name>.text:I2C_masterReceiveMultiByteStop</name>
         <load_address>0x1ec8</load_address>
         <run_address>0x1ec8</run_address>
         <size>0x10</size>
         <input_file_ref idref="fl-f"/>
      </object_component>
      <object_component id="oc-fe">
         <name>.text:I2C_masterReceiveStart</name>
         <load_address>0x1ed8</load_address>
         <run_address>0x1ed8</run_address>
         <size>0x10</size>
         <input_file_ref idref="fl-f"/>
      </object_component>
      <object_component id="oc-da">
         <name>.text:I2C_masterSendStart</name>
         <load_address>0x1ee8</load_address>
         <run_address>0x1ee8</run_address>
         <size>0x10</size>
         <input_file_ref idref="fl-f"/>
      </object_component>
      <object_component id="oc-116">
         <name>.text:Interrupt_enableMaster</name>
         <load_address>0x1ef8</load_address>
         <run_address>0x1ef8</run_address>
         <size>0x10</size>
         <input_file_ref idref="fl-10"/>
      </object_component>
      <object_component id="oc-d4">
         <name>.text:I2C_clearInterruptFlag</name>
         <load_address>0x1f08</load_address>
         <run_address>0x1f08</run_address>
         <size>0xe</size>
         <input_file_ref idref="fl-f"/>
      </object_component>
      <object_component id="oc-f2">
         <name>.text:I2C_disableInterrupt</name>
         <load_address>0x1f16</load_address>
         <run_address>0x1f16</run_address>
         <size>0xe</size>
         <input_file_ref idref="fl-f"/>
      </object_component>
      <object_component id="oc-f8">
         <name>.text:I2C_setMode</name>
         <load_address>0x1f24</load_address>
         <run_address>0x1f24</run_address>
         <size>0xe</size>
         <input_file_ref idref="fl-f"/>
      </object_component>
      <object_component id="oc-10">
         <name>.text:decompress:none</name>
         <load_address>0x1f32</load_address>
         <run_address>0x1f32</run_address>
         <size>0xe</size>
         <input_file_ref idref="fl-137"/>
      </object_component>
      <object_component id="oc-206">
         <name>.text:CPU_cpsie</name>
         <load_address>0x1f40</load_address>
         <run_address>0x1f40</run_address>
         <size>0xc</size>
         <input_file_ref idref="fl-14"/>
      </object_component>
      <object_component id="oc-194">
         <name>.text:I2C_enableModule</name>
         <load_address>0x1f4c</load_address>
         <run_address>0x1f4c</run_address>
         <size>0xc</size>
         <input_file_ref idref="fl-f"/>
      </object_component>
      <object_component id="oc-1c">
         <name>.text:decompress:ZI</name>
         <load_address>0x1f58</load_address>
         <run_address>0x1f58</run_address>
         <size>0xc</size>
         <input_file_ref idref="fl-139"/>
      </object_component>
      <object_component id="oc-279">
         <name>.text:EUSCI_A_SPI_getInterruptStatus</name>
         <load_address>0x1f64</load_address>
         <run_address>0x1f64</run_address>
         <size>0x8</size>
         <input_file_ref idref="fl-11"/>
      </object_component>
      <object_component id="oc-27f">
         <name>.text:EUSCI_B_SPI_getInterruptStatus</name>
         <load_address>0x1f6c</load_address>
         <run_address>0x1f6c</run_address>
         <size>0x8</size>
         <input_file_ref idref="fl-11"/>
      </object_component>
      <object_component id="oc-104">
         <name>.text:I2C_enableInterrupt</name>
         <load_address>0x1f74</load_address>
         <run_address>0x1f74</run_address>
         <size>0x8</size>
         <input_file_ref idref="fl-f"/>
      </object_component>
      <object_component id="oc-ce">
         <name>.text:I2C_getEnabledInterruptStatus</name>
         <load_address>0x1f7c</load_address>
         <run_address>0x1f7c</run_address>
         <size>0x6</size>
         <input_file_ref idref="fl-f"/>
      </object_component>
      <object_component id="oc-1f3">
         <name>.text:I2C_getInterruptStatus</name>
         <load_address>0x1f82</load_address>
         <run_address>0x1f82</run_address>
         <size>0x6</size>
         <input_file_ref idref="fl-f"/>
      </object_component>
      <object_component id="oc-110">
         <name>.text:I2C_masterReceiveMultiByteNext</name>
         <load_address>0x1f88</load_address>
         <run_address>0x1f88</run_address>
         <size>0x6</size>
         <input_file_ref idref="fl-f"/>
      </object_component>
      <object_component id="oc-16">
         <name>.text:decompress:rle24</name>
         <load_address>0x1f8e</load_address>
         <run_address>0x1f8e</run_address>
         <size>0x6</size>
         <input_file_ref idref="fl-138"/>
      </object_component>
      <object_component id="oc-18e">
         <name>.text:I2C_setSlaveAddress</name>
         <load_address>0x1f94</load_address>
         <run_address>0x1f94</run_address>
         <size>0x4</size>
         <input_file_ref idref="fl-f"/>
      </object_component>
      <object_component id="oc-50">
         <name>.text</name>
         <load_address>0x1f98</load_address>
         <run_address>0x1f98</run_address>
         <size>0x4</size>
         <input_file_ref idref="fl-140"/>
      </object_component>
      <object_component id="oc-26b">
         <name>.text</name>
         <load_address>0x1f9c</load_address>
         <run_address>0x1f9c</run_address>
         <size>0x4</size>
         <input_file_ref idref="fl-144"/>
      </object_component>
      <object_component id="oc-1ee">
         <name>.const:_ctlRegs</name>
         <load_address>0x1fa0</load_address>
         <run_address>0x1fa0</run_address>
         <size>0x80</size>
         <input_file_ref idref="fl-c"/>
      </object_component>
      <object_component id="oc-1a9">
         <name>.const:PllClockRegisters</name>
         <load_address>0x2020</load_address>
         <run_address>0x2020</run_address>
         <size>0x64</size>
         <input_file_ref idref="fl-2"/>
      </object_component>
      <object_component id="oc-223">
         <name>.const</name>
         <load_address>0x2084</load_address>
         <run_address>0x2084</run_address>
         <size>0x40</size>
         <input_file_ref idref="fl-10"/>
      </object_component>
      <object_component id="oc-1a6">
         <name>.const</name>
         <load_address>0x20c4</load_address>
         <run_address>0x20c4</run_address>
         <size>0x34</size>
         <input_file_ref idref="fl-2"/>
      </object_component>
      <object_component id="oc-2d5">
         <name>.const</name>
         <load_address>0x20f8</load_address>
         <run_address>0x20f8</run_address>
         <size>0x30</size>
         <input_file_ref idref="fl-14c"/>
      </object_component>
      <object_component id="oc-214">
         <name>.const:dv</name>
         <load_address>0x2128</load_address>
         <run_address>0x2128</run_address>
         <size>0x28</size>
         <input_file_ref idref="fl-3"/>
      </object_component>
      <object_component id="oc-185">
         <name>.const:uartConfig</name>
         <load_address>0x2150</load_address>
         <run_address>0x2150</run_address>
         <size>0x24</size>
         <input_file_ref idref="fl-2"/>
      </object_component>
      <object_component id="oc-213">
         <name>.const:.string</name>
         <load_address>0x2174</load_address>
         <run_address>0x2174</run_address>
         <size>0x10</size>
         <input_file_ref idref="fl-3"/>
      </object_component>
      <object_component id="oc-301">
         <name>.cinit..data.load</name>
         <load_address>0x2188</load_address>
         <run_address>0x2188</run_address>
         <size>0x44</size>
      </object_component>
      <object_component id="oc-2ff">
         <name>__TI_handler_table</name>
         <load_address>0x21cc</load_address>
         <run_address>0x21cc</run_address>
         <size>0xc</size>
      </object_component>
      <object_component id="oc-302">
         <name>.cinit..bss.load</name>
         <load_address>0x21d8</load_address>
         <run_address>0x21d8</run_address>
         <size>0x8</size>
      </object_component>
      <object_component id="oc-300">
         <name>__TI_cinit_table</name>
         <load_address>0x21e0</load_address>
         <run_address>0x21e0</run_address>
         <size>0x10</size>
      </object_component>
      <object_component id="oc-2a">
         <name>.stack</name>
         <uninitialized>true</uninitialized>
         <run_address>0x2000fe00</run_address>
         <size>0x0</size>
         <input_file_ref idref="fl-136"/>
      </object_component>
      <object_component id="oc-303">
         <name>.stack</name>
         <uninitialized>true</uninitialized>
         <run_address>0x2000fe00</run_address>
         <size>0x0</size>
      </object_component>
      <object_component id="oc-161">
         <name>.bss:RXData</name>
         <uninitialized>true</uninitialized>
         <run_address>0x20000054</run_address>
         <size>0x2c</size>
         <input_file_ref idref="fl-2"/>
      </object_component>
      <object_component id="oc-140">
         <name>.common:TXByteCtr</name>
         <uninitialized>true</uninitialized>
         <run_address>0x20000088</run_address>
         <size>0x1</size>
      </object_component>
      <object_component id="oc-142">
         <name>.common:TXData</name>
         <uninitialized>true</uninitialized>
         <run_address>0x20000080</run_address>
         <size>0x4</size>
      </object_component>
      <object_component id="oc-141">
         <name>.common:xferIndex</name>
         <uninitialized>true</uninitialized>
         <run_address>0x20000084</run_address>
         <size>0x4</size>
      </object_component>
      <object_component id="oc-13d">
         <name>.common:justSending</name>
         <uninitialized>true</uninitialized>
         <run_address>0x20000089</run_address>
         <size>0x1</size>
      </object_component>
      <object_component id="oc-13a">
         <name>.data</name>
         <load_address>0x20000030</load_address>
         <run_address>0x20000030</run_address>
         <size>0xc</size>
         <input_file_ref idref="fl-2"/>
      </object_component>
      <object_component id="oc-1dc">
         <name>.data</name>
         <load_address>0x20000050</load_address>
         <run_address>0x20000050</run_address>
         <size>0x4</size>
         <input_file_ref idref="fl-6"/>
      </object_component>
      <object_component id="oc-1e0">
         <name>.data:GPIO_PORT_TO_BASE</name>
         <load_address>0x20000000</load_address>
         <run_address>0x20000000</run_address>
         <size>0x30</size>
         <input_file_ref idref="fl-e"/>
      </object_component>
      <object_component id="oc-a1">
         <name>.data</name>
         <load_address>0x20000044</load_address>
         <run_address>0x20000044</run_address>
         <size>0x8</size>
         <input_file_ref idref="fl-13a"/>
      </object_component>
      <object_component id="oc-68">
         <name>.data</name>
         <load_address>0x2000004c</load_address>
         <run_address>0x2000004c</run_address>
         <size>0x4</size>
         <input_file_ref idref="fl-142"/>
      </object_component>
      <object_component id="oc-9e">
         <name>.data</name>
         <load_address>0x2000003c</load_address>
         <run_address>0x2000003c</run_address>
         <size>0x8</size>
         <input_file_ref idref="fl-145"/>
      </object_component>
      <object_component id="oc-13e">
         <name>.debug_info</name>
         <load_address>0x0</load_address>
         <run_address>0x0</run_address>
         <size>0xe38</size>
         <input_file_ref idref="fl-2"/>
      </object_component>
      <object_component id="oc-1a7">
         <name>.debug_info</name>
         <load_address>0xe38</load_address>
         <run_address>0xe38</run_address>
         <size>0x12b</size>
         <input_file_ref idref="fl-2"/>
      </object_component>
      <object_component id="oc-162">
         <name>.debug_info</name>
         <load_address>0xf63</load_address>
         <run_address>0xf63</run_address>
         <size>0xd4</size>
         <input_file_ref idref="fl-2"/>
      </object_component>
      <object_component id="oc-1aa">
         <name>.debug_info</name>
         <load_address>0x1037</load_address>
         <run_address>0x1037</run_address>
         <size>0xeb</size>
         <input_file_ref idref="fl-2"/>
      </object_component>
      <object_component id="oc-13b">
         <name>.debug_info</name>
         <load_address>0x1122</load_address>
         <run_address>0x1122</run_address>
         <size>0xe3</size>
         <input_file_ref idref="fl-2"/>
      </object_component>
      <object_component id="oc-186">
         <name>.debug_info</name>
         <load_address>0x1205</load_address>
         <run_address>0x1205</run_address>
         <size>0xdd</size>
         <input_file_ref idref="fl-2"/>
      </object_component>
      <object_component id="oc-73">
         <name>.debug_info</name>
         <load_address>0x12e2</load_address>
         <run_address>0x12e2</run_address>
         <size>0x1315</size>
         <input_file_ref idref="fl-2"/>
      </object_component>
      <object_component id="oc-22c">
         <name>.debug_info</name>
         <load_address>0x25f7</load_address>
         <run_address>0x25f7</run_address>
         <size>0x9a</size>
         <input_file_ref idref="fl-2"/>
      </object_component>
      <object_component id="oc-231">
         <name>.debug_info</name>
         <load_address>0x2691</load_address>
         <run_address>0x2691</run_address>
         <size>0x103c</size>
         <input_file_ref idref="fl-2"/>
      </object_component>
      <object_component id="oc-2b8">
         <name>.debug_info</name>
         <load_address>0x36cd</load_address>
         <run_address>0x36cd</run_address>
         <size>0x1b5</size>
         <input_file_ref idref="fl-2"/>
      </object_component>
      <object_component id="oc-236">
         <name>.debug_info</name>
         <load_address>0x3882</load_address>
         <run_address>0x3882</run_address>
         <size>0xb3</size>
         <input_file_ref idref="fl-2"/>
      </object_component>
      <object_component id="oc-1ad">
         <name>.debug_info</name>
         <load_address>0x3935</load_address>
         <run_address>0x3935</run_address>
         <size>0x8b</size>
         <input_file_ref idref="fl-2"/>
      </object_component>
      <object_component id="oc-1b2">
         <name>.debug_info</name>
         <load_address>0x39c0</load_address>
         <run_address>0x39c0</run_address>
         <size>0x18b</size>
         <input_file_ref idref="fl-2"/>
      </object_component>
      <object_component id="oc-8b">
         <name>.debug_info</name>
         <load_address>0x3b4b</load_address>
         <run_address>0x3b4b</run_address>
         <size>0x2c</size>
         <input_file_ref idref="fl-2"/>
      </object_component>
      <object_component id="oc-219">
         <name>.debug_info</name>
         <load_address>0x3b77</load_address>
         <run_address>0x3b77</run_address>
         <size>0x4e</size>
         <input_file_ref idref="fl-2"/>
      </object_component>
      <object_component id="oc-23b">
         <name>.debug_info</name>
         <load_address>0x3bc5</load_address>
         <run_address>0x3bc5</run_address>
         <size>0x131</size>
         <input_file_ref idref="fl-2"/>
      </object_component>
      <object_component id="oc-240">
         <name>.debug_info</name>
         <load_address>0x3cf6</load_address>
         <run_address>0x3cf6</run_address>
         <size>0xee</size>
         <input_file_ref idref="fl-2"/>
      </object_component>
      <object_component id="oc-218">
         <name>.debug_info</name>
         <load_address>0x3de4</load_address>
         <run_address>0x3de4</run_address>
         <size>0x3d8</size>
         <input_file_ref idref="fl-3"/>
      </object_component>
      <object_component id="oc-215">
         <name>.debug_info</name>
         <load_address>0x41bc</load_address>
         <run_address>0x41bc</run_address>
         <size>0xce</size>
         <input_file_ref idref="fl-3"/>
      </object_component>
      <object_component id="oc-11e">
         <name>.debug_info</name>
         <load_address>0x428a</load_address>
         <run_address>0x428a</run_address>
         <size>0x439</size>
         <input_file_ref idref="fl-3"/>
      </object_component>
      <object_component id="oc-83">
         <name>.debug_info</name>
         <load_address>0x46c3</load_address>
         <run_address>0x46c3</run_address>
         <size>0x84</size>
         <input_file_ref idref="fl-3"/>
      </object_component>
      <object_component id="oc-7a">
         <name>.debug_info</name>
         <load_address>0x4747</load_address>
         <run_address>0x4747</run_address>
         <size>0x19d</size>
         <input_file_ref idref="fl-5"/>
      </object_component>
      <object_component id="oc-28">
         <name>.debug_info</name>
         <load_address>0x48e4</load_address>
         <run_address>0x48e4</run_address>
         <size>0xfc</size>
         <input_file_ref idref="fl-5"/>
      </object_component>
      <object_component id="oc-6d">
         <name>.debug_info</name>
         <load_address>0x49e0</load_address>
         <run_address>0x49e0</run_address>
         <size>0x263</size>
         <input_file_ref idref="fl-5"/>
      </object_component>
      <object_component id="oc-1dd">
         <name>.debug_info</name>
         <load_address>0x4c43</load_address>
         <run_address>0x4c43</run_address>
         <size>0xf5</size>
         <input_file_ref idref="fl-6"/>
      </object_component>
      <object_component id="oc-aa">
         <name>.debug_info</name>
         <load_address>0x4d38</load_address>
         <run_address>0x4d38</run_address>
         <size>0x267</size>
         <input_file_ref idref="fl-6"/>
      </object_component>
      <object_component id="oc-1f2">
         <name>.debug_info</name>
         <load_address>0x4f9f</load_address>
         <run_address>0x4f9f</run_address>
         <size>0x4ad</size>
         <input_file_ref idref="fl-c"/>
      </object_component>
      <object_component id="oc-1ef">
         <name>.debug_info</name>
         <load_address>0x544c</load_address>
         <run_address>0x544c</run_address>
         <size>0xb9</size>
         <input_file_ref idref="fl-c"/>
      </object_component>
      <object_component id="oc-24a">
         <name>.debug_info</name>
         <load_address>0x5505</load_address>
         <run_address>0x5505</run_address>
         <size>0xff</size>
         <input_file_ref idref="fl-c"/>
      </object_component>
      <object_component id="oc-14d">
         <name>.debug_info</name>
         <load_address>0x5604</load_address>
         <run_address>0x5604</run_address>
         <size>0x23d</size>
         <input_file_ref idref="fl-c"/>
      </object_component>
      <object_component id="oc-251">
         <name>.debug_info</name>
         <load_address>0x5841</load_address>
         <run_address>0x5841</run_address>
         <size>0x1d0</size>
         <input_file_ref idref="fl-c"/>
      </object_component>
      <object_component id="oc-cc">
         <name>.debug_info</name>
         <load_address>0x5a11</load_address>
         <run_address>0x5a11</run_address>
         <size>0x15b</size>
         <input_file_ref idref="fl-c"/>
      </object_component>
      <object_component id="oc-1ea">
         <name>.debug_info</name>
         <load_address>0x5b6c</load_address>
         <run_address>0x5b6c</run_address>
         <size>0x11c</size>
         <input_file_ref idref="fl-c"/>
      </object_component>
      <object_component id="oc-c0">
         <name>.debug_info</name>
         <load_address>0x5c88</load_address>
         <run_address>0x5c88</run_address>
         <size>0x145</size>
         <input_file_ref idref="fl-c"/>
      </object_component>
      <object_component id="oc-147">
         <name>.debug_info</name>
         <load_address>0x5dcd</load_address>
         <run_address>0x5dcd</run_address>
         <size>0xf4</size>
         <input_file_ref idref="fl-c"/>
      </object_component>
      <object_component id="oc-15f">
         <name>.debug_info</name>
         <load_address>0x5ec1</load_address>
         <run_address>0x5ec1</run_address>
         <size>0x10e</size>
         <input_file_ref idref="fl-c"/>
      </object_component>
      <object_component id="oc-152">
         <name>.debug_info</name>
         <load_address>0x5fcf</load_address>
         <run_address>0x5fcf</run_address>
         <size>0x21e</size>
         <input_file_ref idref="fl-c"/>
      </object_component>
      <object_component id="oc-158">
         <name>.debug_info</name>
         <load_address>0x61ed</load_address>
         <run_address>0x61ed</run_address>
         <size>0x27e</size>
         <input_file_ref idref="fl-c"/>
      </object_component>
      <object_component id="oc-c5">
         <name>.debug_info</name>
         <load_address>0x646b</load_address>
         <run_address>0x646b</run_address>
         <size>0x114</size>
         <input_file_ref idref="fl-c"/>
      </object_component>
      <object_component id="oc-2a2">
         <name>.debug_info</name>
         <load_address>0x657f</load_address>
         <run_address>0x657f</run_address>
         <size>0x103e</size>
         <input_file_ref idref="fl-c"/>
      </object_component>
      <object_component id="oc-21f">
         <name>.debug_info</name>
         <load_address>0x75bd</load_address>
         <run_address>0x75bd</run_address>
         <size>0x5e9</size>
         <input_file_ref idref="fl-d"/>
      </object_component>
      <object_component id="oc-124">
         <name>.debug_info</name>
         <load_address>0x7ba6</load_address>
         <run_address>0x7ba6</run_address>
         <size>0x12c</size>
         <input_file_ref idref="fl-d"/>
      </object_component>
      <object_component id="oc-12a">
         <name>.debug_info</name>
         <load_address>0x7cd2</load_address>
         <run_address>0x7cd2</run_address>
         <size>0x1b3</size>
         <input_file_ref idref="fl-d"/>
      </object_component>
      <object_component id="oc-1e4">
         <name>.debug_info</name>
         <load_address>0x7e85</load_address>
         <run_address>0x7e85</run_address>
         <size>0x49e</size>
         <input_file_ref idref="fl-e"/>
      </object_component>
      <object_component id="oc-1e1">
         <name>.debug_info</name>
         <load_address>0x8323</load_address>
         <run_address>0x8323</run_address>
         <size>0xca</size>
         <input_file_ref idref="fl-e"/>
      </object_component>
      <object_component id="oc-b7">
         <name>.debug_info</name>
         <load_address>0x83ed</load_address>
         <run_address>0x83ed</run_address>
         <size>0x17d</size>
         <input_file_ref idref="fl-e"/>
      </object_component>
      <object_component id="oc-b1">
         <name>.debug_info</name>
         <load_address>0x856a</load_address>
         <run_address>0x856a</run_address>
         <size>0x17f</size>
         <input_file_ref idref="fl-e"/>
      </object_component>
      <object_component id="oc-12f">
         <name>.debug_info</name>
         <load_address>0x86e9</load_address>
         <run_address>0x86e9</run_address>
         <size>0x1d5</size>
         <input_file_ref idref="fl-e"/>
      </object_component>
      <object_component id="oc-165">
         <name>.debug_info</name>
         <load_address>0x88be</load_address>
         <run_address>0x88be</run_address>
         <size>0x196</size>
         <input_file_ref idref="fl-e"/>
      </object_component>
      <object_component id="oc-1fa">
         <name>.debug_info</name>
         <load_address>0x8a54</load_address>
         <run_address>0x8a54</run_address>
         <size>0x4a6</size>
         <input_file_ref idref="fl-f"/>
      </object_component>
      <object_component id="oc-18f">
         <name>.debug_info</name>
         <load_address>0x8efa</load_address>
         <run_address>0x8efa</run_address>
         <size>0x17c</size>
         <input_file_ref idref="fl-f"/>
      </object_component>
      <object_component id="oc-f9">
         <name>.debug_info</name>
         <load_address>0x9076</load_address>
         <run_address>0x9076</run_address>
         <size>0x14c</size>
         <input_file_ref idref="fl-f"/>
      </object_component>
      <object_component id="oc-db">
         <name>.debug_info</name>
         <load_address>0x91c2</load_address>
         <run_address>0x91c2</run_address>
         <size>0x13d</size>
         <input_file_ref idref="fl-f"/>
      </object_component>
      <object_component id="oc-e7">
         <name>.debug_info</name>
         <load_address>0x92ff</load_address>
         <run_address>0x92ff</run_address>
         <size>0x14d</size>
         <input_file_ref idref="fl-f"/>
      </object_component>
      <object_component id="oc-1a1">
         <name>.debug_info</name>
         <load_address>0x944c</load_address>
         <run_address>0x944c</run_address>
         <size>0x196</size>
         <input_file_ref idref="fl-f"/>
      </object_component>
      <object_component id="oc-e1">
         <name>.debug_info</name>
         <load_address>0x95e2</load_address>
         <run_address>0x95e2</run_address>
         <size>0x177</size>
         <input_file_ref idref="fl-f"/>
      </object_component>
      <object_component id="oc-ff">
         <name>.debug_info</name>
         <load_address>0x9759</load_address>
         <run_address>0x9759</run_address>
         <size>0x143</size>
         <input_file_ref idref="fl-f"/>
      </object_component>
      <object_component id="oc-10b">
         <name>.debug_info</name>
         <load_address>0x989c</load_address>
         <run_address>0x989c</run_address>
         <size>0x153</size>
         <input_file_ref idref="fl-f"/>
      </object_component>
      <object_component id="oc-111">
         <name>.debug_info</name>
         <load_address>0x99ef</load_address>
         <run_address>0x99ef</run_address>
         <size>0x157</size>
         <input_file_ref idref="fl-f"/>
      </object_component>
      <object_component id="oc-19b">
         <name>.debug_info</name>
         <load_address>0x9b46</load_address>
         <run_address>0x9b46</run_address>
         <size>0x143</size>
         <input_file_ref idref="fl-f"/>
      </object_component>
      <object_component id="oc-189">
         <name>.debug_info</name>
         <load_address>0x9c89</load_address>
         <run_address>0x9c89</run_address>
         <size>0x15a</size>
         <input_file_ref idref="fl-f"/>
      </object_component>
      <object_component id="oc-1f4">
         <name>.debug_info</name>
         <load_address>0x9de3</load_address>
         <run_address>0x9de3</run_address>
         <size>0x169</size>
         <input_file_ref idref="fl-f"/>
      </object_component>
      <object_component id="oc-cf">
         <name>.debug_info</name>
         <load_address>0x9f4c</load_address>
         <run_address>0x9f4c</run_address>
         <size>0x16d</size>
         <input_file_ref idref="fl-f"/>
      </object_component>
      <object_component id="oc-195">
         <name>.debug_info</name>
         <load_address>0xa0b9</load_address>
         <run_address>0xa0b9</run_address>
         <size>0x134</size>
         <input_file_ref idref="fl-f"/>
      </object_component>
      <object_component id="oc-105">
         <name>.debug_info</name>
         <load_address>0xa1ed</load_address>
         <run_address>0xa1ed</run_address>
         <size>0x15f</size>
         <input_file_ref idref="fl-f"/>
      </object_component>
      <object_component id="oc-f3">
         <name>.debug_info</name>
         <load_address>0xa34c</load_address>
         <run_address>0xa34c</run_address>
         <size>0x161</size>
         <input_file_ref idref="fl-f"/>
      </object_component>
      <object_component id="oc-d5">
         <name>.debug_info</name>
         <load_address>0xa4ad</load_address>
         <run_address>0xa4ad</run_address>
         <size>0x165</size>
         <input_file_ref idref="fl-f"/>
      </object_component>
      <object_component id="oc-227">
         <name>.debug_info</name>
         <load_address>0xa612</load_address>
         <run_address>0xa612</run_address>
         <size>0x42c</size>
         <input_file_ref idref="fl-10"/>
      </object_component>
      <object_component id="oc-224">
         <name>.debug_info</name>
         <load_address>0xaa3e</load_address>
         <run_address>0xaa3e</run_address>
         <size>0x16d</size>
         <input_file_ref idref="fl-10"/>
      </object_component>
      <object_component id="oc-11a">
         <name>.debug_info</name>
         <load_address>0xabab</load_address>
         <run_address>0xabab</run_address>
         <size>0x11c</size>
         <input_file_ref idref="fl-10"/>
      </object_component>
      <object_component id="oc-138">
         <name>.debug_info</name>
         <load_address>0xacc7</load_address>
         <run_address>0xacc7</run_address>
         <size>0x165</size>
         <input_file_ref idref="fl-10"/>
      </object_component>
      <object_component id="oc-f0">
         <name>.debug_info</name>
         <load_address>0xae2c</load_address>
         <run_address>0xae2c</run_address>
         <size>0x11d</size>
         <input_file_ref idref="fl-10"/>
      </object_component>
      <object_component id="oc-286">
         <name>.debug_info</name>
         <load_address>0xaf49</load_address>
         <run_address>0xaf49</run_address>
         <size>0x4ab</size>
         <input_file_ref idref="fl-11"/>
      </object_component>
      <object_component id="oc-274">
         <name>.debug_info</name>
         <load_address>0xb3f4</load_address>
         <run_address>0xb3f4</run_address>
         <size>0x10d</size>
         <input_file_ref idref="fl-11"/>
      </object_component>
      <object_component id="oc-27a">
         <name>.debug_info</name>
         <load_address>0xb501</load_address>
         <run_address>0xb501</run_address>
         <size>0x16d</size>
         <input_file_ref idref="fl-11"/>
      </object_component>
      <object_component id="oc-280">
         <name>.debug_info</name>
         <load_address>0xb66e</load_address>
         <run_address>0xb66e</run_address>
         <size>0x16d</size>
         <input_file_ref idref="fl-11"/>
      </object_component>
      <object_component id="oc-180">
         <name>.debug_info</name>
         <load_address>0xb7db</load_address>
         <run_address>0xb7db</run_address>
         <size>0x1cb</size>
         <input_file_ref idref="fl-11"/>
      </object_component>
      <object_component id="oc-2b1">
         <name>.debug_info</name>
         <load_address>0xb9a6</load_address>
         <run_address>0xb9a6</run_address>
         <size>0x492</size>
         <input_file_ref idref="fl-13"/>
      </object_component>
      <object_component id="oc-20e">
         <name>.debug_info</name>
         <load_address>0xbe38</load_address>
         <run_address>0xbe38</run_address>
         <size>0x17b</size>
         <input_file_ref idref="fl-13"/>
      </object_component>
      <object_component id="oc-207">
         <name>.debug_info</name>
         <load_address>0xbfb3</load_address>
         <run_address>0xbfb3</run_address>
         <size>0xe1</size>
         <input_file_ref idref="fl-14"/>
      </object_component>
      <object_component id="oc-23">
         <name>.debug_info</name>
         <load_address>0xc094</load_address>
         <run_address>0xc094</run_address>
         <size>0x134</size>
         <input_file_ref idref="fl-136"/>
      </object_component>
      <object_component id="oc-36">
         <name>.debug_info</name>
         <load_address>0xc1c8</load_address>
         <run_address>0xc1c8</run_address>
         <size>0x121</size>
         <input_file_ref idref="fl-137"/>
      </object_component>
      <object_component id="oc-11">
         <name>.debug_info</name>
         <load_address>0xc2e9</load_address>
         <run_address>0xc2e9</run_address>
         <size>0x1c0</size>
         <input_file_ref idref="fl-137"/>
      </object_component>
      <object_component id="oc-31">
         <name>.debug_info</name>
         <load_address>0xc4a9</load_address>
         <run_address>0xc4a9</run_address>
         <size>0x46</size>
         <input_file_ref idref="fl-137"/>
      </object_component>
      <object_component id="oc-7c">
         <name>.debug_info</name>
         <load_address>0xc4ef</load_address>
         <run_address>0xc4ef</run_address>
         <size>0x2c</size>
         <input_file_ref idref="fl-137"/>
      </object_component>
      <object_component id="oc-3e">
         <name>.debug_info</name>
         <load_address>0xc51b</load_address>
         <run_address>0xc51b</run_address>
         <size>0x115</size>
         <input_file_ref idref="fl-138"/>
      </object_component>
      <object_component id="oc-39">
         <name>.debug_info</name>
         <load_address>0xc630</load_address>
         <run_address>0xc630</run_address>
         <size>0x228</size>
         <input_file_ref idref="fl-138"/>
      </object_component>
      <object_component id="oc-18">
         <name>.debug_info</name>
         <load_address>0xc858</load_address>
         <run_address>0xc858</run_address>
         <size>0x192</size>
         <input_file_ref idref="fl-138"/>
      </object_component>
      <object_component id="oc-3f">
         <name>.debug_info</name>
         <load_address>0xc9ea</load_address>
         <run_address>0xc9ea</run_address>
         <size>0x39</size>
         <input_file_ref idref="fl-138"/>
      </object_component>
      <object_component id="oc-4f">
         <name>.debug_info</name>
         <load_address>0xca23</load_address>
         <run_address>0xca23</run_address>
         <size>0x110</size>
         <input_file_ref idref="fl-139"/>
      </object_component>
      <object_component id="oc-1e">
         <name>.debug_info</name>
         <load_address>0xcb33</load_address>
         <run_address>0xcb33</run_address>
         <size>0x18b</size>
         <input_file_ref idref="fl-139"/>
      </object_component>
      <object_component id="oc-4a">
         <name>.debug_info</name>
         <load_address>0xccbe</load_address>
         <run_address>0xccbe</run_address>
         <size>0x46</size>
         <input_file_ref idref="fl-139"/>
      </object_component>
      <object_component id="oc-a5">
         <name>.debug_info</name>
         <load_address>0xcd04</load_address>
         <run_address>0xcd04</run_address>
         <size>0x172</size>
         <input_file_ref idref="fl-13a"/>
      </object_component>
      <object_component id="oc-a2">
         <name>.debug_info</name>
         <load_address>0xce76</load_address>
         <run_address>0xce76</run_address>
         <size>0x117</size>
         <input_file_ref idref="fl-13a"/>
      </object_component>
      <object_component id="oc-64">
         <name>.debug_info</name>
         <load_address>0xcf8d</load_address>
         <run_address>0xcf8d</run_address>
         <size>0x1ee</size>
         <input_file_ref idref="fl-13a"/>
      </object_component>
      <object_component id="oc-17d">
         <name>.debug_info</name>
         <load_address>0xd17b</load_address>
         <run_address>0xd17b</run_address>
         <size>0x118</size>
         <input_file_ref idref="fl-13b"/>
      </object_component>
      <object_component id="oc-16c">
         <name>.debug_info</name>
         <load_address>0xd293</load_address>
         <run_address>0xd293</run_address>
         <size>0x11f</size>
         <input_file_ref idref="fl-13c"/>
      </object_component>
      <object_component id="oc-171">
         <name>.debug_info</name>
         <load_address>0xd3b2</load_address>
         <run_address>0xd3b2</run_address>
         <size>0x104</size>
         <input_file_ref idref="fl-13d"/>
      </object_component>
      <object_component id="oc-2d">
         <name>.debug_info</name>
         <load_address>0xd4b6</load_address>
         <run_address>0xd4b6</run_address>
         <size>0xf6</size>
         <input_file_ref idref="fl-13e"/>
      </object_component>
      <object_component id="oc-45">
         <name>.debug_info</name>
         <load_address>0xd5ac</load_address>
         <run_address>0xd5ac</run_address>
         <size>0x124</size>
         <input_file_ref idref="fl-13f"/>
      </object_component>
      <object_component id="oc-51">
         <name>.debug_info</name>
         <load_address>0xd6d0</load_address>
         <run_address>0xd6d0</run_address>
         <size>0x129</size>
         <input_file_ref idref="fl-140"/>
      </object_component>
      <object_component id="oc-175">
         <name>.debug_info</name>
         <load_address>0xd7f9</load_address>
         <run_address>0xd7f9</run_address>
         <size>0x172</size>
         <input_file_ref idref="fl-141"/>
      </object_component>
      <object_component id="oc-69">
         <name>.debug_info</name>
         <load_address>0xd96b</load_address>
         <run_address>0xd96b</run_address>
         <size>0xea</size>
         <input_file_ref idref="fl-142"/>
      </object_component>
      <object_component id="oc-2cd">
         <name>.debug_info</name>
         <load_address>0xda55</load_address>
         <run_address>0xda55</run_address>
         <size>0xec</size>
         <input_file_ref idref="fl-144"/>
      </object_component>
      <object_component id="oc-26d">
         <name>.debug_info</name>
         <load_address>0xdb41</load_address>
         <run_address>0xdb41</run_address>
         <size>0x134</size>
         <input_file_ref idref="fl-144"/>
      </object_component>
      <object_component id="oc-1d6">
         <name>.debug_info</name>
         <load_address>0xdc75</load_address>
         <run_address>0xdc75</run_address>
         <size>0x105</size>
         <input_file_ref idref="fl-145"/>
      </object_component>
      <object_component id="oc-9f">
         <name>.debug_info</name>
         <load_address>0xdd7a</load_address>
         <run_address>0xdd7a</run_address>
         <size>0xf4</size>
         <input_file_ref idref="fl-145"/>
      </object_component>
      <object_component id="oc-1cf">
         <name>.debug_info</name>
         <load_address>0xde6e</load_address>
         <run_address>0xde6e</run_address>
         <size>0x200</size>
         <input_file_ref idref="fl-145"/>
      </object_component>
      <object_component id="oc-9d">
         <name>.debug_info</name>
         <load_address>0xe06e</load_address>
         <run_address>0xe06e</run_address>
         <size>0x147</size>
         <input_file_ref idref="fl-146"/>
      </object_component>
      <object_component id="oc-5d">
         <name>.debug_info</name>
         <load_address>0xe1b5</load_address>
         <run_address>0xe1b5</run_address>
         <size>0x148</size>
         <input_file_ref idref="fl-146"/>
      </object_component>
      <object_component id="oc-1c9">
         <name>.debug_info</name>
         <load_address>0xe2fd</load_address>
         <run_address>0xe2fd</run_address>
         <size>0x5e</size>
         <input_file_ref idref="fl-146"/>
      </object_component>
      <object_component id="oc-9b">
         <name>.debug_info</name>
         <load_address>0xe35b</load_address>
         <run_address>0xe35b</run_address>
         <size>0x29e</size>
         <input_file_ref idref="fl-147"/>
      </object_component>
      <object_component id="oc-58">
         <name>.debug_info</name>
         <load_address>0xe5f9</load_address>
         <run_address>0xe5f9</run_address>
         <size>0x158</size>
         <input_file_ref idref="fl-147"/>
      </object_component>
      <object_component id="oc-1bd">
         <name>.debug_info</name>
         <load_address>0xe751</load_address>
         <run_address>0xe751</run_address>
         <size>0x39</size>
         <input_file_ref idref="fl-147"/>
      </object_component>
      <object_component id="oc-1c2">
         <name>.debug_info</name>
         <load_address>0xe78a</load_address>
         <run_address>0xe78a</run_address>
         <size>0xcd</size>
         <input_file_ref idref="fl-147"/>
      </object_component>
      <object_component id="oc-1ba">
         <name>.debug_info</name>
         <load_address>0xe857</load_address>
         <run_address>0xe857</run_address>
         <size>0x1c1</size>
         <input_file_ref idref="fl-148"/>
      </object_component>
      <object_component id="oc-96">
         <name>.debug_info</name>
         <load_address>0xea18</load_address>
         <run_address>0xea18</run_address>
         <size>0x164</size>
         <input_file_ref idref="fl-148"/>
      </object_component>
      <object_component id="oc-294">
         <name>.debug_info</name>
         <load_address>0xeb7c</load_address>
         <run_address>0xeb7c</run_address>
         <size>0x2c</size>
         <input_file_ref idref="fl-148"/>
      </object_component>
      <object_component id="oc-267">
         <name>.debug_info</name>
         <load_address>0xeba8</load_address>
         <run_address>0xeba8</run_address>
         <size>0x129</size>
         <input_file_ref idref="fl-149"/>
      </object_component>
      <object_component id="oc-262">
         <name>.debug_info</name>
         <load_address>0xecd1</load_address>
         <run_address>0xecd1</run_address>
         <size>0x105</size>
         <input_file_ref idref="fl-14a"/>
      </object_component>
      <object_component id="oc-25c">
         <name>.debug_info</name>
         <load_address>0xedd6</load_address>
         <run_address>0xedd6</run_address>
         <size>0x128</size>
         <input_file_ref idref="fl-14b"/>
      </object_component>
      <object_component id="oc-2d7">
         <name>.debug_info</name>
         <load_address>0xeefe</load_address>
         <run_address>0xeefe</run_address>
         <size>0x13b</size>
         <input_file_ref idref="fl-14c"/>
      </object_component>
      <object_component id="oc-2c7">
         <name>.debug_info</name>
         <load_address>0xf039</load_address>
         <run_address>0xf039</run_address>
         <size>0x1a2</size>
         <input_file_ref idref="fl-14c"/>
      </object_component>
      <object_component id="oc-304">
         <name>.debug_info</name>
         <load_address>0xf1db</load_address>
         <run_address>0xf1db</run_address>
         <size>0xaf</size>
      </object_component>
      <object_component id="oc-22b">
         <name>.debug_line</name>
         <load_address>0x0</load_address>
         <run_address>0x0</run_address>
         <size>0x2ea</size>
         <input_file_ref idref="fl-2"/>
      </object_component>
      <object_component id="oc-28f">
         <name>.debug_line</name>
         <load_address>0x2ea</load_address>
         <run_address>0x2ea</run_address>
         <size>0x2d</size>
         <input_file_ref idref="fl-2"/>
      </object_component>
      <object_component id="oc-257">
         <name>.debug_line</name>
         <load_address>0x317</load_address>
         <run_address>0x317</run_address>
         <size>0x2d</size>
         <input_file_ref idref="fl-2"/>
      </object_component>
      <object_component id="oc-291">
         <name>.debug_line</name>
         <load_address>0x344</load_address>
         <run_address>0x344</run_address>
         <size>0x2d</size>
         <input_file_ref idref="fl-2"/>
      </object_component>
      <object_component id="oc-229">
         <name>.debug_line</name>
         <load_address>0x371</load_address>
         <run_address>0x371</run_address>
         <size>0x2d</size>
         <input_file_ref idref="fl-2"/>
      </object_component>
      <object_component id="oc-288">
         <name>.debug_line</name>
         <load_address>0x39e</load_address>
         <run_address>0x39e</run_address>
         <size>0x2d</size>
         <input_file_ref idref="fl-2"/>
      </object_component>
      <object_component id="oc-76">
         <name>.debug_line</name>
         <load_address>0x3cb</load_address>
         <run_address>0x3cb</run_address>
         <size>0x3da</size>
         <input_file_ref idref="fl-2"/>
      </object_component>
      <object_component id="oc-22f">
         <name>.debug_line</name>
         <load_address>0x7a5</load_address>
         <run_address>0x7a5</run_address>
         <size>0x77</size>
         <input_file_ref idref="fl-2"/>
      </object_component>
      <object_component id="oc-234">
         <name>.debug_line</name>
         <load_address>0x81c</load_address>
         <run_address>0x81c</run_address>
         <size>0x64</size>
         <input_file_ref idref="fl-2"/>
      </object_component>
      <object_component id="oc-2bb">
         <name>.debug_line</name>
         <load_address>0x880</load_address>
         <run_address>0x880</run_address>
         <size>0x7a</size>
         <input_file_ref idref="fl-2"/>
      </object_component>
      <object_component id="oc-239">
         <name>.debug_line</name>
         <load_address>0x8fa</load_address>
         <run_address>0x8fa</run_address>
         <size>0x2d</size>
         <input_file_ref idref="fl-2"/>
      </object_component>
      <object_component id="oc-1b0">
         <name>.debug_line</name>
         <load_address>0x927</load_address>
         <run_address>0x927</run_address>
         <size>0x20</size>
         <input_file_ref idref="fl-2"/>
      </object_component>
      <object_component id="oc-1b5">
         <name>.debug_line</name>
         <load_address>0x947</load_address>
         <run_address>0x947</run_address>
         <size>0x6f</size>
         <input_file_ref idref="fl-2"/>
      </object_component>
      <object_component id="oc-8e">
         <name>.debug_line</name>
         <load_address>0x9b6</load_address>
         <run_address>0x9b6</run_address>
         <size>0x6f</size>
         <input_file_ref idref="fl-2"/>
      </object_component>
      <object_component id="oc-21c">
         <name>.debug_line</name>
         <load_address>0xa25</load_address>
         <run_address>0xa25</run_address>
         <size>0x6f</size>
         <input_file_ref idref="fl-2"/>
      </object_component>
      <object_component id="oc-23e">
         <name>.debug_line</name>
         <load_address>0xa94</load_address>
         <run_address>0xa94</run_address>
         <size>0x77</size>
         <input_file_ref idref="fl-2"/>
      </object_component>
      <object_component id="oc-243">
         <name>.debug_line</name>
         <load_address>0xb0b</load_address>
         <run_address>0xb0b</run_address>
         <size>0x78</size>
         <input_file_ref idref="fl-2"/>
      </object_component>
      <object_component id="oc-2b5">
         <name>.debug_line</name>
         <load_address>0xb83</load_address>
         <run_address>0xb83</run_address>
         <size>0x78</size>
         <input_file_ref idref="fl-3"/>
      </object_component>
      <object_component id="oc-2b3">
         <name>.debug_line</name>
         <load_address>0xbfb</load_address>
         <run_address>0xbfb</run_address>
         <size>0x2f</size>
         <input_file_ref idref="fl-3"/>
      </object_component>
      <object_component id="oc-11d">
         <name>.debug_line</name>
         <load_address>0xc2a</load_address>
         <run_address>0xc2a</run_address>
         <size>0x14d</size>
         <input_file_ref idref="fl-3"/>
      </object_component>
      <object_component id="oc-86">
         <name>.debug_line</name>
         <load_address>0xd77</load_address>
         <run_address>0xd77</run_address>
         <size>0x20</size>
         <input_file_ref idref="fl-3"/>
      </object_component>
      <object_component id="oc-1b8">
         <name>.debug_line</name>
         <load_address>0xd97</load_address>
         <run_address>0xd97</run_address>
         <size>0x40</size>
         <input_file_ref idref="fl-5"/>
      </object_component>
      <object_component id="oc-79">
         <name>.debug_line</name>
         <load_address>0xdd7</load_address>
         <run_address>0xdd7</run_address>
         <size>0x40</size>
         <input_file_ref idref="fl-5"/>
      </object_component>
      <object_component id="oc-70">
         <name>.debug_line</name>
         <load_address>0xe17</load_address>
         <run_address>0xe17</run_address>
         <size>0xa1</size>
         <input_file_ref idref="fl-5"/>
      </object_component>
      <object_component id="oc-29d">
         <name>.debug_line</name>
         <load_address>0xeb8</load_address>
         <run_address>0xeb8</run_address>
         <size>0x3b</size>
         <input_file_ref idref="fl-6"/>
      </object_component>
      <object_component id="oc-ad">
         <name>.debug_line</name>
         <load_address>0xef3</load_address>
         <run_address>0xef3</run_address>
         <size>0x157</size>
         <input_file_ref idref="fl-6"/>
      </object_component>
      <object_component id="oc-2ab">
         <name>.debug_line</name>
         <load_address>0x104a</load_address>
         <run_address>0x104a</run_address>
         <size>0x31</size>
         <input_file_ref idref="fl-c"/>
      </object_component>
      <object_component id="oc-2a9">
         <name>.debug_line</name>
         <load_address>0x107b</load_address>
         <run_address>0x107b</run_address>
         <size>0x2b</size>
         <input_file_ref idref="fl-c"/>
      </object_component>
      <object_component id="oc-248">
         <name>.debug_line</name>
         <load_address>0x10a6</load_address>
         <run_address>0x10a6</run_address>
         <size>0x40</size>
         <input_file_ref idref="fl-c"/>
      </object_component>
      <object_component id="oc-14b">
         <name>.debug_line</name>
         <load_address>0x10e6</load_address>
         <run_address>0x10e6</run_address>
         <size>0x4d</size>
         <input_file_ref idref="fl-c"/>
      </object_component>
      <object_component id="oc-24f">
         <name>.debug_line</name>
         <load_address>0x1133</load_address>
         <run_address>0x1133</run_address>
         <size>0x62</size>
         <input_file_ref idref="fl-c"/>
      </object_component>
      <object_component id="oc-ca">
         <name>.debug_line</name>
         <load_address>0x1195</load_address>
         <run_address>0x1195</run_address>
         <size>0x59</size>
         <input_file_ref idref="fl-c"/>
      </object_component>
      <object_component id="oc-1e8">
         <name>.debug_line</name>
         <load_address>0x11ee</load_address>
         <run_address>0x11ee</run_address>
         <size>0x43</size>
         <input_file_ref idref="fl-c"/>
      </object_component>
      <object_component id="oc-be">
         <name>.debug_line</name>
         <load_address>0x1231</load_address>
         <run_address>0x1231</run_address>
         <size>0x43</size>
         <input_file_ref idref="fl-c"/>
      </object_component>
      <object_component id="oc-145">
         <name>.debug_line</name>
         <load_address>0x1274</load_address>
         <run_address>0x1274</run_address>
         <size>0x40</size>
         <input_file_ref idref="fl-c"/>
      </object_component>
      <object_component id="oc-15d">
         <name>.debug_line</name>
         <load_address>0x12b4</load_address>
         <run_address>0x12b4</run_address>
         <size>0x41</size>
         <input_file_ref idref="fl-c"/>
      </object_component>
      <object_component id="oc-151">
         <name>.debug_line</name>
         <load_address>0x12f5</load_address>
         <run_address>0x12f5</run_address>
         <size>0x68</size>
         <input_file_ref idref="fl-c"/>
      </object_component>
      <object_component id="oc-157">
         <name>.debug_line</name>
         <load_address>0x135d</load_address>
         <run_address>0x135d</run_address>
         <size>0x7d</size>
         <input_file_ref idref="fl-c"/>
      </object_component>
      <object_component id="oc-c4">
         <name>.debug_line</name>
         <load_address>0x13da</load_address>
         <run_address>0x13da</run_address>
         <size>0x41</size>
         <input_file_ref idref="fl-c"/>
      </object_component>
      <object_component id="oc-2a5">
         <name>.debug_line</name>
         <load_address>0x141b</load_address>
         <run_address>0x141b</run_address>
         <size>0x5e</size>
         <input_file_ref idref="fl-c"/>
      </object_component>
      <object_component id="oc-2b7">
         <name>.debug_line</name>
         <load_address>0x1479</load_address>
         <run_address>0x1479</run_address>
         <size>0x47</size>
         <input_file_ref idref="fl-d"/>
      </object_component>
      <object_component id="oc-123">
         <name>.debug_line</name>
         <load_address>0x14c0</load_address>
         <run_address>0x14c0</run_address>
         <size>0x41</size>
         <input_file_ref idref="fl-d"/>
      </object_component>
      <object_component id="oc-129">
         <name>.debug_line</name>
         <load_address>0x1501</load_address>
         <run_address>0x1501</run_address>
         <size>0x99</size>
         <input_file_ref idref="fl-d"/>
      </object_component>
      <object_component id="oc-2a1">
         <name>.debug_line</name>
         <load_address>0x159a</load_address>
         <run_address>0x159a</run_address>
         <size>0x31</size>
         <input_file_ref idref="fl-e"/>
      </object_component>
      <object_component id="oc-29f">
         <name>.debug_line</name>
         <load_address>0x15cb</load_address>
         <run_address>0x15cb</run_address>
         <size>0x2a</size>
         <input_file_ref idref="fl-e"/>
      </object_component>
      <object_component id="oc-ba">
         <name>.debug_line</name>
         <load_address>0x15f5</load_address>
         <run_address>0x15f5</run_address>
         <size>0x3f</size>
         <input_file_ref idref="fl-e"/>
      </object_component>
      <object_component id="oc-b4">
         <name>.debug_line</name>
         <load_address>0x1634</load_address>
         <run_address>0x1634</run_address>
         <size>0x3f</size>
         <input_file_ref idref="fl-e"/>
      </object_component>
      <object_component id="oc-132">
         <name>.debug_line</name>
         <load_address>0x1673</load_address>
         <run_address>0x1673</run_address>
         <size>0x4e</size>
         <input_file_ref idref="fl-e"/>
      </object_component>
      <object_component id="oc-168">
         <name>.debug_line</name>
         <load_address>0x16c1</load_address>
         <run_address>0x16c1</run_address>
         <size>0x44</size>
         <input_file_ref idref="fl-e"/>
      </object_component>
      <object_component id="oc-2ae">
         <name>.debug_line</name>
         <load_address>0x1705</load_address>
         <run_address>0x1705</run_address>
         <size>0x31</size>
         <input_file_ref idref="fl-f"/>
      </object_component>
      <object_component id="oc-192">
[...]
      </symbol>
      <symbol id="sm-5">
         <name>__TI_Handler_Table_Limit</name>
         <value>0x21d8</value>
      </symbol>
      <symbol id="sm-6">
         <name>binit</name>
         <value>0xffffffff</value>
      </symbol>
      <symbol id="sm-7">
         <name>__binit__</name>
         <value>0xffffffff</value>
      </symbol>
      <symbol id="sm-8">
         <name>__STACK_SIZE</name>
         <value>0x200</value>
      </symbol>
      <symbol id="sm-9">
         <name>__STACK_END</name>
         <value>0x20010000</value>
      </symbol>
      <symbol id="sm-a">
         <name>__c_args__</name>
         <value>0xffffffff</value>
      </symbol>
      <symbol id="sm-100">
         <name>updateVersaclockRegs</name>
         <value>0x7dd</value>
         <object_component_ref idref="oc-72"/>
      </symbol>
      <symbol id="sm-101">
         <name>initializeADC</name>
         <value>0x3e9</value>
         <object_component_ref idref="oc-72"/>
      </symbol>
      <symbol id="sm-102">
         <name>uartConfig</name>
         <value>0x2150</value>
         <object_component_ref idref="oc-185"/>
      </symbol>
      <symbol id="sm-103">
         <name>EUSCIB1_IRQHandler</name>
         <value>0x197</value>
         <object_component_ref idref="oc-72"/>
      </symbol>
      <symbol id="sm-104">
         <name>PllClockRegisters</name>
         <value>0x2020</value>
         <object_component_ref idref="oc-1a9"/>
      </symbol>
      <symbol id="sm-105">
         <name>initializeVersaclock</name>
         <value>0x651</value>
         <object_component_ref idref="oc-72"/>
      </symbol>
      <symbol id="sm-106">
         <name>initCDCE</name>
         <value>0x729</value>
         <object_component_ref idref="oc-72"/>
      </symbol>
      <symbol id="sm-107">
         <name>initializeI2C</name>
         <value>0x6a5</value>
         <object_component_ref idref="oc-72"/>
      </symbol>
      <symbol id="sm-108">
         <name>dumpI2C</name>
         <value>0x6f3</value>
         <object_component_ref idref="oc-72"/>
      </symbol>
      <symbol id="sm-109">
         <name>pulseFQ_UD</name>
         <value>0x4ad</value>
         <object_component_ref idref="oc-72"/>
      </symbol>
      <symbol id="sm-10a">
         <name>pulse_W_CLK</name>
         <value>0x4c1</value>
         <object_component_ref idref="oc-72"/>
      </symbol>
      <symbol id="sm-10b">
         <name>main</name>
         <value>0x29b</value>
         <object_component_ref idref="oc-72"/>
      </symbol>
      <symbol id="sm-10c">
         <name>ADC14_IRQHandler</name>
         <value>0x169</value>
         <object_component_ref idref="oc-72"/>
      </symbol>
      <symbol id="sm-10d">
         <name>initializeDDS</name>
         <value>0x4ed</value>
         <object_component_ref idref="oc-72"/>
      </symbol>
      <symbol id="sm-10e">
         <name>firstReg</name>
         <value>0x20c4</value>
         <object_component_ref idref="oc-1a6"/>
      </symbol>
      <symbol id="sm-10f">
         <name>spiMasterConfig</name>
         <value>0x20dc</value>
         <object_component_ref idref="oc-1a6"/>
      </symbol>
      <symbol id="sm-110">
         <name>initializeClocks</name>
         <value>0x35b</value>
         <object_component_ref idref="oc-72"/>
      </symbol>
      <symbol id="sm-111">
         <name>EusciA0_ISR</name>
         <value>0x141</value>
         <object_component_ref idref="oc-72"/>
      </symbol>
      <symbol id="sm-112">
         <name>setDDSFrequency</name>
         <value>0x55d</value>
         <object_component_ref idref="oc-72"/>
      </symbol>
      <symbol id="sm-113">
         <name>resultsBuffer</name>
         <value>0x20000030</value>
         <object_component_ref idref="oc-13a"/>
      </symbol>
      <symbol id="sm-114">
         <name>i2cConfig</name>
         <value>0x20c8</value>
         <object_component_ref idref="oc-1a6"/>
      </symbol>
      <symbol id="sm-115">
         <name>writeVersaClockBlock</name>
         <value>0x775</value>
         <object_component_ref idref="oc-72"/>
      </symbol>
      <symbol id="sm-116">
         <name>initializeBackChannelUART</name>
         <value>0x38b</value>
         <object_component_ref idref="oc-72"/>
      </symbol>
      <symbol id="sm-117">
         <name>pulse_DDS_RST</name>
         <value>0x4d5</value>
         <object_component_ref idref="oc-72"/>
      </symbol>
      <symbol id="sm-157">
         <name>puts</name>
         <value>0xc8f</value>
         <object_component_ref idref="oc-11c"/>
      </symbol>
      <symbol id="sm-158">
         <name>putc</name>
         <value>0xcaf</value>
         <object_component_ref idref="oc-11c"/>
      </symbol>
      <symbol id="sm-159">
         <name>printf</name>
         <value>0xd47</value>
         <object_component_ref idref="oc-11c"/>
      </symbol>
      <symbol id="sm-15a">
         <name>sendByte</name>
         <value>0xc7d</value>
         <object_component_ref idref="oc-11c"/>
      </symbol>
      <symbol id="sm-178">
         <name>interruptVectors</name>
         <value>0x0</value>
         <object_component_ref idref="oc-27"/>
      </symbol>
      <symbol id="sm-1c4">
         <name>SystemInit</name>
         <value>0xba9</value>
         <object_component_ref idref="oc-a9"/>
      </symbol>
      <symbol id="sm-1c5">
         <name>SystemCoreClockUpdate</name>
         <value>0x935</value>
         <object_component_ref idref="oc-a9"/>
      </symbol>
      <symbol id="sm-1c6">
         <name>SystemCoreClock</name>
         <value>0x20000050</value>
         <object_component_ref idref="oc-1dc"/>
      </symbol>
      <symbol id="sm-280">
         <name>ADC14_enableInterrupt</name>
         <value>0x1db9</value>
         <object_component_ref idref="oc-15b"/>
      </symbol>
      <symbol id="sm-281">
         <name>ADC14_getInterruptStatus</name>
         <value>0x1df9</value>
         <object_component_ref idref="oc-1e6"/>
      </symbol>
      <symbol id="sm-282">
         <name>ADC14_getEnabledInterruptStatus</name>
         <value>0x1ce5</value>
         <object_component_ref idref="oc-bc"/>
      </symbol>
      <symbol id="sm-283">
         <name>ADC14_getMultiSequenceResult</name>
         <value>0x1b0d</value>
         <object_component_ref idref="oc-c8"/>
      </symbol>
      <symbol id="sm-284">
         <name>ADC14_initModule</name>
         <value>0x1c15</value>
         <object_component_ref idref="oc-149"/>
      </symbol>
      <symbol id="sm-285">
         <name>ADC14_configureMultiSequenceMode</name>
         <value>0x17ad</value>
         <object_component_ref idref="oc-14f"/>
      </symbol>
      <symbol id="sm-286">
         <name>ADC14_clearInterruptFlag</name>
         <value>0x1d99</value>
         <object_component_ref idref="oc-c2"/>
      </symbol>
      <symbol id="sm-287">
         <name>ADC14_configureConversionMemory</name>
         <value>0x1825</value>
         <object_component_ref idref="oc-155"/>
      </symbol>
      <symbol id="sm-288">
         <name>ADC14_enableModule</name>
         <value>0x1ea9</value>
         <object_component_ref idref="oc-143"/>
      </symbol>
      <symbol id="sm-2b8">
         <name>CS_setDCOCenteredFrequency</name>
         <value>0x1d09</value>
         <object_component_ref idref="oc-122"/>
      </symbol>
      <symbol id="sm-2b9">
         <name>CS_initClockSignal</name>
         <value>0x13e9</value>
         <object_component_ref idref="oc-128"/>
      </symbol>
      <symbol id="sm-2f2">
         <name>GPIO_setOutputHighOnPin</name>
         <value>0x1e59</value>
         <object_component_ref idref="oc-b0"/>
      </symbol>
      <symbol id="sm-2f3">
         <name>GPIO_setAsOutputPin</name>
         <value>0x1d2d</value>
         <object_component_ref idref="oc-164"/>
      </symbol>
      <symbol id="sm-2f4">
         <name>GPIO_setOutputLowOnPin</name>
         <value>0x1e15</value>
         <object_component_ref idref="oc-b6"/>
      </symbol>
      <symbol id="sm-2f5">
         <name>GPIO_setAsPeripheralModuleFunctionInputPin</name>
         <value>0x1ac5</value>
         <object_component_ref idref="oc-12e"/>
      </symbol>
      <symbol id="sm-394">
         <name>I2C_masterSendMultiByteStop</name>
         <value>0x1c85</value>
         <object_component_ref idref="oc-e6"/>
      </symbol>
      <symbol id="sm-395">
         <name>I2C_masterReceiveMultiByteStop</name>
         <value>0x1ec9</value>
         <object_component_ref idref="oc-10a"/>
      </symbol>
      <symbol id="sm-396">
         <name>I2C_masterSendMultiByteNext</name>
         <value>0x1d51</value>
         <object_component_ref idref="oc-e0"/>
      </symbol>
      <symbol id="sm-397">
         <name>I2C_disableInterrupt</name>
         <value>0x1f17</value>
         <object_component_ref idref="oc-f2"/>
      </symbol>
      <symbol id="sm-398">
         <name>I2C_masterSendMultiByteStart</name>
         <value>0x1c4d</value>
         <object_component_ref idref="oc-1a0"/>
      </symbol>
      <symbol id="sm-399">
         <name>I2C_getEnabledInterruptStatus</name>
         <value>0x1f7d</value>
         <object_component_ref idref="oc-ce"/>
      </symbol>
      <symbol id="sm-39a">
         <name>I2C_masterReceiveMultiByteNext</name>
         <value>0x1f89</value>
         <object_component_ref idref="oc-110"/>
      </symbol>
      <symbol id="sm-39b">
         <name>I2C_getInterruptStatus</name>
         <value>0x1f83</value>
         <object_component_ref idref="oc-1f3"/>
      </symbol>
      <symbol id="sm-39c">
         <name>I2C_setMode</name>
         <value>0x1f25</value>
         <object_component_ref idref="oc-f8"/>
      </symbol>
      <symbol id="sm-39d">
         <name>I2C_enableModule</name>
         <value>0x1f4d</value>
         <object_component_ref idref="oc-194"/>
      </symbol>
      <symbol id="sm-39e">
         <name>I2C_masterReceiveStart</name>
         <value>0x1ed9</value>
         <object_component_ref idref="oc-fe"/>
      </symbol>
      <symbol id="sm-39f">
         <name>I2C_clearInterruptFlag</name>
         <value>0x1f09</value>
         <object_component_ref idref="oc-d4"/>
      </symbol>
      <symbol id="sm-3a0">
         <name>I2C_masterIsStopSent</name>
         <value>0x1eb9</value>
         <object_component_ref idref="oc-19a"/>
      </symbol>
      <symbol id="sm-3a1">
         <name>I2C_setSlaveAddress</name>
         <value>0x1f95</value>
         <object_component_ref idref="oc-18e"/>
      </symbol>
      <symbol id="sm-3a2">
         <name>I2C_masterSendStart</name>
         <value>0x1ee9</value>
         <object_component_ref idref="oc-da"/>
      </symbol>
      <symbol id="sm-3a3">
         <name>I2C_initMaster</name>
         <value>0x1bd5</value>
         <object_component_ref idref="oc-188"/>
      </symbol>
      <symbol id="sm-3a4">
         <name>I2C_enableInterrupt</name>
         <value>0x1f75</value>
         <object_component_ref idref="oc-104"/>
      </symbol>
      <symbol id="sm-3de">
         <name>Interrupt_enableMaster</name>
         <value>0x1ef9</value>
         <object_component_ref idref="oc-116"/>
      </symbol>
      <symbol id="sm-3df">
         <name>Interrupt_enableInterrupt</name>
         <value>0x1969</value>
         <object_component_ref idref="oc-134"/>
      </symbol>
      <symbol id="sm-3e0">
         <name>Interrupt_disableSleepOnIsrExit</name>
         <value>0x1e6d</value>
         <object_component_ref idref="oc-ec"/>
      </symbol>
      <symbol id="sm-40d">
         <name>EUSCI_A_SPI_getInterruptStatus</name>
         <value>0x1f65</value>
         <object_component_ref idref="oc-279"/>
      </symbol>
      <symbol id="sm-40e">
         <name>EUSCI_B_SPI_getInterruptStatus</name>
         <value>0x1f6d</value>
         <object_component_ref idref="oc-27f"/>
      </symbol>
      <symbol id="sm-40f">
         <name>SPI_getInterruptStatus</name>
         <value>0x1dd9</value>
         <object_component_ref idref="oc-17f"/>
      </symbol>
      <symbol id="sm-421">
         <name>UART_transmitData</name>
         <value>0x1d75</value>
         <object_component_ref idref="oc-20d"/>
      </symbol>
      <symbol id="sm-42b">
         <name>CPU_cpsie</name>
         <value>0x1f41</value>
         <object_component_ref idref="oc-206"/>
      </symbol>
      <symbol id="sm-43d">
         <name>_c_int00</name>
         <value>0x1a29</value>
         <object_component_ref idref="oc-22"/>
      </symbol>
      <symbol id="sm-43e">
         <name>__stack</name>
         <value>0x2000fe00</value>
         <object_component_ref idref="oc-2a"/>
      </symbol>
      <symbol id="sm-455">
         <name>__TI_decompress_none</name>
         <value>0x1f33</value>
         <object_component_ref idref="oc-10"/>
      </symbol>
      <symbol id="sm-478">
         <name>__TI_decompress_rle24</name>
         <value>0x1f8f</value>
         <object_component_ref idref="oc-16"/>
      </symbol>
      <symbol id="sm-48a">
         <name>__TI_zero_init</name>
         <value>0x1f59</value>
         <object_component_ref idref="oc-1c"/>
      </symbol>
      <symbol id="sm-4a9">
         <name>C$$EXIT</name>
         <value>0x1b51</value>
         <object_component_ref idref="oc-62"/>
      </symbol>
      <symbol id="sm-4aa">
         <name>abort</name>
         <value>0x1b55</value>
         <object_component_ref idref="oc-62"/>
      </symbol>
      <symbol id="sm-4ab">
         <name>exit</name>
         <value>0x1b5d</value>
         <object_component_ref idref="oc-62"/>
      </symbol>
      <symbol id="sm-4ac">
         <name>__TI_dtors_ptr</name>
         <value>0x20000048</value>
         <object_component_ref idref="oc-a1"/>
      </symbol>
      <symbol id="sm-4ad">
         <name>__TI_cleanup_ptr</name>
         <value>0x20000044</value>
         <object_component_ref idref="oc-a1"/>
      </symbol>
      <symbol id="sm-4bd">
         <name>__aeabi_d2ulz</name>
         <value>0x19cd</value>
         <object_component_ref idref="oc-17a"/>
      </symbol>
      <symbol id="sm-4eb">
         <name>__aeabi_ldivmod</name>
         <value>0xec1</value>
         <object_component_ref idref="oc-16a"/>
      </symbol>
      <symbol id="sm-4f9">
         <name>__aeabi_l2d</name>
         <value>0x1b95</value>
         <object_component_ref idref="oc-16f"/>
      </symbol>
      <symbol id="sm-514">
         <name>memcpy</name>
         <value>0x1589</value>
         <object_component_ref idref="oc-2b"/>
      </symbol>
      <symbol id="sm-515">
         <name>__aeabi_memcpy</name>
         <value>0x1589</value>
         <object_component_ref idref="oc-2b"/>
      </symbol>
      <symbol id="sm-516">
         <name>__aeabi_memcpy8</name>
         <value>0x1589</value>
         <object_component_ref idref="oc-2b"/>
      </symbol>
      <symbol id="sm-517">
         <name>__aeabi_memcpy4</name>
         <value>0x1589</value>
         <object_component_ref idref="oc-2b"/>
      </symbol>
      <symbol id="sm-526">
         <name>__aeabi_memset</name>
         <value>0x1735</value>
         <object_component_ref idref="oc-44"/>
      </symbol>
      <symbol id="sm-527">
         <name>memset</name>
         <value>0x173b</value>
         <object_component_ref idref="oc-44"/>
      </symbol>
      <symbol id="sm-528">
         <name>__aeabi_memset8</name>
         <value>0x1735</value>
         <object_component_ref idref="oc-44"/>
      </symbol>
      <symbol id="sm-529">
         <name>__aeabi_memset4</name>
         <value>0x1735</value>
         <object_component_ref idref="oc-44"/>
      </symbol>
      <symbol id="sm-52a">
         <name>__aeabi_memclr8</name>
         <value>0x1733</value>
         <object_component_ref idref="oc-44"/>
      </symbol>
      <symbol id="sm-52b">
         <name>__aeabi_memclr4</name>
         <value>0x1733</value>
         <object_component_ref idref="oc-44"/>
      </symbol>
      <symbol id="sm-52c">
         <name>__aeabi_memclr</name>
         <value>0x1733</value>
         <object_component_ref idref="oc-44"/>
      </symbol>
      <symbol id="sm-536">
         <name>_system_pre_init</name>
         <value>0x1f99</value>
         <object_component_ref idref="oc-50"/>
      </symbol>
      <symbol id="sm-547">
         <name>roundl</name>
         <value>0x1625</value>
         <object_component_ref idref="oc-174"/>
      </symbol>
      <symbol id="sm-54f">
         <name>main_func_sp</name>
         <value>0x2000004c</value>
         <object_component_ref idref="oc-68"/>
      </symbol>
      <symbol id="sm-55d">
         <name>_LDint</name>
         <value>0x1f9d</value>
         <object_component_ref idref="oc-26b"/>
      </symbol>
      <symbol id="sm-576">
         <name>_nop</name>
         <value>0x1e8f</value>
         <object_component_ref idref="oc-1ce"/>
      </symbol>
      <symbol id="sm-577">
         <name>_lock</name>
         <value>0x2000003c</value>
         <object_component_ref idref="oc-9e"/>
      </symbol>
      <symbol id="sm-578">
         <name>_unlock</name>
         <value>0x20000040</value>
         <object_component_ref idref="oc-9e"/>
      </symbol>
      <symbol id="sm-579">
         <name>_register_lock</name>
         <value>0x1e87</value>
         <object_component_ref idref="oc-1ce"/>
      </symbol>
      <symbol id="sm-57a">
         <name>_register_unlock</name>
         <value>0x1e81</value>
         <object_component_ref idref="oc-1ce"/>
      </symbol>
      <symbol id="sm-58f">
         <name>_args_main</name>
         <value>0x1e2d</value>
         <object_component_ref idref="oc-5c"/>
      </symbol>
      <symbol id="sm-5b5">
         <name>__TI_auto_init</name>
         <value>0x1891</value>
         <object_component_ref idref="oc-56"/>
      </symbol>
      <symbol id="sm-5cf">
         <name>copy_in</name>
         <value>0x1a79</value>
         <object_component_ref idref="oc-94"/>
      </symbol>
      <symbol id="sm-5f3">
         <name>__aeabi_dsub</name>
         <value>0x10df</value>
         <object_component_ref idref="oc-266"/>
      </symbol>
      <symbol id="sm-5f4">
         <name>__aeabi_dadd</name>
         <value>0x10e9</value>
         <object_component_ref idref="oc-266"/>
      </symbol>
      <symbol id="sm-60b">
         <name>__aeabi_cdcmpeq</name>
         <value>0x16ad</value>
         <object_component_ref idref="oc-261"/>
      </symbol>
      <symbol id="sm-60c">
         <name>__aeabi_cdcmple</name>
         <value>0x16ad</value>
         <object_component_ref idref="oc-261"/>
      </symbol>
      <symbol id="sm-616">
         <name>__aeabi_ldiv0</name>
         <value>0x1967</value>
         <object_component_ref idref="oc-259"/>
      </symbol>
      <symbol id="sm-635">
         <name>_Dint</name>
         <value>0x14c9</value>
         <object_component_ref idref="oc-2c6"/>
      </symbol>
      <symbol id="sm-636">
         <name>__TI_static_base__</name>
         <value>0x0</value>
      </symbol>
      <symbol id="sm-639">
         <name>SHT$$INIT_ARRAY$$Limit</name>
         <value>0x0</value>
      </symbol>
      <symbol id="sm-63a">
         <name>SHT$$INIT_ARRAY$$Base</name>
         <value>0x0</value>
      </symbol>
   </symbol_table>
   <title>Link successful</title>
</link_info>
