<?xml version="1.0"?>
<link_info>
   <banner>TI ARM Linker PC v5.2.5</banner>
   <copyright>Copyright (c) 1996-2015 Texas Instruments Incorporated</copyright>
   <link_time>0x5744c5e4</link_time>
   <link_errors>0x0</link_errors>
   <output_file>driverlib_empty_project.out</output_file>
   <entry_point>
      <name>_c_int00</name>
      <address>0x1b81</address>
   </entry_point>
   <input_file_list>
      <input_file id="fl-2">
         <path>.\</path>
         <kind>object</kind>
         <file>main.obj</file>
         <name>main.obj</name>
      </input_file>
      <input_file id="fl-3">
         <path>.\</path>
         <kind>object</kind>
         <file>printf.obj</file>
         <name>printf.obj</name>
      </input_file>
      <input_file id="fl-4">
         <path>.\</path>
         <kind>object</kind>
         <file>printfOverride.obj</file>
         <name>printfOverride.obj</name>
      </input_file>
      <input_file id="fl-5">
         <path>.\</path>
         <kind>object</kind>
         <file>startup_msp432p401r_ccs.obj</file>
         <name>startup_msp432p401r_ccs.obj</name>
      </input_file>
      <input_file id="fl-6">
         <path>.\</path>
         <kind>object</kind>
         <file>system_msp432p401r.obj</file>
         <name>system_msp432p401r.obj</name>
      </input_file>
      <input_file id="fl-c">
         <path>Y:\Cody\Documents\TI\msp430\MSPWare_3_30_00_18\driverlib\driverlib\MSP432P4xx\ccs\</path>
         <kind>archive</kind>
         <file>msp432p4xx_driverlib.lib</file>
         <name>adc14.o</name>
      </input_file>
      <input_file id="fl-d">
         <path>Y:\Cody\Documents\TI\msp430\MSPWare_3_30_00_18\driverlib\driverlib\MSP432P4xx\ccs\</path>
         <kind>archive</kind>
         <file>msp432p4xx_driverlib.lib</file>
         <name>cs.o</name>
      </input_file>
      <input_file id="fl-e">
         <path>Y:\Cody\Documents\TI\msp430\MSPWare_3_30_00_18\driverlib\driverlib\MSP432P4xx\ccs\</path>
         <kind>archive</kind>
         <file>msp432p4xx_driverlib.lib</file>
         <name>gpio.o</name>
      </input_file>
      <input_file id="fl-f">
         <path>Y:\Cody\Documents\TI\msp430\MSPWare_3_30_00_18\driverlib\driverlib\MSP432P4xx\ccs\</path>
         <kind>archive</kind>
         <file>msp432p4xx_driverlib.lib</file>
         <name>i2c.o</name>
      </input_file>
      <input_file id="fl-10">
         <path>Y:\Cody\Documents\TI\msp430\MSPWare_3_30_00_18\driverlib\driverlib\MSP432P4xx\ccs\</path>
         <kind>archive</kind>
         <file>msp432p4xx_driverlib.lib</file>
         <name>interrupt.o</name>
      </input_file>
      <input_file id="fl-11">
         <path>Y:\Cody\Documents\TI\msp430\MSPWare_3_30_00_18\driverlib\driverlib\MSP432P4xx\ccs\</path>
         <kind>archive</kind>
         <file>msp432p4xx_driverlib.lib</file>
         <name>spi.o</name>
      </input_file>
      <input_file id="fl-12">
         <path>Y:\Cody\Documents\TI\msp430\MSPWare_3_30_00_18\driverlib\driverlib\MSP432P4xx\ccs\</path>
         <kind>archive</kind>
         <file>msp432p4xx_driverlib.lib</file>
         <name>sysctl.o</name>
      </input_file>
      <input_file id="fl-13">
         <path>Y:\Cody\Documents\TI\msp430\MSPWare_3_30_00_18\driverlib\driverlib\MSP432P4xx\ccs\</path>
         <kind>archive</kind>
         <file>msp432p4xx_driverlib.lib</file>
         <name>uart.o</name>
      </input_file>
      <input_file id="fl-14">
         <path>Y:\Cody\Documents\TI\msp430\MSPWare_3_30_00_18\driverlib\driverlib\MSP432P4xx\ccs\</path>
         <kind>archive</kind>
         <file>msp432p4xx_driverlib.lib</file>
         <name>wdt_a.o</name>
      </input_file>
      <input_file id="fl-15">
         <path>Y:\Cody\Documents\TI\msp430\MSPWare_3_30_00_18\driverlib\driverlib\MSP432P4xx\ccs\</path>
         <kind>archive</kind>
         <file>msp432p4xx_driverlib.lib</file>
         <name>cpu.o</name>
      </input_file>
      <input_file id="fl-137">
         <path>Y:\Cody\Documents\TI\ccsv6\tools\compiler\ti-cgt-arm_5.2.5\lib\</path>
         <kind>archive</kind>
         <file>rtsv7M4_T_le_v4SPD16_eabi.lib</file>
         <name>boot.obj</name>
      </input_file>
      <input_file id="fl-138">
         <path>Y:\Cody\Documents\TI\ccsv6\tools\compiler\ti-cgt-arm_5.2.5\lib\</path>
         <kind>archive</kind>
         <file>rtsv7M4_T_le_v4SPD16_eabi.lib</file>
         <name>copy_decompress_none.obj</name>
      </input_file>
      <input_file id="fl-139">
         <path>Y:\Cody\Documents\TI\ccsv6\tools\compiler\ti-cgt-arm_5.2.5\lib\</path>
         <kind>archive</kind>
         <file>rtsv7M4_T_le_v4SPD16_eabi.lib</file>
         <name>copy_decompress_rle.obj</name>
      </input_file>
      <input_file id="fl-13a">
         <path>Y:\Cody\Documents\TI\ccsv6\tools\compiler\ti-cgt-arm_5.2.5\lib\</path>
         <kind>archive</kind>
         <file>rtsv7M4_T_le_v4SPD16_eabi.lib</file>
         <name>copy_zero_init.obj</name>
      </input_file>
      <input_file id="fl-13b">
         <path>Y:\Cody\Documents\TI\ccsv6\tools\compiler\ti-cgt-arm_5.2.5\lib\</path>
         <kind>archive</kind>
         <file>rtsv7M4_T_le_v4SPD16_eabi.lib</file>
         <name>exit.obj</name>
      </input_file>
      <input_file id="fl-13c">
         <path>Y:\Cody\Documents\TI\ccsv6\tools\compiler\ti-cgt-arm_5.2.5\lib\</path>
         <kind>archive</kind>
         <file>rtsv7M4_T_le_v4SPD16_eabi.lib</file>
         <name>fd_toull_t2.obj</name>
      </input_file>
      <input_file id="fl-13d">
         <path>Y:\Cody\Documents\TI\ccsv6\tools\compiler\ti-cgt-arm_5.2.5\lib\</path>
         <kind>archive</kind>
         <file>rtsv7M4_T_le_v4SPD16_eabi.lib</file>
         <name>ll_div_t2.obj</name>
      </input_file>
      <input_file id="fl-13e">
         <path>Y:\Cody\Documents\TI\ccsv6\tools\compiler\ti-cgt-arm_5.2.5\lib\</path>
         <kind>archive</kind>
         <file>rtsv7M4_T_le_v4SPD16_eabi.lib</file>
         <name>ll_tofd_t2.obj</name>
      </input_file>
      <input_file id="fl-13f">
         <path>Y:\Cody\Documents\TI\ccsv6\tools\compiler\ti-cgt-arm_5.2.5\lib\</path>
         <kind>archive</kind>
         <file>rtsv7M4_T_le_v4SPD16_eabi.lib</file>
         <name>memcpy_t2.obj</name>
      </input_file>
      <input_file id="fl-140">
         <path>Y:\Cody\Documents\TI\ccsv6\tools\compiler\ti-cgt-arm_5.2.5\lib\</path>
         <kind>archive</kind>
         <file>rtsv7M4_T_le_v4SPD16_eabi.lib</file>
         <name>memset_t2.obj</name>
      </input_file>
      <input_file id="fl-141">
         <path>Y:\Cody\Documents\TI\ccsv6\tools\compiler\ti-cgt-arm_5.2.5\lib\</path>
         <kind>archive</kind>
         <file>rtsv7M4_T_le_v4SPD16_eabi.lib</file>
         <name>pre_init.obj</name>
      </input_file>
      <input_file id="fl-142">
         <path>Y:\Cody\Documents\TI\ccsv6\tools\compiler\ti-cgt-arm_5.2.5\lib\</path>
         <kind>archive</kind>
         <file>rtsv7M4_T_le_v4SPD16_eabi.lib</file>
         <name>roundl.obj</name>
      </input_file>
      <input_file id="fl-143">
         <path>Y:\Cody\Documents\TI\ccsv6\tools\compiler\ti-cgt-arm_5.2.5\lib\</path>
         <kind>archive</kind>
         <file>rtsv7M4_T_le_v4SPD16_eabi.lib</file>
         <name>stkdepth_vars.obj</name>
      </input_file>
      <input_file id="fl-144">
         <path>Y:\Cody\Documents\TI\ccsv6\tools\compiler\ti-cgt-arm_5.2.5\lib\</path>
         <kind>archive</kind>
         <file>rtsv7M4_T_le_v4SPD16_eabi.lib</file>
         <name>strlen.obj</name>
      </input_file>
      <input_file id="fl-145">
         <path>Y:\Cody\Documents\TI\ccsv6\tools\compiler\ti-cgt-arm_5.2.5\lib\</path>
         <kind>archive</kind>
         <file>rtsv7M4_T_le_v4SPD16_eabi.lib</file>
         <name>xldint.obj</name>
      </input_file>
      <input_file id="fl-146">
         <path>Y:\Cody\Documents\TI\ccsv6\tools\compiler\ti-cgt-arm_5.2.5\lib\</path>
         <kind>archive</kind>
         <file>rtsv7M4_T_le_v4SPD16_eabi.lib</file>
         <name>_lock.obj</name>
      </input_file>
      <input_file id="fl-147">
         <path>Y:\Cody\Documents\TI\ccsv6\tools\compiler\ti-cgt-arm_5.2.5\lib\</path>
         <kind>archive</kind>
         <file>rtsv7M4_T_le_v4SPD16_eabi.lib</file>
         <name>args_main.obj</name>
      </input_file>
      <input_file id="fl-148">
         <path>Y:\Cody\Documents\TI\ccsv6\tools\compiler\ti-cgt-arm_5.2.5\lib\</path>
         <kind>archive</kind>
         <file>rtsv7M4_T_le_v4SPD16_eabi.lib</file>
         <name>autoinit.obj</name>
      </input_file>
      <input_file id="fl-149">
         <path>Y:\Cody\Documents\TI\ccsv6\tools\compiler\ti-cgt-arm_5.2.5\lib\</path>
         <kind>archive</kind>
         <file>rtsv7M4_T_le_v4SPD16_eabi.lib</file>
         <name>cpy_tbl.obj</name>
      </input_file>
      <input_file id="fl-14a">
         <path>Y:\Cody\Documents\TI\ccsv6\tools\compiler\ti-cgt-arm_5.2.5\lib\</path>
         <kind>archive</kind>
         <file>rtsv7M4_T_le_v4SPD16_eabi.lib</file>
         <name>fd_add_t2.obj</name>
      </input_file>
      <input_file id="fl-14b">
         <path>Y:\Cody\Documents\TI\ccsv6\tools\compiler\ti-cgt-arm_5.2.5\lib\</path>
         <kind>archive</kind>
         <file>rtsv7M4_T_le_v4SPD16_eabi.lib</file>
         <name>fd_cmp_t2.obj</name>
      </input_file>
      <input_file id="fl-14c">
         <path>Y:\Cody\Documents\TI\ccsv6\tools\compiler\ti-cgt-arm_5.2.5\lib\</path>
         <kind>archive</kind>
         <file>rtsv7M4_T_le_v4SPD16_eabi.lib</file>
         <name>l_div0.obj</name>
      </input_file>
      <input_file id="fl-14d">
         <path>Y:\Cody\Documents\TI\ccsv6\tools\compiler\ti-cgt-arm_5.2.5\lib\</path>
         <kind>archive</kind>
         <file>rtsv7M4_T_le_v4SPD16_eabi.lib</file>
         <name>xdint.obj</name>
      </input_file>
   </input_file_list>
   <object_component_list>
      <object_component id="oc-27">
         <name>.intvecs:retain</name>
         <load_address>0x0</load_address>
         <run_address>0x0</run_address>
         <size>0x140</size>
         <input_file_ref idref="fl-5"/>
      </object_component>
      <object_component id="oc-72">
         <name>.text</name>
         <load_address>0x140</load_address>
         <run_address>0x140</run_address>
         <size>0x94c</size>
         <input_file_ref idref="fl-2"/>
      </object_component>
      <object_component id="oc-a9">
         <name>.text</name>
         <load_address>0xa8c</load_address>
         <run_address>0xa8c</run_address>
         <size>0x348</size>
         <input_file_ref idref="fl-6"/>
      </object_component>
      <object_component id="oc-122">
         <name>.text</name>
         <load_address>0xdd4</load_address>
         <run_address>0xdd4</run_address>
         <size>0x244</size>
         <input_file_ref idref="fl-3"/>
      </object_component>
      <object_component id="oc-176">
         <name>.text</name>
         <load_address>0x1018</load_address>
         <run_address>0x1018</run_address>
         <size>0x21e</size>
         <input_file_ref idref="fl-13d"/>
      </object_component>
      <object_component id="oc-274">
         <name>.text</name>
         <load_address>0x1236</load_address>
         <run_address>0x1236</run_address>
         <size>0x1b6</size>
         <input_file_ref idref="fl-14a"/>
      </object_component>
      <object_component id="oc-25e">
         <name>.text:_getIndexForMemRegister</name>
         <load_address>0x13ec</load_address>
         <run_address>0x13ec</run_address>
         <size>0x154</size>
         <input_file_ref idref="fl-c"/>
      </object_component>
      <object_component id="oc-140">
         <name>.text:CS_initClockSignal</name>
         <load_address>0x1540</load_address>
         <run_address>0x1540</run_address>
         <size>0xe0</size>
         <input_file_ref idref="fl-d"/>
      </object_component>
      <object_component id="oc-2d4">
         <name>.text</name>
         <load_address>0x1620</load_address>
         <run_address>0x1620</run_address>
         <size>0xc0</size>
         <input_file_ref idref="fl-14d"/>
      </object_component>
      <object_component id="oc-2b">
         <name>.text</name>
         <load_address>0x16e0</load_address>
         <run_address>0x16e0</run_address>
         <size>0x9c</size>
         <input_file_ref idref="fl-13f"/>
      </object_component>
      <object_component id="oc-180">
         <name>.text</name>
         <load_address>0x177c</load_address>
         <run_address>0x177c</run_address>
         <size>0x88</size>
         <input_file_ref idref="fl-142"/>
      </object_component>
      <object_component id="oc-26f">
         <name>.text:__aeabi_cdcmple</name>
         <load_address>0x1804</load_address>
         <run_address>0x1804</run_address>
         <size>0x86</size>
         <input_file_ref idref="fl-14b"/>
      </object_component>
      <object_component id="oc-44">
         <name>.text</name>
         <load_address>0x188a</load_address>
         <run_address>0x188a</run_address>
         <size>0x7a</size>
         <input_file_ref idref="fl-140"/>
      </object_component>
      <object_component id="oc-164">
         <name>.text:ADC14_configureMultiSequenceMode</name>
         <load_address>0x1904</load_address>
         <run_address>0x1904</run_address>
         <size>0x78</size>
         <input_file_ref idref="fl-c"/>
      </object_component>
      <object_component id="oc-16a">
         <name>.text:ADC14_configureConversionMemory</name>
         <load_address>0x197c</load_address>
         <run_address>0x197c</run_address>
         <size>0x6c</size>
         <input_file_ref idref="fl-c"/>
      </object_component>
      <object_component id="oc-56">
         <name>.text</name>
         <load_address>0x19e8</load_address>
         <run_address>0x19e8</run_address>
         <size>0x6c</size>
         <input_file_ref idref="fl-148"/>
      </object_component>
      <object_component id="oc-37">
         <name>.text</name>
         <load_address>0x1a54</load_address>
         <run_address>0x1a54</run_address>
         <size>0x6a</size>
         <input_file_ref idref="fl-139"/>
      </object_component>
      <object_component id="oc-267">
         <name>.text</name>
         <load_address>0x1abe</load_address>
         <run_address>0x1abe</run_address>
         <size>0x2</size>
         <input_file_ref idref="fl-14c"/>
      </object_component>
      <object_component id="oc-14f">
         <name>.text:Interrupt_enableInterrupt</name>
         <load_address>0x1ac0</load_address>
         <run_address>0x1ac0</run_address>
         <size>0x64</size>
         <input_file_ref idref="fl-10"/>
      </object_component>
      <object_component id="oc-186">
         <name>.text</name>
         <load_address>0x1b24</load_address>
         <run_address>0x1b24</run_address>
         <size>0x5c</size>
         <input_file_ref idref="fl-13c"/>
      </object_component>
      <object_component id="oc-22">
         <name>.text</name>
         <load_address>0x1b80</load_address>
         <run_address>0x1b80</run_address>
         <size>0x50</size>
         <input_file_ref idref="fl-137"/>
      </object_component>
      <object_component id="oc-94">
         <name>.text</name>
         <load_address>0x1bd0</load_address>
         <run_address>0x1bd0</run_address>
         <size>0x4c</size>
         <input_file_ref idref="fl-149"/>
      </object_component>
      <object_component id="oc-149">
         <name>.text:GPIO_setAsPeripheralModuleFunctionInputPin</name>
         <load_address>0x1c1c</load_address>
         <run_address>0x1c1c</run_address>
         <size>0x48</size>
         <input_file_ref idref="fl-e"/>
      </object_component>
      <object_component id="oc-c8">
         <name>.text:ADC14_getMultiSequenceResult</name>
         <load_address>0x1c64</load_address>
         <run_address>0x1c64</run_address>
         <size>0x44</size>
         <input_file_ref idref="fl-c"/>
      </object_component>
      <object_component id="oc-62">
         <name>.text</name>
         <load_address>0x1ca8</load_address>
         <run_address>0x1ca8</run_address>
         <size>0x44</size>
         <input_file_ref idref="fl-13b"/>
      </object_component>
      <object_component id="oc-17b">
         <name>.text</name>
         <load_address>0x1cec</load_address>
         <run_address>0x1cec</run_address>
         <size>0x40</size>
         <input_file_ref idref="fl-13e"/>
      </object_component>
      <object_component id="oc-194">
         <name>.text:I2C_initMaster</name>
         <load_address>0x1d2c</load_address>
         <run_address>0x1d2c</run_address>
         <size>0x3e</size>
         <input_file_ref idref="fl-f"/>
      </object_component>
      <object_component id="oc-15e">
         <name>.text:ADC14_initModule</name>
         <load_address>0x1d6c</load_address>
         <run_address>0x1d6c</run_address>
         <size>0x38</size>
         <input_file_ref idref="fl-c"/>
      </object_component>
      <object_component id="oc-1ac">
         <name>.text:I2C_masterSendMultiByteStart</name>
         <load_address>0x1da4</load_address>
         <run_address>0x1da4</run_address>
         <size>0x38</size>
         <input_file_ref idref="fl-f"/>
      </object_component>
      <object_component id="oc-e6">
         <name>.text:I2C_masterSendMultiByteStop</name>
         <load_address>0x1ddc</load_address>
         <run_address>0x1ddc</run_address>
         <size>0x30</size>
         <input_file_ref idref="fl-f"/>
      </object_component>
      <object_component id="oc-281">
         <name>.text:is_A_Module</name>
         <load_address>0x1e0c</load_address>
         <run_address>0x1e0c</run_address>
         <size>0x30</size>
         <input_file_ref idref="fl-11"/>
      </object_component>
      <object_component id="oc-bc">
         <name>.text:ADC14_getEnabledInterruptStatus</name>
         <load_address>0x1e3c</load_address>
         <run_address>0x1e3c</run_address>
         <size>0x24</size>
         <input_file_ref idref="fl-c"/>
      </object_component>
      <object_component id="oc-13a">
         <name>.text:CS_setDCOCenteredFrequency</name>
         <load_address>0x1e60</load_address>
         <run_address>0x1e60</run_address>
         <size>0x24</size>
         <input_file_ref idref="fl-d"/>
      </object_component>
      <object_component id="oc-11c">
         <name>.text:GPIO_setAsOutputPin</name>
         <load_address>0x1e84</load_address>
         <run_address>0x1e84</run_address>
         <size>0x24</size>
         <input_file_ref idref="fl-e"/>
      </object_component>
      <object_component id="oc-e0">
         <name>.text:I2C_masterSendMultiByteNext</name>
         <load_address>0x1ea8</load_address>
         <run_address>0x1ea8</run_address>
         <size>0x24</size>
         <input_file_ref idref="fl-f"/>
      </object_component>
      <object_component id="oc-214">
         <name>.text:UART_transmitData</name>
         <load_address>0x1ecc</load_address>
         <run_address>0x1ecc</run_address>
         <size>0x24</size>
         <input_file_ref idref="fl-13"/>
      </object_component>
      <object_component id="oc-c2">
         <name>.text:ADC14_clearInterruptFlag</name>
         <load_address>0x1ef0</load_address>
         <run_address>0x1ef0</run_address>
         <size>0x20</size>
         <input_file_ref idref="fl-c"/>
      </object_component>
      <object_component id="oc-170">
         <name>.text:ADC14_enableInterrupt</name>
         <load_address>0x1f10</load_address>
         <run_address>0x1f10</run_address>
         <size>0x20</size>
         <input_file_ref idref="fl-c"/>
      </object_component>
      <object_component id="oc-18b">
         <name>.text:SPI_getInterruptStatus</name>
         <load_address>0x1f30</load_address>
         <run_address>0x1f30</run_address>
         <size>0x20</size>
         <input_file_ref idref="fl-11"/>
      </object_component>
      <object_component id="oc-1f2">
         <name>.text:ADC14_getInterruptStatus</name>
         <load_address>0x1f50</load_address>
         <run_address>0x1f50</run_address>
         <size>0x1c</size>
         <input_file_ref idref="fl-c"/>
      </object_component>
      <object_component id="oc-b6">
         <name>.text:GPIO_setOutputLowOnPin</name>
         <load_address>0x1f6c</load_address>
         <run_address>0x1f6c</run_address>
         <size>0x18</size>
         <input_file_ref idref="fl-e"/>
      </object_component>
      <object_component id="oc-116">
         <name>.text:WDT_A_holdTimer</name>
         <load_address>0x1f84</load_address>
         <run_address>0x1f84</run_address>
         <size>0x18</size>
         <input_file_ref idref="fl-14"/>
      </object_component>
      <object_component id="oc-5c">
         <name>.text</name>
         <load_address>0x1f9c</load_address>
         <run_address>0x1f9c</run_address>
         <size>0x18</size>
         <input_file_ref idref="fl-147"/>
      </object_component>
      <object_component id="oc-257">
         <name>.text:ADCIsConversionRunning</name>
         <load_address>0x1fb4</load_address>
         <run_address>0x1fb4</run_address>
         <size>0x14</size>
         <input_file_ref idref="fl-c"/>
      </object_component>
      <object_component id="oc-b0">
         <name>.text:GPIO_setOutputHighOnPin</name>
         <load_address>0x1fc8</load_address>
         <run_address>0x1fc8</run_address>
         <size>0x14</size>
         <input_file_ref idref="fl-e"/>
      </object_component>
      <object_component id="oc-12e">
         <name>.text:GPIO_toggleOutputOnPin</name>
         <load_address>0x1fdc</load_address>
         <run_address>0x1fdc</run_address>
         <size>0x14</size>
         <input_file_ref idref="fl-e"/>
      </object_component>
      <object_component id="oc-ec">
         <name>.text:Interrupt_disableSleepOnIsrExit</name>
         <load_address>0x1ff0</load_address>
         <run_address>0x1ff0</run_address>
         <size>0x14</size>
         <input_file_ref idref="fl-10"/>
      </object_component>
      <object_component id="oc-1da">
         <name>.text</name>
         <load_address>0x2004</load_address>
         <run_address>0x2004</run_address>
         <size>0x14</size>
         <input_file_ref idref="fl-146"/>
      </object_component>
      <object_component id="oc-6c">
         <name>.text</name>
         <load_address>0x2018</load_address>
         <run_address>0x2018</run_address>
         <size>0x12</size>
         <input_file_ref idref="fl-5"/>
      </object_component>
      <object_component id="oc-158">
         <name>.text:ADC14_enableModule</name>
         <load_address>0x202c</load_address>
         <run_address>0x202c</run_address>
         <size>0x10</size>
         <input_file_ref idref="fl-c"/>
      </object_component>
      <object_component id="oc-1a6">
         <name>.text:I2C_masterIsStopSent</name>
         <load_address>0x203c</load_address>
         <run_address>0x203c</run_address>
         <size>0x10</size>
         <input_file_ref idref="fl-f"/>
      </object_component>
      <object_component id="oc-10a">
         <name>.text:I2C_masterReceiveMultiByteStop</name>
         <load_address>0x204c</load_address>
         <run_address>0x204c</run_address>
         <size>0x10</size>
         <input_file_ref idref="fl-f"/>
      </object_component>
      <object_component id="oc-fe">
         <name>.text:I2C_masterReceiveStart</name>
         <load_address>0x205c</load_address>
         <run_address>0x205c</run_address>
         <size>0x10</size>
         <input_file_ref idref="fl-f"/>
      </object_component>
      <object_component id="oc-da">
         <name>.text:I2C_masterSendStart</name>
         <load_address>0x206c</load_address>
         <run_address>0x206c</run_address>
         <size>0x10</size>
         <input_file_ref idref="fl-f"/>
      </object_component>
      <object_component id="oc-128">
         <name>.text:Interrupt_enableMaster</name>
         <load_address>0x207c</load_address>
         <run_address>0x207c</run_address>
         <size>0x10</size>
         <input_file_ref idref="fl-10"/>
      </object_component>
      <object_component id="oc-d4">
         <name>.text:I2C_clearInterruptFlag</name>
         <load_address>0x208c</load_address>
         <run_address>0x208c</run_address>
         <size>0xe</size>
         <input_file_ref idref="fl-f"/>
      </object_component>
      <object_component id="oc-f2">
         <name>.text:I2C_disableInterrupt</name>
         <load_address>0x209a</load_address>
         <run_address>0x209a</run_address>
         <size>0xe</size>
         <input_file_ref idref="fl-f"/>
      </object_component>
      <object_component id="oc-f8">
         <name>.text:I2C_setMode</name>
         <load_address>0x20a8</load_address>
         <run_address>0x20a8</run_address>
         <size>0xe</size>
         <input_file_ref idref="fl-f"/>
      </object_component>
      <object_component id="oc-10">
         <name>.text:decompress:none</name>
         <load_address>0x20b6</load_address>
         <run_address>0x20b6</run_address>
         <size>0xe</size>
         <input_file_ref idref="fl-138"/>
      </object_component>
      <object_component id="oc-225">
         <name>.text:CPU_cpsie</name>
         <load_address>0x20c4</load_address>
         <run_address>0x20c4</run_address>
         <size>0xc</size>
         <input_file_ref idref="fl-15"/>
      </object_component>
      <object_component id="oc-1a0">
         <name>.text:I2C_enableModule</name>
         <load_address>0x20d0</load_address>
         <run_address>0x20d0</run_address>
         <size>0xc</size>
         <input_file_ref idref="fl-f"/>
      </object_component>
      <object_component id="oc-1c">
         <name>.text:decompress:ZI</name>
         <load_address>0x20dc</load_address>
         <run_address>0x20dc</run_address>
         <size>0xc</size>
         <input_file_ref idref="fl-13a"/>
      </object_component>
      <object_component id="oc-287">
         <name>.text:EUSCI_A_SPI_getInterruptStatus</name>
         <load_address>0x20e8</load_address>
         <run_address>0x20e8</run_address>
         <size>0x8</size>
         <input_file_ref idref="fl-11"/>
      </object_component>
      <object_component id="oc-28d">
         <name>.text:EUSCI_B_SPI_getInterruptStatus</name>
         <load_address>0x20f0</load_address>
         <run_address>0x20f0</run_address>
         <size>0x8</size>
         <input_file_ref idref="fl-11"/>
      </object_component>
      <object_component id="oc-104">
         <name>.text:I2C_enableInterrupt</name>
         <load_address>0x20f8</load_address>
         <run_address>0x20f8</run_address>
         <size>0x8</size>
         <input_file_ref idref="fl-f"/>
      </object_component>
      <object_component id="oc-ce">
         <name>.text:I2C_getEnabledInterruptStatus</name>
         <load_address>0x2100</load_address>
         <run_address>0x2100</run_address>
         <size>0x6</size>
         <input_file_ref idref="fl-f"/>
      </object_component>
      <object_component id="oc-1ff">
         <name>.text:I2C_getInterruptStatus</name>
         <load_address>0x2106</load_address>
         <run_address>0x2106</run_address>
         <size>0x6</size>
         <input_file_ref idref="fl-f"/>
      </object_component>
      <object_component id="oc-110">
         <name>.text:I2C_masterReceiveMultiByteNext</name>
         <load_address>0x210c</load_address>
         <run_address>0x210c</run_address>
         <size>0x6</size>
         <input_file_ref idref="fl-f"/>
      </object_component>
      <object_component id="oc-16">
         <name>.text:decompress:rle24</name>
         <load_address>0x2112</load_address>
         <run_address>0x2112</run_address>
         <size>0x6</size>
         <input_file_ref idref="fl-139"/>
      </object_component>
      <object_component id="oc-19a">
         <name>.text:I2C_setSlaveAddress</name>
         <load_address>0x2118</load_address>
         <run_address>0x2118</run_address>
         <size>0x4</size>
         <input_file_ref idref="fl-f"/>
      </object_component>
      <object_component id="oc-50">
         <name>.text</name>
         <load_address>0x211c</load_address>
         <run_address>0x211c</run_address>
         <size>0x4</size>
         <input_file_ref idref="fl-141"/>
      </object_component>
      <object_component id="oc-279">
         <name>.text</name>
         <load_address>0x2120</load_address>
         <run_address>0x2120</run_address>
         <size>0x4</size>
         <input_file_ref idref="fl-145"/>
      </object_component>
      <object_component id="oc-1fa">
         <name>.const:_ctlRegs</name>
         <load_address>0x2124</load_address>
         <run_address>0x2124</run_address>
         <size>0x80</size>
         <input_file_ref idref="fl-c"/>
      </object_component>
      <object_component id="oc-1b5">
         <name>.const:PllClockRegisters</name>
         <load_address>0x21a4</load_address>
         <run_address>0x21a4</run_address>
         <size>0x64</size>
         <input_file_ref idref="fl-2"/>
      </object_component>
      <object_component id="oc-24f">
         <name>.const</name>
         <load_address>0x2208</load_address>
         <run_address>0x2208</run_address>
         <size>0x40</size>
         <input_file_ref idref="fl-10"/>
      </object_component>
      <object_component id="oc-1b2">
         <name>.const</name>
         <load_address>0x2248</load_address>
         <run_address>0x2248</run_address>
         <size>0x34</size>
         <input_file_ref idref="fl-2"/>
      </object_component>
      <object_component id="oc-2e3">
         <name>.const</name>
         <load_address>0x227c</load_address>
         <run_address>0x227c</run_address>
         <size>0x30</size>
         <input_file_ref idref="fl-14d"/>
      </object_component>
      <object_component id="oc-21b">
         <name>.const:dv</name>
         <load_address>0x22ac</load_address>
         <run_address>0x22ac</run_address>
         <size>0x28</size>
         <input_file_ref idref="fl-3"/>
      </object_component>
      <object_component id="oc-191">
         <name>.const:uartConfig</name>
         <load_address>0x22d4</load_address>
         <run_address>0x22d4</run_address>
         <size>0x24</size>
         <input_file_ref idref="fl-2"/>
      </object_component>
      <object_component id="oc-21a">
         <name>.const:.string</name>
         <load_address>0x22f8</load_address>
         <run_address>0x22f8</run_address>
         <size>0x10</size>
         <input_file_ref idref="fl-3"/>
      </object_component>
      <object_component id="oc-30f">
         <name>.cinit..data.load</name>
         <load_address>0x2308</load_address>
         <run_address>0x2308</run_address>
         <size>0x44</size>
      </object_component>
      <object_component id="oc-30d">
         <name>__TI_handler_table</name>
         <load_address>0x234c</load_address>
         <run_address>0x234c</run_address>
         <size>0xc</size>
      </object_component>
      <object_component id="oc-310">
         <name>.cinit..bss.load</name>
         <load_address>0x2358</load_address>
         <run_address>0x2358</run_address>
         <size>0x8</size>
      </object_component>
      <object_component id="oc-30e">
         <name>__TI_cinit_table</name>
         <load_address>0x2360</load_address>
         <run_address>0x2360</run_address>
         <size>0x10</size>
      </object_component>
      <object_component id="oc-2a">
         <name>.stack</name>
         <uninitialized>true</uninitialized>
         <run_address>0x2000fe00</run_address>
         <size>0x0</size>
         <input_file_ref idref="fl-137"/>
      </object_component>
      <object_component id="oc-311">
         <name>.stack</name>
         <uninitialized>true</uninitialized>
         <run_address>0x2000fe00</run_address>
         <size>0x0</size>
      </object_component>
      <object_component id="oc-155">
         <name>.bss:RXData</name>
         <uninitialized>true</uninitialized>
         <run_address>0x20000054</run_address>
         <size>0x2c</size>
         <input_file_ref idref="fl-2"/>
      </object_component>
      <object_component id="oc-146">
         <name>.common:TXByteCtr</name>
         <uninitialized>true</uninitialized>
         <run_address>0x20000088</run_address>
         <size>0x1</size>
      </object_component>
      <object_component id="oc-148">
         <name>.common:TXData</name>
         <uninitialized>true</uninitialized>
         <run_address>0x20000080</run_address>
         <size>0x4</size>
      </object_component>
      <object_component id="oc-147">
         <name>.common:xferIndex</name>
         <uninitialized>true</uninitialized>
         <run_address>0x20000084</run_address>
         <size>0x4</size>
      </object_component>
      <object_component id="oc-137">
         <name>.common:justSending</name>
         <uninitialized>true</uninitialized>
         <run_address>0x20000089</run_address>
         <size>0x1</size>
      </object_component>
      <object_component id="oc-134">
         <name>.data</name>
         <load_address>0x20000030</load_address>
         <run_address>0x20000030</run_address>
         <size>0xc</size>
         <input_file_ref idref="fl-2"/>
      </object_component>
      <object_component id="oc-1e8">
         <name>.data</name>
         <load_address>0x20000050</load_address>
         <run_address>0x20000050</run_address>
         <size>0x4</size>
         <input_file_ref idref="fl-6"/>
      </object_component>
      <object_component id="oc-1ec">
         <name>.data:GPIO_PORT_TO_BASE</name>
         <load_address>0x20000000</load_address>
         <run_address>0x20000000</run_address>
         <size>0x30</size>
         <input_file_ref idref="fl-e"/>
      </object_component>
      <object_component id="oc-a1">
         <name>.data</name>
         <load_address>0x20000044</load_address>
         <run_address>0x20000044</run_address>
         <size>0x8</size>
         <input_file_ref idref="fl-13b"/>
      </object_component>
      <object_component id="oc-68">
         <name>.data</name>
         <load_address>0x2000004c</load_address>
         <run_address>0x2000004c</run_address>
         <size>0x4</size>
         <input_file_ref idref="fl-143"/>
      </object_component>
      <object_component id="oc-9e">
         <name>.data</name>
         <load_address>0x2000003c</load_address>
         <run_address>0x2000003c</run_address>
         <size>0x8</size>
         <input_file_ref idref="fl-146"/>
      </object_component>
      <object_component id="oc-138">
         <name>.debug_info</name>
         <load_address>0x0</load_address>
         <run_address>0x0</run_address>
         <size>0xe97</size>
         <input_file_ref idref="fl-2"/>
      </object_component>
      <object_component id="oc-1b3">
         <name>.debug_info</name>
         <load_address>0xe97</load_address>
         <run_address>0xe97</run_address>
         <size>0x120</size>
         <input_file_ref idref="fl-2"/>
      </object_component>
      <object_component id="oc-156">
         <name>.debug_info</name>
         <load_address>0xfb7</load_address>
         <run_address>0xfb7</run_address>
         <size>0xc9</size>
         <input_file_ref idref="fl-2"/>
      </object_component>
      <object_component id="oc-1b6">
         <name>.debug_info</name>
         <load_address>0x1080</load_address>
         <run_address>0x1080</run_address>
         <size>0xe0</size>
         <input_file_ref idref="fl-2"/>
      </object_component>
      <object_component id="oc-135">
         <name>.debug_info</name>
         <load_address>0x1160</load_address>
         <run_address>0x1160</run_address>
         <size>0xd8</size>
         <input_file_ref idref="fl-2"/>
      </object_component>
      <object_component id="oc-192">
         <name>.debug_info</name>
         <load_address>0x1238</load_address>
         <run_address>0x1238</run_address>
         <size>0xd2</size>
         <input_file_ref idref="fl-2"/>
      </object_component>
      <object_component id="oc-73">
         <name>.debug_info</name>
         <load_address>0x130a</load_address>
         <run_address>0x130a</run_address>
         <size>0x13c2</size>
         <input_file_ref idref="fl-2"/>
      </object_component>
      <object_component id="oc-231">
         <name>.debug_info</name>
         <load_address>0x26cc</load_address>
         <run_address>0x26cc</run_address>
         <size>0x9a</size>
         <input_file_ref idref="fl-2"/>
      </object_component>
      <object_component id="oc-236">
         <name>.debug_info</name>
         <load_address>0x2766</load_address>
         <run_address>0x2766</run_address>
         <size>0x103c</size>
         <input_file_ref idref="fl-2"/>
      </object_component>
      <object_component id="oc-2c6">
         <name>.debug_info</name>
         <load_address>0x37a2</load_address>
         <run_address>0x37a2</run_address>
         <size>0x1b5</size>
         <input_file_ref idref="fl-2"/>
      </object_component>
      <object_component id="oc-23b">
         <name>.debug_info</name>
         <load_address>0x3957</load_address>
         <run_address>0x3957</run_address>
         <size>0xb3</size>
         <input_file_ref idref="fl-2"/>
      </object_component>
      <object_component id="oc-1b9">
         <name>.debug_info</name>
         <load_address>0x3a0a</load_address>
         <run_address>0x3a0a</run_address>
         <size>0x8b</size>
         <input_file_ref idref="fl-2"/>
      </object_component>
      <object_component id="oc-1be">
         <name>.debug_info</name>
         <load_address>0x3a95</load_address>
         <run_address>0x3a95</run_address>
         <size>0x18b</size>
         <input_file_ref idref="fl-2"/>
      </object_component>
      <object_component id="oc-8b">
         <name>.debug_info</name>
         <load_address>0x3c20</load_address>
         <run_address>0x3c20</run_address>
         <size>0x2c</size>
         <input_file_ref idref="fl-2"/>
      </object_component>
      <object_component id="oc-220">
         <name>.debug_info</name>
         <load_address>0x3c4c</load_address>
         <run_address>0x3c4c</run_address>
         <size>0x4e</size>
         <input_file_ref idref="fl-2"/>
      </object_component>
      <object_component id="oc-240">
         <name>.debug_info</name>
         <load_address>0x3c9a</load_address>
         <run_address>0x3c9a</run_address>
         <size>0x131</size>
         <input_file_ref idref="fl-2"/>
      </object_component>
      <object_component id="oc-245">
         <name>.debug_info</name>
         <load_address>0x3dcb</load_address>
         <run_address>0x3dcb</run_address>
         <size>0xee</size>
         <input_file_ref idref="fl-2"/>
      </object_component>
      <object_component id="oc-21f">
         <name>.debug_info</name>
         <load_address>0x3eb9</load_address>
         <run_address>0x3eb9</run_address>
         <size>0x3cd</size>
         <input_file_ref idref="fl-3"/>
      </object_component>
      <object_component id="oc-21c">
         <name>.debug_info</name>
         <load_address>0x4286</load_address>
         <run_address>0x4286</run_address>
         <size>0xc3</size>
         <input_file_ref idref="fl-3"/>
      </object_component>
      <object_component id="oc-125">
         <name>.debug_info</name>
         <load_address>0x4349</load_address>
         <run_address>0x4349</run_address>
         <size>0x42e</size>
         <input_file_ref idref="fl-3"/>
      </object_component>
      <object_component id="oc-83">
         <name>.debug_info</name>
         <load_address>0x4777</load_address>
         <run_address>0x4777</run_address>
         <size>0x84</size>
         <input_file_ref idref="fl-3"/>
      </object_component>
      <object_component id="oc-7a">
         <name>.debug_info</name>
         <load_address>0x47fb</load_address>
         <run_address>0x47fb</run_address>
         <size>0x192</size>
         <input_file_ref idref="fl-5"/>
      </object_component>
      <object_component id="oc-28">
         <name>.debug_info</name>
         <load_address>0x498d</load_address>
         <run_address>0x498d</run_address>
         <size>0xf1</size>
         <input_file_ref idref="fl-5"/>
      </object_component>
      <object_component id="oc-6e">
         <name>.debug_info</name>
         <load_address>0x4a7e</load_address>
         <run_address>0x4a7e</run_address>
         <size>0x258</size>
         <input_file_ref idref="fl-5"/>
      </object_component>
      <object_component id="oc-1e9">
         <name>.debug_info</name>
         <load_address>0x4cd6</load_address>
         <run_address>0x4cd6</run_address>
         <size>0xea</size>
         <input_file_ref idref="fl-6"/>
      </object_component>
      <object_component id="oc-aa">
         <name>.debug_info</name>
         <load_address>0x4dc0</load_address>
         <run_address>0x4dc0</run_address>
         <size>0x25c</size>
         <input_file_ref idref="fl-6"/>
      </object_component>
      <object_component id="oc-1fe">
         <name>.debug_info</name>
         <load_address>0x501c</load_address>
         <run_address>0x501c</run_address>
         <size>0x4ad</size>
         <input_file_ref idref="fl-c"/>
      </object_component>
      <object_component id="oc-1fb">
         <name>.debug_info</name>
         <load_address>0x54c9</load_address>
         <run_address>0x54c9</run_address>
         <size>0xb9</size>
         <input_file_ref idref="fl-c"/>
      </object_component>
      <object_component id="oc-25b">
         <name>.debug_info</name>
         <load_address>0x5582</load_address>
         <run_address>0x5582</run_address>
         <size>0xff</size>
         <input_file_ref idref="fl-c"/>
      </object_component>
      <object_component id="oc-162">
         <name>.debug_info</name>
         <load_address>0x5681</load_address>
         <run_address>0x5681</run_address>
         <size>0x23d</size>
         <input_file_ref idref="fl-c"/>
      </object_component>
      <object_component id="oc-262">
         <name>.debug_info</name>
         <load_address>0x58be</load_address>
         <run_address>0x58be</run_address>
         <size>0x1d0</size>
         <input_file_ref idref="fl-c"/>
      </object_component>
      <object_component id="oc-cc">
         <name>.debug_info</name>
         <load_address>0x5a8e</load_address>
         <run_address>0x5a8e</run_address>
         <size>0x15b</size>
         <input_file_ref idref="fl-c"/>
      </object_component>
      <object_component id="oc-1f6">
         <name>.debug_info</name>
         <load_address>0x5be9</load_address>
         <run_address>0x5be9</run_address>
         <size>0x11c</size>
         <input_file_ref idref="fl-c"/>
      </object_component>
      <object_component id="oc-c0">
         <name>.debug_info</name>
         <load_address>0x5d05</load_address>
         <run_address>0x5d05</run_address>
         <size>0x145</size>
         <input_file_ref idref="fl-c"/>
      </object_component>
      <object_component id="oc-15c">
         <name>.debug_info</name>
         <load_address>0x5e4a</load_address>
         <run_address>0x5e4a</run_address>
         <size>0xf4</size>
         <input_file_ref idref="fl-c"/>
      </object_component>
      <object_component id="oc-174">
         <name>.debug_info</name>
         <load_address>0x5f3e</load_address>
         <run_address>0x5f3e</run_address>
         <size>0x10e</size>
         <input_file_ref idref="fl-c"/>
      </object_component>
      <object_component id="oc-167">
         <name>.debug_info</name>
         <load_address>0x604c</load_address>
         <run_address>0x604c</run_address>
         <size>0x21e</size>
         <input_file_ref idref="fl-c"/>
      </object_component>
      <object_component id="oc-16d">
         <name>.debug_info</name>
         <load_address>0x626a</load_address>
         <run_address>0x626a</run_address>
         <size>0x27e</size>
         <input_file_ref idref="fl-c"/>
      </object_component>
      <object_component id="oc-c5">
         <name>.debug_info</name>
         <load_address>0x64e8</load_address>
         <run_address>0x64e8</run_address>
         <size>0x114</size>
         <input_file_ref idref="fl-c"/>
      </object_component>
      <object_component id="oc-2b0">
         <name>.debug_info</name>
         <load_address>0x65fc</load_address>
         <run_address>0x65fc</run_address>
         <size>0x103e</size>
         <input_file_ref idref="fl-c"/>
      </object_component>
      <object_component id="oc-24b">
         <name>.debug_info</name>
         <load_address>0x763a</load_address>
         <run_address>0x763a</run_address>
         <size>0x5e9</size>
         <input_file_ref idref="fl-d"/>
      </object_component>
      <object_component id="oc-13b">
         <name>.debug_info</name>
         <load_address>0x7c23</load_address>
         <run_address>0x7c23</run_address>
         <size>0x12c</size>
         <input_file_ref idref="fl-d"/>
      </object_component>
      <object_component id="oc-142">
         <name>.debug_info</name>
         <load_address>0x7d4f</load_address>
         <run_address>0x7d4f</run_address>
         <size>0x1b3</size>
         <input_file_ref idref="fl-d"/>
      </object_component>
      <object_component id="oc-1f0">
         <name>.debug_info</name>
         <load_address>0x7f02</load_address>
         <run_address>0x7f02</run_address>
         <size>0x49e</size>
         <input_file_ref idref="fl-e"/>
      </object_component>
      <object_component id="oc-1ed">
         <name>.debug_info</name>
         <load_address>0x83a0</load_address>
         <run_address>0x83a0</run_address>
         <size>0xca</size>
         <input_file_ref idref="fl-e"/>
      </object_component>
      <object_component id="oc-12f">
         <name>.debug_info</name>
         <load_address>0x846a</load_address>
         <run_address>0x846a</run_address>
         <size>0x17d</size>
         <input_file_ref idref="fl-e"/>
      </object_component>
      <object_component id="oc-b7">
         <name>.debug_info</name>
         <load_address>0x85e7</load_address>
         <run_address>0x85e7</run_address>
         <size>0x17d</size>
         <input_file_ref idref="fl-e"/>
      </object_component>
      <object_component id="oc-b1">
         <name>.debug_info</name>
         <load_address>0x8764</load_address>
         <run_address>0x8764</run_address>
         <size>0x17f</size>
         <input_file_ref idref="fl-e"/>
      </object_component>
      <object_component id="oc-14a">
         <name>.debug_info</name>
         <load_address>0x88e3</load_address>
         <run_address>0x88e3</run_address>
         <size>0x1d5</size>
         <input_file_ref idref="fl-e"/>
      </object_component>
      <object_component id="oc-11d">
         <name>.debug_info</name>
         <load_address>0x8ab8</load_address>
         <run_address>0x8ab8</run_address>
         <size>0x196</size>
         <input_file_ref idref="fl-e"/>
      </object_component>
      <object_component id="oc-206">
         <name>.debug_info</name>
         <load_address>0x8c4e</load_address>
         <run_address>0x8c4e</run_address>
         <size>0x4a6</size>
         <input_file_ref idref="fl-f"/>
      </object_component>
      <object_component id="oc-19b">
         <name>.debug_info</name>
         <load_address>0x90f4</load_address>
         <run_address>0x90f4</run_address>
         <size>0x17c</size>
         <input_file_ref idref="fl-f"/>
      </object_component>
      <object_component id="oc-f9">
         <name>.debug_info</name>
         <load_address>0x9270</load_address>
         <run_address>0x9270</run_address>
         <size>0x14c</size>
         <input_file_ref idref="fl-f"/>
      </object_component>
      <object_component id="oc-db">
         <name>.debug_info</name>
         <load_address>0x93bc</load_address>
         <run_address>0x93bc</run_address>
         <size>0x13d</size>
         <input_file_ref idref="fl-f"/>
      </object_component>
      <object_component id="oc-e7">
         <name>.debug_info</name>
         <load_address>0x94f9</load_address>
         <run_address>0x94f9</run_address>
         <size>0x14d</size>
         <input_file_ref idref="fl-f"/>
      </object_component>
      <object_component id="oc-1ad">
         <name>.debug_info</name>
         <load_address>0x9646</load_address>
         <run_address>0x9646</run_address>
         <size>0x196</size>
         <input_file_ref idref="fl-f"/>
      </object_component>
      <object_component id="oc-e2">
         <name>.debug_info</name>
         <load_address>0x97dc</load_address>
         <run_address>0x97dc</run_address>
         <size>0x177</size>
         <input_file_ref idref="fl-f"/>
      </object_component>
      <object_component id="oc-100">
         <name>.debug_info</name>
         <load_address>0x9953</load_address>
         <run_address>0x9953</run_address>
         <size>0x143</size>
         <input_file_ref idref="fl-f"/>
      </object_component>
      <object_component id="oc-10c">
         <name>.debug_info</name>
         <load_address>0x9a96</load_address>
         <run_address>0x9a96</run_address>
         <size>0x153</size>
         <input_file_ref idref="fl-f"/>
      </object_component>
      <object_component id="oc-112">
         <name>.debug_info</name>
         <load_address>0x9be9</load_address>
         <run_address>0x9be9</run_address>
         <size>0x157</size>
         <input_file_ref idref="fl-f"/>
      </object_component>
      <object_component id="oc-1a8">
         <name>.debug_info</name>
         <load_address>0x9d40</load_address>
         <run_address>0x9d40</run_address>
         <size>0x143</size>
         <input_file_ref idref="fl-f"/>
      </object_component>
      <object_component id="oc-196">
         <name>.debug_info</name>
         <load_address>0x9e83</load_address>
         <run_address>0x9e83</run_address>
         <size>0x15a</size>
         <input_file_ref idref="fl-f"/>
      </object_component>
      <object_component id="oc-201">
         <name>.debug_info</name>
         <load_address>0x9fdd</load_address>
         <run_address>0x9fdd</run_address>
         <size>0x169</size>
         <input_file_ref idref="fl-f"/>
      </object_component>
      <object_component id="oc-d0">
         <name>.debug_info</name>
         <load_address>0xa146</load_address>
         <run_address>0xa146</run_address>
         <size>0x16d</size>
         <input_file_ref idref="fl-f"/>
      </object_component>
      <object_component id="oc-1a2">
         <name>.debug_info</name>
         <load_address>0xa2b3</load_address>
         <run_address>0xa2b3</run_address>
         <size>0x134</size>
         <input_file_ref idref="fl-f"/>
      </object_component>
      <object_component id="oc-106">
         <name>.debug_info</name>
         <load_address>0xa3e7</load_address>
         <run_address>0xa3e7</run_address>
         <size>0x15f</size>
         <input_file_ref idref="fl-f"/>
      </object_component>
      <object_component id="oc-f4">
         <name>.debug_info</name>
         <load_address>0xa546</load_address>
         <run_address>0xa546</run_address>
         <size>0x161</size>
         <input_file_ref idref="fl-f"/>
      </object_component>
      <object_component id="oc-d6">
         <name>.debug_info</name>
         <load_address>0xa6a7</load_address>
         <run_address>0xa6a7</run_address>
         <size>0x165</size>
         <input_file_ref idref="fl-f"/>
      </object_component>
      <object_component id="oc-253">
         <name>.debug_info</name>
         <load_address>0xa80c</load_address>
         <run_address>0xa80c</run_address>
         <size>0x42c</size>
         <input_file_ref idref="fl-10"/>
      </object_component>
      <object_component id="oc-250">
         <name>.debug_info</name>
         <load_address>0xac38</load_address>
         <run_address>0xac38</run_address>
         <size>0x16d</size>
         <input_file_ref idref="fl-10"/>
      </object_component>
      <object_component id="oc-12a">
         <name>.debug_info</name>
         <load_address>0xada5</load_address>
         <run_address>0xada5</run_address>
         <size>0x11c</size>
         <input_file_ref idref="fl-10"/>
      </object_component>
      <object_component id="oc-151">
         <name>.debug_info</name>
         <load_address>0xaec1</load_address>
         <run_address>0xaec1</run_address>
         <size>0x165</size>
         <input_file_ref idref="fl-10"/>
      </object_component>
      <object_component id="oc-ee">
         <name>.debug_info</name>
         <load_address>0xb026</load_address>
         <run_address>0xb026</run_address>
         <size>0x11d</size>
         <input_file_ref idref="fl-10"/>
      </object_component>
      <object_component id="oc-294">
         <name>.debug_info</name>
         <load_address>0xb143</load_address>
         <run_address>0xb143</run_address>
         <size>0x4ab</size>
         <input_file_ref idref="fl-11"/>
      </object_component>
      <object_component id="oc-283">
         <name>.debug_info</name>
         <load_address>0xb5ee</load_address>
         <run_address>0xb5ee</run_address>
         <size>0x10d</size>
         <input_file_ref idref="fl-11"/>
      </object_component>
      <object_component id="oc-289">
         <name>.debug_info</name>
         <load_address>0xb6fb</load_address>
         <run_address>0xb6fb</run_address>
         <size>0x16d</size>
         <input_file_ref idref="fl-11"/>
      </object_component>
      <object_component id="oc-28f">
         <name>.debug_info</name>
         <load_address>0xb868</load_address>
         <run_address>0xb868</run_address>
         <size>0x16d</size>
         <input_file_ref idref="fl-11"/>
      </object_component>
      <object_component id="oc-18d">
         <name>.debug_info</name>
         <load_address>0xb9d5</load_address>
         <run_address>0xb9d5</run_address>
         <size>0x1cb</size>
         <input_file_ref idref="fl-11"/>
      </object_component>
      <object_component id="oc-2be">
         <name>.debug_info</name>
         <load_address>0xbba0</load_address>
         <run_address>0xbba0</run_address>
         <size>0x492</size>
         <input_file_ref idref="fl-13"/>
      </object_component>
      <object_component id="oc-215">
         <name>.debug_info</name>
         <load_address>0xc032</load_address>
         <run_address>0xc032</run_address>
         <size>0x17b</size>
         <input_file_ref idref="fl-13"/>
      </object_component>
      <object_component id="oc-117">
         <name>.debug_info</name>
         <load_address>0xc1ad</load_address>
         <run_address>0xc1ad</run_address>
         <size>0x10f</size>
         <input_file_ref idref="fl-14"/>
      </object_component>
      <object_component id="oc-227">
         <name>.debug_info</name>
         <load_address>0xc2bc</load_address>
         <run_address>0xc2bc</run_address>
         <size>0xe1</size>
         <input_file_ref idref="fl-15"/>
      </object_component>
      <object_component id="oc-23">
         <name>.debug_info</name>
         <load_address>0xc39d</load_address>
         <run_address>0xc39d</run_address>
         <size>0x134</size>
         <input_file_ref idref="fl-137"/>
      </object_component>
      <object_component id="oc-36">
         <name>.debug_info</name>
         <load_address>0xc4d1</load_address>
         <run_address>0xc4d1</run_address>
         <size>0x121</size>
         <input_file_ref idref="fl-138"/>
      </object_component>
      <object_component id="oc-12">
         <name>.debug_info</name>
         <load_address>0xc5f2</load_address>
         <run_address>0xc5f2</run_address>
         <size>0x1c0</size>
         <input_file_ref idref="fl-138"/>
      </object_component>
      <object_component id="oc-31">
         <name>.debug_info</name>
         <load_address>0xc7b2</load_address>
         <run_address>0xc7b2</run_address>
         <size>0x46</size>
         <input_file_ref idref="fl-138"/>
      </object_component>
      <object_component id="oc-7c">
         <name>.debug_info</name>
         <load_address>0xc7f8</load_address>
         <run_address>0xc7f8</run_address>
         <size>0x2c</size>
         <input_file_ref idref="fl-138"/>
      </object_component>
      <object_component id="oc-3e">
         <name>.debug_info</name>
         <load_address>0xc824</load_address>
         <run_address>0xc824</run_address>
         <size>0x115</size>
         <input_file_ref idref="fl-139"/>
      </object_component>
      <object_component id="oc-38">
         <name>.debug_info</name>
         <load_address>0xc939</load_address>
         <run_address>0xc939</run_address>
         <size>0x228</size>
         <input_file_ref idref="fl-139"/>
      </object_component>
      <object_component id="oc-17">
         <name>.debug_info</name>
         <load_address>0xcb61</load_address>
         <run_address>0xcb61</run_address>
         <size>0x192</size>
         <input_file_ref idref="fl-139"/>
      </object_component>
      <object_component id="oc-3f">
         <name>.debug_info</name>
         <load_address>0xccf3</load_address>
         <run_address>0xccf3</run_address>
         <size>0x39</size>
         <input_file_ref idref="fl-139"/>
      </object_component>
      <object_component id="oc-4f">
         <name>.debug_info</name>
         <load_address>0xcd2c</load_address>
         <run_address>0xcd2c</run_address>
         <size>0x110</size>
         <input_file_ref idref="fl-13a"/>
      </object_component>
      <object_component id="oc-1d">
         <name>.debug_info</name>
         <load_address>0xce3c</load_address>
         <run_address>0xce3c</run_address>
         <size>0x18b</size>
         <input_file_ref idref="fl-13a"/>
      </object_component>
      <object_component id="oc-4a">
         <name>.debug_info</name>
         <load_address>0xcfc7</load_address>
         <run_address>0xcfc7</run_address>
         <size>0x46</size>
         <input_file_ref idref="fl-13a"/>
      </object_component>
      <object_component id="oc-a5">
         <name>.debug_info</name>
         <load_address>0xd00d</load_address>
         <run_address>0xd00d</run_address>
         <size>0x172</size>
         <input_file_ref idref="fl-13b"/>
      </object_component>
      <object_component id="oc-a2">
         <name>.debug_info</name>
         <load_address>0xd17f</load_address>
         <run_address>0xd17f</run_address>
         <size>0x117</size>
         <input_file_ref idref="fl-13b"/>
      </object_component>
      <object_component id="oc-63">
         <name>.debug_info</name>
         <load_address>0xd296</load_address>
         <run_address>0xd296</run_address>
         <size>0x1ee</size>
         <input_file_ref idref="fl-13b"/>
      </object_component>
      <object_component id="oc-187">
         <name>.debug_info</name>
         <load_address>0xd484</load_address>
         <run_address>0xd484</run_address>
         <size>0x118</size>
         <input_file_ref idref="fl-13c"/>
      </object_component>
      <object_component id="oc-178">
         <name>.debug_info</name>
         <load_address>0xd59c</load_address>
         <run_address>0xd59c</run_address>
         <size>0x11f</size>
         <input_file_ref idref="fl-13d"/>
      </object_component>
      <object_component id="oc-17c">
         <name>.debug_info</name>
         <load_address>0xd6bb</load_address>
         <run_address>0xd6bb</run_address>
         <size>0x104</size>
         <input_file_ref idref="fl-13e"/>
      </object_component>
      <object_component id="oc-2c">
         <name>.debug_info</name>
         <load_address>0xd7bf</load_address>
         <run_address>0xd7bf</run_address>
         <size>0xf6</size>
         <input_file_ref idref="fl-13f"/>
      </object_component>
      <object_component id="oc-46">
         <name>.debug_info</name>
         <load_address>0xd8b5</load_address>
         <run_address>0xd8b5</run_address>
         <size>0x124</size>
         <input_file_ref idref="fl-140"/>
      </object_component>
      <object_component id="oc-51">
         <name>.debug_info</name>
         <load_address>0xd9d9</load_address>
         <run_address>0xd9d9</run_address>
         <size>0x129</size>
         <input_file_ref idref="fl-141"/>
      </object_component>
      <object_component id="oc-182">
         <name>.debug_info</name>
         <load_address>0xdb02</load_address>
         <run_address>0xdb02</run_address>
         <size>0x172</size>
         <input_file_ref idref="fl-142"/>
      </object_component>
      <object_component id="oc-69">
         <name>.debug_info</name>
         <load_address>0xdc74</load_address>
         <run_address>0xdc74</run_address>
         <size>0xea</size>
         <input_file_ref idref="fl-143"/>
      </object_component>
      <object_component id="oc-2db">
         <name>.debug_info</name>
         <load_address>0xdd5e</load_address>
         <run_address>0xdd5e</run_address>
         <size>0xec</size>
         <input_file_ref idref="fl-145"/>
      </object_component>
      <object_component id="oc-27a">
         <name>.debug_info</name>
         <load_address>0xde4a</load_address>
         <run_address>0xde4a</run_address>
         <size>0x134</size>
         <input_file_ref idref="fl-145"/>
      </object_component>
      <object_component id="oc-1e2">
         <name>.debug_info</name>
         <load_address>0xdf7e</load_address>
         <run_address>0xdf7e</run_address>
         <size>0x105</size>
         <input_file_ref idref="fl-146"/>
      </object_component>
      <object_component id="oc-9f">
         <name>.debug_info</name>
         <load_address>0xe083</load_address>
         <run_address>0xe083</run_address>
         <size>0xf4</size>
         <input_file_ref idref="fl-146"/>
      </object_component>
      <object_component id="oc-1db">
         <name>.debug_info</name>
         <load_address>0xe177</load_address>
         <run_address>0xe177</run_address>
         <size>0x200</size>
         <input_file_ref idref="fl-146"/>
      </object_component>
      <object_component id="oc-9d">
         <name>.debug_info</name>
         <load_address>0xe377</load_address>
         <run_address>0xe377</run_address>
         <size>0x147</size>
         <input_file_ref idref="fl-147"/>
      </object_component>
      <object_component id="oc-5e">
         <name>.debug_info</name>
         <load_address>0xe4be</load_address>
         <run_address>0xe4be</run_address>
         <size>0x148</size>
         <input_file_ref idref="fl-147"/>
      </object_component>
      <object_component id="oc-1d5">
         <name>.debug_info</name>
         <load_address>0xe606</load_address>
         <run_address>0xe606</run_address>
         <size>0x5e</size>
         <input_file_ref idref="fl-147"/>
      </object_component>
      <object_component id="oc-9b">
         <name>.debug_info</name>
         <load_address>0xe664</load_address>
         <run_address>0xe664</run_address>
         <size>0x29e</size>
         <input_file_ref idref="fl-148"/>
      </object_component>
      <object_component id="oc-59">
         <name>.debug_info</name>
         <load_address>0xe902</load_address>
         <run_address>0xe902</run_address>
         <size>0x158</size>
         <input_file_ref idref="fl-148"/>
      </object_component>
      <object_component id="oc-1c9">
         <name>.debug_info</name>
         <load_address>0xea5a</load_address>
         <run_address>0xea5a</run_address>
         <size>0x39</size>
         <input_file_ref idref="fl-148"/>
      </object_component>
      <object_component id="oc-1ce">
         <name>.debug_info</name>
         <load_address>0xea93</load_address>
         <run_address>0xea93</run_address>
         <size>0xcd</size>
         <input_file_ref idref="fl-148"/>
      </object_component>
      <object_component id="oc-1c6">
         <name>.debug_info</name>
         <load_address>0xeb60</load_address>
         <run_address>0xeb60</run_address>
         <size>0x1c1</size>
         <input_file_ref idref="fl-149"/>
      </object_component>
      <object_component id="oc-95">
         <name>.debug_info</name>
         <load_address>0xed21</load_address>
         <run_address>0xed21</run_address>
         <size>0x164</size>
         <input_file_ref idref="fl-149"/>
      </object_component>
      <object_component id="oc-2a2">
         <name>.debug_info</name>
         <load_address>0xee85</load_address>
         <run_address>0xee85</run_address>
         <size>0x2c</size>
         <input_file_ref idref="fl-149"/>
      </object_component>
      <object_component id="oc-276">
         <name>.debug_info</name>
         <load_address>0xeeb1</load_address>
         <run_address>0xeeb1</run_address>
         <size>0x129</size>
         <input_file_ref idref="fl-14a"/>
      </object_component>
      <object_component id="oc-272">
         <name>.debug_info</name>
         <load_address>0xefda</load_address>
         <run_address>0xefda</run_address>
         <size>0x105</size>
         <input_file_ref idref="fl-14b"/>
      </object_component>
      <object_component id="oc-26a">
         <name>.debug_info</name>
         <load_address>0xf0df</load_address>
         <run_address>0xf0df</run_address>
         <size>0x128</size>
         <input_file_ref idref="fl-14c"/>
      </object_component>
      <object_component id="oc-2e5">
         <name>.debug_info</name>
         <load_address>0xf207</load_address>
         <run_address>0xf207</run_address>
         <size>0x13b</size>
         <input_file_ref idref="fl-14d"/>
      </object_component>
      <object_component id="oc-2d6">
         <name>.debug_info</name>
         <load_address>0xf342</load_address>
         <run_address>0xf342</run_address>
         <size>0x1a2</size>
         <input_file_ref idref="fl-14d"/>
      </object_component>
      <object_component id="oc-312">
         <name>.debug_info</name>
         <load_address>0xf4e4</load_address>
         <run_address>0xf4e4</run_address>
         <size>0xa4</size>
      </object_component>
      <object_component id="oc-230">
         <name>.debug_line</name>
         <load_address>0x0</load_address>
         <run_address>0x0</run_address>
         <size>0x343</size>
         <input_file_ref idref="fl-2"/>
      </object_component>
      <object_component id="oc-29d">
         <name>.debug_line</name>
         <load_address>0x343</load_address>
         <run_address>0x343</run_address>
         <size>0x2d</size>
         <input_file_ref idref="fl-2"/>
      </object_component>
      <object_component id="oc-255">
         <name>.debug_line</name>
         <load_address>0x370</load_address>
         <run_address>0x370</run_address>
         <size>0x2d</size>
         <input_file_ref idref="fl-2"/>
      </object_component>
      <object_component id="oc-29f">
         <name>.debug_line</name>
         <load_address>0x39d</load_address>
         <run_address>0x39d</run_address>
         <size>0x2d</size>
         <input_file_ref idref="fl-2"/>
      </object_component>
      <object_component id="oc-22e">
         <name>.debug_line</name>
         <load_address>0x3ca</load_address>
         <run_address>0x3ca</run_address>
         <size>0x2d</size>
         <input_file_ref idref="fl-2"/>
      </object_component>
      <object_component id="oc-296">
         <name>.debug_line</name>
         <load_address>0x3f7</load_address>
         <run_address>0x3f7</run_address>
         <size>0x2d</size>
         <input_file_ref idref="fl-2"/>
      </object_component>
      <object_component id="oc-77">
         <name>.debug_line</name>
         <load_address>0x424</load_address>
         <run_address>0x424</run_address>
         <size>0x42e</size>
         <input_file_ref idref="fl-2"/>
      </object_component>
      <object_component id="oc-234">
         <name>.debug_line</name>
         <load_address>0x852</load_address>
         <run_address>0x852</run_address>
         <size>0x77</size>
         <input_file_ref idref="fl-2"/>
      </object_component>
      <object_component id="oc-239">
         <name>.debug_line</name>
         <load_address>0x8c9</load_address>
         <run_address>0x8c9</run_address>
         <size>0x64</size>
         <input_file_ref idref="fl-2"/>
      </object_component>
      <object_component id="oc-2c9">
         <name>.debug_line</name>
         <load_address>0x92d</load_address>
         <run_address>0x92d</run_address>
         <size>0x7a</size>
         <input_file_ref idref="fl-2"/>
      </object_component>
      <object_component id="oc-23e">
         <name>.debug_line</name>
         <load_address>0x9a7</load_address>
         <run_address>0x9a7</run_address>
         <size>0x2d</size>
         <input_file_ref idref="fl-2"/>
      </object_component>
      <object_component id="oc-1bc">
         <name>.debug_line</name>
         <load_address>0x9d4</load_address>
         <run_address>0x9d4</run_address>
         <size>0x20</size>
         <input_file_ref idref="fl-2"/>
      </object_component>
      <object_component id="oc-1c1">
         <name>.debug_line</name>
         <load_address>0x9f4</load_address>
         <run_address>0x9f4</run_address>
         <size>0x6f</size>
         <input_file_ref idref="fl-2"/>
      </object_component>
      <object_component id="oc-8e">
         <name>.debug_line</name>
         <load_address>0xa63</load_address>
         <run_address>0xa63</run_address>
         <size>0x6f</size>
         <input_file_ref idref="fl-2"/>
      </object_component>
      <object_component id="oc-223">
         <name>.debug_line</name>
         <load_address>0xad2</load_address>
         <run_address>0xad2</run_address>
         <size>0x6f</size>
         <input_file_ref idref="fl-2"/>
      </object_component>
      <object_component id="oc-243">
         <name>.debug_line</name>
         <load_address>0xb41</load_address>
         <run_address>0xb41</run_address>
         <size>0x77</size>
         <input_file_ref idref="fl-2"/>
      </object_component>
      <object_component id="oc-248">
         <name>.debug_line</name>
         <load_address>0xbb8</load_address>
         <run_address>0xbb8</run_address>
         <size>0x78</size>
         <input_file_ref idref="fl-2"/>
      </object_component>
      <object_component id="oc-2c2">
         <name>.debug_line</name>
         <load_address>0xc30</load_address>
         <run_address>0xc30</run_address>
         <size>0x78</size>
         <input_file_ref idref="fl-3"/>
      </object_component>
      <object_component id="oc-2c0">
         <name>.debug_line</name>
         <load_address>0xca8</load_address>
         <run_address>0xca8</run_address>
         <size>0x2f</size>
         <input_file_ref idref="fl-3"/>
      </object_component>
      <object_component id="oc-124">
         <name>.debug_line</name>
         <load_address>0xcd7</load_address>
         <run_address>0xcd7</run_address>
         <size>0x14d</size>
         <input_file_ref idref="fl-3"/>
      </object_component>
      <object_component id="oc-86">
         <name>.debug_line</name>
         <load_address>0xe24</load_address>
         <run_address>0xe24</run_address>
         <size>0x20</size>
         <input_file_ref idref="fl-3"/>
      </object_component>
      <object_component id="oc-1c4">
         <name>.debug_line</name>
         <load_address>0xe44</load_address>
         <run_address>0xe44</run_address>
         <size>0x40</size>
         <input_file_ref idref="fl-5"/>
      </object_component>
      <object_component id="oc-79">
         <name>.debug_line</name>
         <load_address>0xe84</load_address>
         <run_address>0xe84</run_address>
         <size>0x40</size>
         <input_file_ref idref="fl-5"/>
      </object_component>
      <object_component id="oc-71">
         <name>.debug_line</name>
         <load_address>0xec4</load_address>
         <run_address>0xec4</run_address>
         <size>0xa1</size>
         <input_file_ref idref="fl-5"/>
      </object_component>
      <object_component id="oc-2ab">
         <name>.debug_line</name>
         <load_address>0xf65</load_address>
         <run_address>0xf65</run_address>
         <size>0x3b</size>
         <input_file_ref idref="fl-6"/>
      </object_component>
      <object_component id="oc-ad">
         <name>.debug_line</name>
         <load_address>0xfa0</load_address>
         <run_address>0xfa0</run_address>
         <size>0x157</size>
         <input_file_ref idref="fl-6"/>
      </object_component>
      <object_component id="oc-2b9">
         <name>.debug_line</name>
         <load_address>0x10f7</load_address>
         <run_address>0x10f7</run_address>
         <size>0x31</size>
         <input_file_ref idref="fl-c"/>
      </object_component>
      <object_component id="oc-2b7">
         <name>.debug_line</name>
         <load_address>0x1128</load_address>
         <run_address>0x1128</run_address>
         <size>0x2b</size>
         <input_file_ref idref="fl-c"/>
      </object_component>
      <object_component id="oc-259">
         <name>.debug_line</name>
         <load_address>0x1153</load_address>
         <run_address>0x1153</run_address>
         <size>0x40</size>
         <input_file_ref idref="fl-c"/>
      </object_component>
      <object_component id="oc-160">
         <name>.debug_line</name>
         <load_address>0x1193</load_address>
         <run_address>0x1193</run_address>
         <size>0x4d</size>
         <input_file_ref idref="fl-c"/>
      </object_component>
      <object_component id="oc-260">
         <name>.debug_line</name>
         <load_address>0x11e0</load_address>
         <run_address>0x11e0</run_address>
         <size>0x62</size>
         <input_file_ref idref="fl-c"/>
      </object_component>
      <object_component id="oc-ca">
         <name>.debug_line</name>
         <load_address>0x1242</load_address>
         <run_address>0x1242</run_address>
         <size>0x59</size>
         <input_file_ref idref="fl-c"/>
      </object_component>
      <object_component id="oc-1f4">
         <name>.debug_line</name>
         <load_address>0x129b</load_address>
         <run_address>0x129b</run_address>
         <size>0x43</size>
         <input_file_ref idref="fl-c"/>
      </object_component>
      <object_component id="oc-be">
         <name>.debug_line</name>
         <load_address>0x12de</load_address>
         <run_address>0x12de</run_address>
         <size>0x43</size>
         <input_file_ref idref="fl-c"/>
      </object_component>
      <object_component id="oc-15a">
         <name>.debug_line</name>
         <load_address>0x1321</load_address>
         <run_address>0x1321</run_address>
         <size>0x40</size>
         <input_file_ref idref="fl-c"/>
      </object_component>
      <object_component id="oc-172">
         <name>.debug_line</name>
         <load_address>0x1361</load_address>
         <run_address>0x1361</run_address>
         <size>0x41</size>
         <input_file_ref idref="fl-c"/>
      </object_component>
      <object_component id="oc-166">
         <name>.debug_line</name>
         <load_address>0x13a2</load_address>
         <run_address>0x13a2</run_address>
         <size>0x68</size>
         <input_file_ref idref="fl-c"/>
      </object_component>
      <object_component id="oc-16c">
         <name>.debug_line</name>
         <load_address>0x140a</load_address>
         <run_address>0x140a</run_address>
         <size>0x7d</size>
         <input_file_ref idref="fl-c"/>
      </object_component>
      <object_component id="oc-c4">
         <name>.debug_line</name>
         <load_address>0x1487</load_address>
         <run_address>0x1487</run_address>
         <size>0x41</size>
         <input_file_ref idref="fl-c"/>
      </object_component>
      <object_component id="oc-2b3">
         <name>.debug_line</name>
         <load_address>0x14c8</load_address>
         <run_address>0x14c8</run_address>
         <size>0x5e</size>
         <input_file_ref idref="fl-c"/>
      </object_component>
      <object_component id="oc-2c5">
         <name>.debug_line</name>
         <load_address>0x1526</load_address>
         <run_address>0x1526</run_address>
         <size>0x47</size>
         <input_file_ref idref="fl-d"/>
      </object_component>
      <object_component id="oc-13e">
         <name>.debug_line</name>
         <load_address>0x156d</load_address>
         <run_address>0x156d</run_address>
         <size>0x41</size>
         <input_file_ref idref="fl-d"/>
      </object_component>
      <object_component id="oc-141">
         <name>.debug_line</name>
         <load_address>0x15ae</load_address>
         <run_address>0x15ae</run_address>
         <size>0x99</size>
         <input_file_ref idref="fl-d"/>
      </object_component>
      <object_component id="oc-2af">
         <name>.debug_line</name>
         <load_address>0x1647</load_address>
         <run_address>0x1647</run_address>
         <size>0x31</size>
         <input_file_ref idref="fl-e"/>
      </object_component>
      <object_component id="oc-2ad">
         <name>.debug_line</name>
         <load_address>0x1678</load_address>
         <run_address>0x1678</run_address>
         <size>0x2a</size>
         <input_file_ref idref="fl-e"/>
      </object_component>
[...]
      </symbol>
      <symbol id="sm-8">
         <name>__STACK_SIZE</name>
         <value>0x200</value>
      </symbol>
      <symbol id="sm-9">
         <name>__STACK_END</name>
         <value>0x20010000</value>
      </symbol>
      <symbol id="sm-a">
         <name>__c_args__</name>
         <value>0xffffffff</value>
      </symbol>
      <symbol id="sm-119">
         <name>updateVersaclockRegs</name>
         <value>0x8f1</value>
         <object_component_ref idref="oc-72"/>
      </symbol>
      <symbol id="sm-11a">
         <name>initializeADC</name>
         <value>0x45d</value>
         <object_component_ref idref="oc-72"/>
      </symbol>
      <symbol id="sm-11b">
         <name>uartConfig</name>
         <value>0x22d4</value>
         <object_component_ref idref="oc-191"/>
      </symbol>
      <symbol id="sm-11c">
         <name>EUSCIB1_IRQHandler</name>
         <value>0x197</value>
         <object_component_ref idref="oc-72"/>
      </symbol>
      <symbol id="sm-11d">
         <name>PllClockRegisters</name>
         <value>0x21a4</value>
         <object_component_ref idref="oc-1b5"/>
      </symbol>
      <symbol id="sm-11e">
         <name>initializeVersaclock</name>
         <value>0x749</value>
         <object_component_ref idref="oc-72"/>
      </symbol>
      <symbol id="sm-11f">
         <name>initCDCE</name>
         <value>0x81d</value>
         <object_component_ref idref="oc-72"/>
      </symbol>
      <symbol id="sm-120">
         <name>initializeI2C</name>
         <value>0x799</value>
         <object_component_ref idref="oc-72"/>
      </symbol>
      <symbol id="sm-121">
         <name>dumpI2C</name>
         <value>0x7e7</value>
         <object_component_ref idref="oc-72"/>
      </symbol>
      <symbol id="sm-122">
         <name>pulseFQ_UD</name>
         <value>0x521</value>
         <object_component_ref idref="oc-72"/>
      </symbol>
      <symbol id="sm-123">
         <name>pulse_W_CLK</name>
         <value>0x535</value>
         <object_component_ref idref="oc-72"/>
      </symbol>
      <symbol id="sm-124">
         <name>main</name>
         <value>0x2a5</value>
         <object_component_ref idref="oc-72"/>
      </symbol>
      <symbol id="sm-125">
         <name>ADC14_IRQHandler</name>
         <value>0x169</value>
         <object_component_ref idref="oc-72"/>
      </symbol>
      <symbol id="sm-126">
         <name>initializeDDS</name>
         <value>0x55d</value>
         <object_component_ref idref="oc-72"/>
      </symbol>
      <symbol id="sm-127">
         <name>firstReg</name>
         <value>0x2248</value>
         <object_component_ref idref="oc-1b2"/>
      </symbol>
      <symbol id="sm-128">
         <name>spiMasterConfig</name>
         <value>0x2260</value>
         <object_component_ref idref="oc-1b2"/>
      </symbol>
      <symbol id="sm-129">
         <name>initializeClocks</name>
         <value>0x3d1</value>
         <object_component_ref idref="oc-72"/>
      </symbol>
      <symbol id="sm-12a">
         <name>EusciA0_ISR</name>
         <value>0x141</value>
         <object_component_ref idref="oc-72"/>
      </symbol>
      <symbol id="sm-12b">
         <name>setDDSFrequency</name>
         <value>0x661</value>
         <object_component_ref idref="oc-72"/>
      </symbol>
      <symbol id="sm-12c">
         <name>resultsBuffer</name>
         <value>0x20000030</value>
         <object_component_ref idref="oc-134"/>
      </symbol>
      <symbol id="sm-12d">
         <name>i2cConfig</name>
         <value>0x224c</value>
         <object_component_ref idref="oc-1b2"/>
      </symbol>
      <symbol id="sm-12e">
         <name>writeVersaClockBlock</name>
         <value>0x879</value>
         <object_component_ref idref="oc-72"/>
      </symbol>
      <symbol id="sm-12f">
         <name>initializeBackChannelUART</name>
         <value>0x415</value>
         <object_component_ref idref="oc-72"/>
      </symbol>
      <symbol id="sm-130">
         <name>pulse_DDS_RST</name>
         <value>0x549</value>
         <object_component_ref idref="oc-72"/>
      </symbol>
      <symbol id="sm-170">
         <name>puts</name>
         <value>0xde7</value>
         <object_component_ref idref="oc-122"/>
      </symbol>
      <symbol id="sm-171">
         <name>putc</name>
         <value>0xe07</value>
         <object_component_ref idref="oc-122"/>
      </symbol>
      <symbol id="sm-172">
         <name>printf</name>
         <value>0xe9f</value>
         <object_component_ref idref="oc-122"/>
      </symbol>
      <symbol id="sm-173">
         <name>sendByte</name>
         <value>0xdd5</value>
         <object_component_ref idref="oc-122"/>
      </symbol>
      <symbol id="sm-191">
         <name>interruptVectors</name>
         <value>0x0</value>
         <object_component_ref idref="oc-27"/>
      </symbol>
      <symbol id="sm-1dd">
         <name>SystemInit</name>
         <value>0xd01</value>
         <object_component_ref idref="oc-a9"/>
      </symbol>
      <symbol id="sm-1de">
         <name>SystemCoreClockUpdate</name>
         <value>0xa8d</value>
         <object_component_ref idref="oc-a9"/>
      </symbol>
      <symbol id="sm-1df">
         <name>SystemCoreClock</name>
         <value>0x20000050</value>
         <object_component_ref idref="oc-1e8"/>
      </symbol>
      <symbol id="sm-299">
         <name>ADC14_enableInterrupt</name>
         <value>0x1f11</value>
         <object_component_ref idref="oc-170"/>
      </symbol>
      <symbol id="sm-29a">
         <name>ADC14_getInterruptStatus</name>
         <value>0x1f51</value>
         <object_component_ref idref="oc-1f2"/>
      </symbol>
      <symbol id="sm-29b">
         <name>ADC14_getEnabledInterruptStatus</name>
         <value>0x1e3d</value>
         <object_component_ref idref="oc-bc"/>
      </symbol>
      <symbol id="sm-29c">
         <name>ADC14_getMultiSequenceResult</name>
         <value>0x1c65</value>
         <object_component_ref idref="oc-c8"/>
      </symbol>
      <symbol id="sm-29d">
         <name>ADC14_initModule</name>
         <value>0x1d6d</value>
         <object_component_ref idref="oc-15e"/>
      </symbol>
      <symbol id="sm-29e">
         <name>ADC14_configureMultiSequenceMode</name>
         <value>0x1905</value>
         <object_component_ref idref="oc-164"/>
      </symbol>
      <symbol id="sm-29f">
         <name>ADC14_clearInterruptFlag</name>
         <value>0x1ef1</value>
         <object_component_ref idref="oc-c2"/>
      </symbol>
      <symbol id="sm-2a0">
         <name>ADC14_configureConversionMemory</name>
         <value>0x197d</value>
         <object_component_ref idref="oc-16a"/>
      </symbol>
      <symbol id="sm-2a1">
         <name>ADC14_enableModule</name>
         <value>0x202d</value>
         <object_component_ref idref="oc-158"/>
      </symbol>
      <symbol id="sm-2d1">
         <name>CS_setDCOCenteredFrequency</name>
         <value>0x1e61</value>
         <object_component_ref idref="oc-13a"/>
      </symbol>
      <symbol id="sm-2d2">
         <name>CS_initClockSignal</name>
         <value>0x1541</value>
         <object_component_ref idref="oc-140"/>
      </symbol>
      <symbol id="sm-315">
         <name>GPIO_setOutputHighOnPin</name>
         <value>0x1fc9</value>
         <object_component_ref idref="oc-b0"/>
      </symbol>
      <symbol id="sm-316">
         <name>GPIO_setAsOutputPin</name>
         <value>0x1e85</value>
         <object_component_ref idref="oc-11c"/>
      </symbol>
      <symbol id="sm-317">
         <name>GPIO_setOutputLowOnPin</name>
         <value>0x1f6d</value>
         <object_component_ref idref="oc-b6"/>
      </symbol>
      <symbol id="sm-318">
         <name>GPIO_toggleOutputOnPin</name>
         <value>0x1fdd</value>
         <object_component_ref idref="oc-12e"/>
      </symbol>
      <symbol id="sm-319">
         <name>GPIO_setAsPeripheralModuleFunctionInputPin</name>
         <value>0x1c1d</value>
         <object_component_ref idref="oc-149"/>
      </symbol>
      <symbol id="sm-3b8">
         <name>I2C_masterSendMultiByteStop</name>
         <value>0x1ddd</value>
         <object_component_ref idref="oc-e6"/>
      </symbol>
      <symbol id="sm-3b9">
         <name>I2C_masterReceiveMultiByteStop</name>
         <value>0x204d</value>
         <object_component_ref idref="oc-10a"/>
      </symbol>
      <symbol id="sm-3ba">
         <name>I2C_masterSendMultiByteNext</name>
         <value>0x1ea9</value>
         <object_component_ref idref="oc-e0"/>
      </symbol>
      <symbol id="sm-3bb">
         <name>I2C_disableInterrupt</name>
         <value>0x209b</value>
         <object_component_ref idref="oc-f2"/>
      </symbol>
      <symbol id="sm-3bc">
         <name>I2C_masterSendMultiByteStart</name>
         <value>0x1da5</value>
         <object_component_ref idref="oc-1ac"/>
      </symbol>
      <symbol id="sm-3bd">
         <name>I2C_getEnabledInterruptStatus</name>
         <value>0x2101</value>
         <object_component_ref idref="oc-ce"/>
      </symbol>
      <symbol id="sm-3be">
         <name>I2C_masterReceiveMultiByteNext</name>
         <value>0x210d</value>
         <object_component_ref idref="oc-110"/>
      </symbol>
      <symbol id="sm-3bf">
         <name>I2C_getInterruptStatus</name>
         <value>0x2107</value>
         <object_component_ref idref="oc-1ff"/>
      </symbol>
      <symbol id="sm-3c0">
         <name>I2C_setMode</name>
         <value>0x20a9</value>
         <object_component_ref idref="oc-f8"/>
      </symbol>
      <symbol id="sm-3c1">
         <name>I2C_enableModule</name>
         <value>0x20d1</value>
         <object_component_ref idref="oc-1a0"/>
      </symbol>
      <symbol id="sm-3c2">
         <name>I2C_masterReceiveStart</name>
         <value>0x205d</value>
         <object_component_ref idref="oc-fe"/>
      </symbol>
      <symbol id="sm-3c3">
         <name>I2C_clearInterruptFlag</name>
         <value>0x208d</value>
         <object_component_ref idref="oc-d4"/>
      </symbol>
      <symbol id="sm-3c4">
         <name>I2C_masterIsStopSent</name>
         <value>0x203d</value>
         <object_component_ref idref="oc-1a6"/>
      </symbol>
      <symbol id="sm-3c5">
         <name>I2C_setSlaveAddress</name>
         <value>0x2119</value>
         <object_component_ref idref="oc-19a"/>
      </symbol>
      <symbol id="sm-3c6">
         <name>I2C_masterSendStart</name>
         <value>0x206d</value>
         <object_component_ref idref="oc-da"/>
      </symbol>
      <symbol id="sm-3c7">
         <name>I2C_initMaster</name>
         <value>0x1d2d</value>
         <object_component_ref idref="oc-194"/>
      </symbol>
      <symbol id="sm-3c8">
         <name>I2C_enableInterrupt</name>
         <value>0x20f9</value>
         <object_component_ref idref="oc-104"/>
      </symbol>
      <symbol id="sm-402">
         <name>Interrupt_enableMaster</name>
         <value>0x207d</value>
         <object_component_ref idref="oc-128"/>
      </symbol>
      <symbol id="sm-403">
         <name>Interrupt_enableInterrupt</name>
         <value>0x1ac1</value>
         <object_component_ref idref="oc-14f"/>
      </symbol>
      <symbol id="sm-404">
         <name>Interrupt_disableSleepOnIsrExit</name>
         <value>0x1ff1</value>
         <object_component_ref idref="oc-ec"/>
      </symbol>
      <symbol id="sm-431">
         <name>EUSCI_A_SPI_getInterruptStatus</name>
         <value>0x20e9</value>
         <object_component_ref idref="oc-287"/>
      </symbol>
      <symbol id="sm-432">
         <name>EUSCI_B_SPI_getInterruptStatus</name>
         <value>0x20f1</value>
         <object_component_ref idref="oc-28d"/>
      </symbol>
      <symbol id="sm-433">
         <name>SPI_getInterruptStatus</name>
         <value>0x1f31</value>
         <object_component_ref idref="oc-18b"/>
      </symbol>
      <symbol id="sm-445">
         <name>UART_transmitData</name>
         <value>0x1ecd</value>
         <object_component_ref idref="oc-214"/>
      </symbol>
      <symbol id="sm-451">
         <name>WDT_A_holdTimer</name>
         <value>0x1f85</value>
         <object_component_ref idref="oc-116"/>
      </symbol>
      <symbol id="sm-45b">
         <name>CPU_cpsie</name>
         <value>0x20c5</value>
         <object_component_ref idref="oc-225"/>
      </symbol>
      <symbol id="sm-46d">
         <name>_c_int00</name>
         <value>0x1b81</value>
         <object_component_ref idref="oc-22"/>
      </symbol>
      <symbol id="sm-46e">
         <name>__stack</name>
         <value>0x2000fe00</value>
         <object_component_ref idref="oc-2a"/>
      </symbol>
      <symbol id="sm-485">
         <name>__TI_decompress_none</name>
         <value>0x20b7</value>
         <object_component_ref idref="oc-10"/>
      </symbol>
      <symbol id="sm-4a8">
         <name>__TI_decompress_rle24</name>
         <value>0x2113</value>
         <object_component_ref idref="oc-16"/>
      </symbol>
      <symbol id="sm-4ba">
         <name>__TI_zero_init</name>
         <value>0x20dd</value>
         <object_component_ref idref="oc-1c"/>
      </symbol>
      <symbol id="sm-4d9">
         <name>C$$EXIT</name>
         <value>0x1ca9</value>
         <object_component_ref idref="oc-62"/>
      </symbol>
      <symbol id="sm-4da">
         <name>abort</name>
         <value>0x1cad</value>
         <object_component_ref idref="oc-62"/>
      </symbol>
      <symbol id="sm-4db">
         <name>exit</name>
         <value>0x1cb5</value>
         <object_component_ref idref="oc-62"/>
      </symbol>
      <symbol id="sm-4dc">
         <name>__TI_dtors_ptr</name>
         <value>0x20000048</value>
         <object_component_ref idref="oc-a1"/>
      </symbol>
      <symbol id="sm-4dd">
         <name>__TI_cleanup_ptr</name>
         <value>0x20000044</value>
         <object_component_ref idref="oc-a1"/>
      </symbol>
      <symbol id="sm-4ed">
         <name>__aeabi_d2ulz</name>
         <value>0x1b25</value>
         <object_component_ref idref="oc-186"/>
      </symbol>
      <symbol id="sm-51b">
         <name>__aeabi_ldivmod</name>
         <value>0x1019</value>
         <object_component_ref idref="oc-176"/>
      </symbol>
      <symbol id="sm-529">
         <name>__aeabi_l2d</name>
         <value>0x1ced</value>
         <object_component_ref idref="oc-17b"/>
      </symbol>
      <symbol id="sm-544">
         <name>memcpy</name>
         <value>0x16e1</value>
         <object_component_ref idref="oc-2b"/>
      </symbol>
      <symbol id="sm-545">
         <name>__aeabi_memcpy</name>
         <value>0x16e1</value>
         <object_component_ref idref="oc-2b"/>
      </symbol>
      <symbol id="sm-546">
         <name>__aeabi_memcpy8</name>
         <value>0x16e1</value>
         <object_component_ref idref="oc-2b"/>
      </symbol>
      <symbol id="sm-547">
         <name>__aeabi_memcpy4</name>
         <value>0x16e1</value>
         <object_component_ref idref="oc-2b"/>
      </symbol>
      <symbol id="sm-556">
         <name>__aeabi_memset</name>
         <value>0x188d</value>
         <object_component_ref idref="oc-44"/>
      </symbol>
      <symbol id="sm-557">
         <name>memset</name>
         <value>0x1893</value>
         <object_component_ref idref="oc-44"/>
      </symbol>
      <symbol id="sm-558">
         <name>__aeabi_memset8</name>
         <value>0x188d</value>
         <object_component_ref idref="oc-44"/>
      </symbol>
      <symbol id="sm-559">
         <name>__aeabi_memset4</name>
         <value>0x188d</value>
         <object_component_ref idref="oc-44"/>
      </symbol>
      <symbol id="sm-55a">
         <name>__aeabi_memclr8</name>
         <value>0x188b</value>
         <object_component_ref idref="oc-44"/>
      </symbol>
      <symbol id="sm-55b">
         <name>__aeabi_memclr4</name>
         <value>0x188b</value>
         <object_component_ref idref="oc-44"/>
      </symbol>
      <symbol id="sm-55c">
         <name>__aeabi_memclr</name>
         <value>0x188b</value>
         <object_component_ref idref="oc-44"/>
      </symbol>
      <symbol id="sm-566">
         <name>_system_pre_init</name>
         <value>0x211d</value>
         <object_component_ref idref="oc-50"/>
      </symbol>
      <symbol id="sm-577">
         <name>roundl</name>
         <value>0x177d</value>
         <object_component_ref idref="oc-180"/>
      </symbol>
      <symbol id="sm-57f">
         <name>main_func_sp</name>
         <value>0x2000004c</value>
         <object_component_ref idref="oc-68"/>
      </symbol>
      <symbol id="sm-58d">
         <name>_LDint</name>
         <value>0x2121</value>
         <object_component_ref idref="oc-279"/>
      </symbol>
      <symbol id="sm-5a6">
         <name>_nop</name>
         <value>0x2013</value>
         <object_component_ref idref="oc-1da"/>
      </symbol>
      <symbol id="sm-5a7">
         <name>_lock</name>
         <value>0x2000003c</value>
         <object_component_ref idref="oc-9e"/>
      </symbol>
      <symbol id="sm-5a8">
         <name>_unlock</name>
         <value>0x20000040</value>
         <object_component_ref idref="oc-9e"/>
      </symbol>
      <symbol id="sm-5a9">
         <name>_register_lock</name>
         <value>0x200b</value>
         <object_component_ref idref="oc-1da"/>
      </symbol>
      <symbol id="sm-5aa">
         <name>_register_unlock</name>
         <value>0x2005</value>
         <object_component_ref idref="oc-1da"/>
      </symbol>
      <symbol id="sm-5bf">
         <name>_args_main</name>
         <value>0x1f9d</value>
         <object_component_ref idref="oc-5c"/>
      </symbol>
      <symbol id="sm-5e5">
         <name>__TI_auto_init</name>
         <value>0x19e9</value>
         <object_component_ref idref="oc-56"/>
      </symbol>
      <symbol id="sm-5ff">
         <name>copy_in</name>
         <value>0x1bd1</value>
         <object_component_ref idref="oc-94"/>
      </symbol>
      <symbol id="sm-623">
         <name>__aeabi_dsub</name>
         <value>0x1237</value>
         <object_component_ref idref="oc-274"/>
      </symbol>
      <symbol id="sm-624">
         <name>__aeabi_dadd</name>
         <value>0x1241</value>
         <object_component_ref idref="oc-274"/>
      </symbol>
      <symbol id="sm-63b">
         <name>__aeabi_cdcmpeq</name>
         <value>0x1805</value>
         <object_component_ref idref="oc-26f"/>
      </symbol>
      <symbol id="sm-63c">
         <name>__aeabi_cdcmple</name>
         <value>0x1805</value>
         <object_component_ref idref="oc-26f"/>
      </symbol>
      <symbol id="sm-646">
         <name>__aeabi_ldiv0</name>
         <value>0x1abf</value>
         <object_component_ref idref="oc-267"/>
      </symbol>
      <symbol id="sm-665">
         <name>_Dint</name>
         <value>0x1621</value>
         <object_component_ref idref="oc-2d4"/>
      </symbol>
      <symbol id="sm-666">
         <name>__TI_static_base__</name>
         <value>0x0</value>
      </symbol>
      <symbol id="sm-669">
         <name>SHT$$INIT_ARRAY$$Limit</name>
         <value>0x0</value>
      </symbol>
      <symbol id="sm-66a">
         <name>SHT$$INIT_ARRAY$$Base</name>
         <value>0x0</value>
      </symbol>
   </symbol_table>
   <title>Link successful</title>
</link_info>
