******************************************************************************
                  TI ARM Linker PC v5.2.5                      
******************************************************************************
>> Linked Tue May 17 20:12:00 2016

OUTPUT FILE NAME:   <driverlib_empty_project.out>
ENTRY POINT SYMBOL: "_c_int00"  address: 00001a29


MEMORY CONFIGURATION

         name            origin    length      used     unused   attr    fill
----------------------  --------  ---------  --------  --------  ----  --------
  MAIN                  00000000   00040000  000021ec  0003de14  R  X
  INFO                  00200000   00004000  00000000  00004000  R  X
  SRAM_CODE             01000000   00010000  00000000  00010000  RW X
  SRAM_DATA             20000000   00010000  0000028a  0000fd76  RW  


SEGMENT ALLOCATION MAP

run origin  load origin   length   init length attrs members
----------  ----------- ---------- ----------- ----- -------
00000000    00000000    000021f0   000021f0    r-x
  00000000    00000000    00000140   00000140    r-- .intvecs
  00000140    00000140    00001e60   00001e60    r-x .text
  00001fa0    00001fa0    000001e4   000001e4    r-- .const
  00002188    00002188    00000068   00000068    r-- .cinit
20000000    20000000    0000008a   00000000    rw-
  20000000    20000000    00000054   00000000    rw- .data
  20000054    20000054    00000036   00000000    rw- .bss
2000fe00    2000fe00    00000200   00000000    rw-
  2000fe00    2000fe00    00000200   00000000    rw- .stack


SECTION ALLOCATION MAP

 output                                  attributes/
section   page    origin      length       input sections
--------  ----  ----------  ----------   ----------------
.intvecs   0    00000000    00000140     
                  00000000    00000140     startup_msp432p401r_ccs.obj (.intvecs:retain)

.text      0    00000140    00001e60     
                  00000140    000007f4     main.obj (.text)
                  00000934    00000348     system_msp432p401r.obj (.text)
                  00000c7c    00000244     printf.obj (.text)
                  00000ec0    0000021e     rtsv7M4_T_le_v4SPD16_eabi.lib : ll_div_t2.obj (.text)
                  000010de    000001b6                                   : fd_add_t2.obj (.text)
                  00001294    00000154     msp432p4xx_driverlib.lib : adc14.o (.text:_getIndexForMemRegister)
                  000013e8    000000e0                              : cs.o (.text:CS_initClockSignal)
                  000014c8    000000c0     rtsv7M4_T_le_v4SPD16_eabi.lib : xdint.obj (.text)
                  00001588    0000009c                                   : memcpy_t2.obj (.text)
                  00001624    00000088                                   : roundl.obj (.text)
                  000016ac    00000086                                   : fd_cmp_t2.obj (.text:__aeabi_cdcmple)
                  00001732    0000007a                                   : memset_t2.obj (.text)
                  000017ac    00000078     msp432p4xx_driverlib.lib : adc14.o (.text:ADC14_configureMultiSequenceMode)
                  00001824    0000006c                              : adc14.o (.text:ADC14_configureConversionMemory)
                  00001890    0000006c     rtsv7M4_T_le_v4SPD16_eabi.lib : autoinit.obj (.text)
                  000018fc    0000006a                                   : copy_decompress_rle.obj (.text)
                  00001966    00000002                                   : l_div0.obj (.text)
                  00001968    00000064     msp432p4xx_driverlib.lib : interrupt.o (.text:Interrupt_enableInterrupt)
                  000019cc    0000005c     rtsv7M4_T_le_v4SPD16_eabi.lib : fd_toull_t2.obj (.text)
                  00001a28    00000050                                   : boot.obj (.text)
                  00001a78    0000004c                                   : cpy_tbl.obj (.text)
                  00001ac4    00000048     msp432p4xx_driverlib.lib : gpio.o (.text:GPIO_setAsPeripheralModuleFunctionInputPin)
                  00001b0c    00000044                              : adc14.o (.text:ADC14_getMultiSequenceResult)
                  00001b50    00000044     rtsv7M4_T_le_v4SPD16_eabi.lib : exit.obj (.text)
                  00001b94    00000040                                   : ll_tofd_t2.obj (.text)
                  00001bd4    0000003e     msp432p4xx_driverlib.lib : i2c.o (.text:I2C_initMaster)
                  00001c12    00000002     --HOLE-- [fill = 0]
                  00001c14    00000038                              : adc14.o (.text:ADC14_initModule)
                  00001c4c    00000038                              : i2c.o (.text:I2C_masterSendMultiByteStart)
                  00001c84    00000030                              : i2c.o (.text:I2C_masterSendMultiByteStop)
                  00001cb4    00000030                              : spi.o (.text:is_A_Module)
                  00001ce4    00000024                              : adc14.o (.text:ADC14_getEnabledInterruptStatus)
                  00001d08    00000024                              : cs.o (.text:CS_setDCOCenteredFrequency)
                  00001d2c    00000024                              : gpio.o (.text:GPIO_setAsOutputPin)
                  00001d50    00000024                              : i2c.o (.text:I2C_masterSendMultiByteNext)
                  00001d74    00000024                              : uart.o (.text:UART_transmitData)
                  00001d98    00000020                              : adc14.o (.text:ADC14_clearInterruptFlag)
                  00001db8    00000020                              : adc14.o (.text:ADC14_enableInterrupt)
                  00001dd8    00000020                              : spi.o (.text:SPI_getInterruptStatus)
                  00001df8    0000001c                              : adc14.o (.text:ADC14_getInterruptStatus)
                  00001e14    00000018                              : gpio.o (.text:GPIO_setOutputLowOnPin)
                  00001e2c    00000018     rtsv7M4_T_le_v4SPD16_eabi.lib : args_main.obj (.text)
                  00001e44    00000014     msp432p4xx_driverlib.lib : adc14.o (.text:ADCIsConversionRunning)
                  00001e58    00000014                              : gpio.o (.text:GPIO_setOutputHighOnPin)
                  00001e6c    00000014                              : interrupt.o (.text:Interrupt_disableSleepOnIsrExit)
                  00001e80    00000014     rtsv7M4_T_le_v4SPD16_eabi.lib : _lock.obj (.text)
                  00001e94    00000012     startup_msp432p401r_ccs.obj (.text)
                  00001ea6    00000002     --HOLE-- [fill = 0]
                  00001ea8    00000010     msp432p4xx_driverlib.lib : adc14.o (.text:ADC14_enableModule)
                  00001eb8    00000010                              : i2c.o (.text:I2C_masterIsStopSent)
                  00001ec8    00000010                              : i2c.o (.text:I2C_masterReceiveMultiByteStop)
                  00001ed8    00000010                              : i2c.o (.text:I2C_masterReceiveStart)
                  00001ee8    00000010                              : i2c.o (.text:I2C_masterSendStart)
                  00001ef8    00000010                              : interrupt.o (.text:Interrupt_enableMaster)
                  00001f08    0000000e                              : i2c.o (.text:I2C_clearInterruptFlag)
                  00001f16    0000000e                              : i2c.o (.text:I2C_disableInterrupt)
                  00001f24    0000000e                              : i2c.o (.text:I2C_setMode)
                  00001f32    0000000e     rtsv7M4_T_le_v4SPD16_eabi.lib : copy_decompress_none.obj (.text:decompress:none)
                  00001f40    0000000c     msp432p4xx_driverlib.lib : cpu.o (.text:CPU_cpsie)
                  00001f4c    0000000c                              : i2c.o (.text:I2C_enableModule)
                  00001f58    0000000c     rtsv7M4_T_le_v4SPD16_eabi.lib : copy_zero_init.obj (.text:decompress:ZI)
                  00001f64    00000008     msp432p4xx_driverlib.lib : spi.o (.text:EUSCI_A_SPI_getInterruptStatus)
                  00001f6c    00000008                              : spi.o (.text:EUSCI_B_SPI_getInterruptStatus)
                  00001f74    00000008                              : i2c.o (.text:I2C_enableInterrupt)
                  00001f7c    00000006                              : i2c.o (.text:I2C_getEnabledInterruptStatus)
                  00001f82    00000006                              : i2c.o (.text:I2C_getInterruptStatus)
                  00001f88    00000006                              : i2c.o (.text:I2C_masterReceiveMultiByteNext)
                  00001f8e    00000006     rtsv7M4_T_le_v4SPD16_eabi.lib : copy_decompress_rle.obj (.text:decompress:rle24)
                  00001f94    00000004     msp432p4xx_driverlib.lib : i2c.o (.text:I2C_setSlaveAddress)
                  00001f98    00000004     rtsv7M4_T_le_v4SPD16_eabi.lib : pre_init.obj (.text)
                  00001f9c    00000004                                   : xldint.obj (.text)

.const     0    00001fa0    000001e4     
                  00001fa0    00000080     msp432p4xx_driverlib.lib : adc14.o (.const:_ctlRegs)
                  00002020    00000064     main.obj (.const:PllClockRegisters)
                  00002084    00000040     msp432p4xx_driverlib.lib : interrupt.o (.const)
                  000020c4    00000034     main.obj (.const)
                  000020f8    00000030     rtsv7M4_T_le_v4SPD16_eabi.lib : xdint.obj (.const)
                  00002128    00000028     printf.obj (.const:dv)
                  00002150    00000024     main.obj (.const:uartConfig)
                  00002174    00000010     printf.obj (.const:.string)

.cinit     0    00002188    00000068     
                  00002188    00000044     (.cinit..data.load) [load image, compression = rle]
                  000021cc    0000000c     (__TI_handler_table)
                  000021d8    00000008     (.cinit..bss.load) [load image, compression = zero_init]
                  000021e0    00000010     (__TI_cinit_table)

.init_array 
*          0    00000000    00000000     UNINITIALIZED

.data      0    20000000    00000054     UNINITIALIZED
                  20000000    00000030     msp432p4xx_driverlib.lib : gpio.o (.data:GPIO_PORT_TO_BASE)
                  20000030    0000000c     main.obj (.data)
                  2000003c    00000008     rtsv7M4_T_le_v4SPD16_eabi.lib : _lock.obj (.data)
                  20000044    00000008                                   : exit.obj (.data)
                  2000004c    00000004                                   : stkdepth_vars.obj (.data)
                  20000050    00000004     system_msp432p401r.obj (.data)

.TI.persistent 
*          0    20000000    00000000     UNINITIALIZED

.bss       0    20000054    00000036     UNINITIALIZED
                  20000054    0000002c     main.obj (.bss:RXData)
                  20000080    00000004     (.common:TXData)
                  20000084    00000004     (.common:xferIndex)
                  20000088    00000001     (.common:TXByteCtr)
                  20000089    00000001     (.common:justSending)

.TI.noinit 
*          0    20000054    00000000     UNINITIALIZED

.stack     0    2000fe00    00000200     UNINITIALIZED
                  2000fe00    00000200     --HOLE--


LINKER GENERATED COPY TABLES

__TI_cinit_table @ 000021e0 records: 2, size/record: 8, table size: 16
	.data: load addr=00002188, load size=00000044 bytes, run addr=20000000, run size=00000054 bytes, compression=rle
	.bss: load addr=000021d8, load size=00000008 bytes, run addr=20000054, run size=00000036 bytes, compression=zero_init


LINKER GENERATED HANDLER TABLE

__TI_handler_table @ 000021cc records: 3, size/record: 4, table size: 12
	index: 0, handler: __TI_decompress_rle24
	index: 1, handler: __TI_decompress_none
	index: 2, handler: __TI_zero_init


GLOBAL SYMBOLS: SORTED ALPHABETICALLY BY Name 

address   name                                      
-------   ----                                      
00000169  ADC14_IRQHandler                          
00001d99  ADC14_clearInterruptFlag                  
00001825  ADC14_configureConversionMemory           
000017ad  ADC14_configureMultiSequenceMode          
00001db9  ADC14_enableInterrupt                     
00001ea9  ADC14_enableModule                        
00001ce5  ADC14_getEnabledInterruptStatus           
00001df9  ADC14_getInterruptStatus                  
00001b0d  ADC14_getMultiSequenceResult              
00001c15  ADC14_initModule                          
00001b51  C$$EXIT                                   
00001f41  CPU_cpsie                                 
000013e9  CS_initClockSignal                        
00001d09  CS_setDCOCenteredFrequency                
00000197  EUSCIB1_IRQHandler                        
00001f65  EUSCI_A_SPI_getInterruptStatus            
00001f6d  EUSCI_B_SPI_getInterruptStatus            
00000141  EusciA0_ISR                               
00001d2d  GPIO_setAsOutputPin                       
00001ac5  GPIO_setAsPeripheralModuleFunctionInputPin
00001e59  GPIO_setOutputHighOnPin                   
00001e15  GPIO_setOutputLowOnPin                    
00001f09  I2C_clearInterruptFlag                    
00001f17  I2C_disableInterrupt                      
00001f75  I2C_enableInterrupt                       
00001f4d  I2C_enableModule                          
00001f7d  I2C_getEnabledInterruptStatus             
00001f83  I2C_getInterruptStatus                    
00001bd5  I2C_initMaster                            
00001eb9  I2C_masterIsStopSent                      
00001f89  I2C_masterReceiveMultiByteNext            
00001ec9  I2C_masterReceiveMultiByteStop            
00001ed9  I2C_masterReceiveStart                    
00001d51  I2C_masterSendMultiByteNext               
00001c4d  I2C_masterSendMultiByteStart              
00001c85  I2C_masterSendMultiByteStop               
00001ee9  I2C_masterSendStart                       
00001f25  I2C_setMode                               
00001f95  I2C_setSlaveAddress                       
00001e6d  Interrupt_disableSleepOnIsrExit           
00001969  Interrupt_enableInterrupt                 
00001ef9  Interrupt_enableMaster                    
00002020  PllClockRegisters                         
UNDEFED   SHT$$INIT_ARRAY$$Base                     
UNDEFED   SHT$$INIT_ARRAY$$Limit                    
00001dd9  SPI_getInterruptStatus                    
20000050  SystemCoreClock                           
00000935  SystemCoreClockUpdate                     
00000ba9  SystemInit                                
00001d75  UART_transmitData                         
4000480c  WDTCTL_SYM                                
000014c9  _Dint                                     
00001f9d  _LDint                                    
20010000  __STACK_END                               
00000200  __STACK_SIZE                              
000021e0  __TI_CINIT_Base                           
000021f0  __TI_CINIT_Limit                          
000021cc  __TI_Handler_Table_Base                   
000021d8  __TI_Handler_Table_Limit                  
00001891  __TI_auto_init                            
20000044  __TI_cleanup_ptr                          
00001f33  __TI_decompress_none                      
00001f8f  __TI_decompress_rle24                     
20000048  __TI_dtors_ptr                            
00000000  __TI_static_base__                        
00001f59  __TI_zero_init                            
000016ad  __aeabi_cdcmpeq                           
000016ad  __aeabi_cdcmple                           
000019cd  __aeabi_d2ulz                             
000010e9  __aeabi_dadd                              
000010df  __aeabi_dsub                              
00001b95  __aeabi_l2d                               
00001967  __aeabi_ldiv0                             
00000ec1  __aeabi_ldivmod                           
00001733  __aeabi_memclr                            
00001733  __aeabi_memclr4                           
00001733  __aeabi_memclr8                           
00001589  __aeabi_memcpy                            
00001589  __aeabi_memcpy4                           
00001589  __aeabi_memcpy8                           
00001735  __aeabi_memset                            
00001735  __aeabi_memset4                           
00001735  __aeabi_memset8                           
ffffffff  __binit__                                 
ffffffff  __c_args__                                
2000fe00  __stack                                   
00001e2d  _args_main                                
00001a29  _c_int00                                  
2000003c  _lock                                     
00001e8f  _nop                                      
00001e87  _register_lock                            
00001e81  _register_unlock                          
00001f99  _system_pre_init                          
20000040  _unlock                                   
00001b55  abort                                     
ffffffff  binit                                     
00001a79  copy_in                                   
000006f3  dumpI2C                                   
00001b5d  exit                                      
000020c4  firstReg                                  
000020c8  i2cConfig                                 
00000729  initCDCE                                  
000003e9  initializeADC                             
0000038b  initializeBackChannelUART                 
0000035b  initializeClocks                          
000004ed  initializeDDS                             
000006a5  initializeI2C                             
00000651  initializeVersaclock                      
00000000  interruptVectors                          
0000029b  main                                      
2000004c  main_func_sp                              
00001589  memcpy                                    
0000173b  memset                                    
00000d47  printf                                    
000004ad  pulseFQ_UD                                
000004d5  pulse_DDS_RST                             
000004c1  pulse_W_CLK                               
00000caf  putc                                      
00000c8f  puts                                      
20000030  resultsBuffer                             
00001625  roundl                                    
00000c7d  sendByte                                  
0000055d  setDDSFrequency                           
000020dc  spiMasterConfig                           
00002150  uartConfig                                
000007dd  updateVersaclockRegs                      
00000775  writeVersaClockBlock                      


GLOBAL SYMBOLS: SORTED BY Symbol Address 

address   name                                      
-------   ----                                      
00000000  __TI_static_base__                        
00000000  interruptVectors                          
00000141  EusciA0_ISR                               
00000169  ADC14_IRQHandler                          
00000197  EUSCIB1_IRQHandler                        
00000200  __STACK_SIZE                              
0000029b  main                                      
0000035b  initializeClocks                          
0000038b  initializeBackChannelUART                 
000003e9  initializeADC                             
000004ad  pulseFQ_UD                                
000004c1  pulse_W_CLK                               
000004d5  pulse_DDS_RST                             
000004ed  initializeDDS                             
0000055d  setDDSFrequency                           
00000651  initializeVersaclock                      
000006a5  initializeI2C                             
000006f3  dumpI2C                                   
00000729  initCDCE                                  
00000775  writeVersaClockBlock                      
000007dd  updateVersaclockRegs                      
00000935  SystemCoreClockUpdate                     
00000ba9  SystemInit                                
00000c7d  sendByte                                  
00000c8f  puts                                      
00000caf  putc                                      
00000d47  printf                                    
00000ec1  __aeabi_ldivmod                           
000010df  __aeabi_dsub                              
000010e9  __aeabi_dadd                              
000013e9  CS_initClockSignal                        
000014c9  _Dint                                     
00001589  __aeabi_memcpy                            
00001589  __aeabi_memcpy4                           
00001589  __aeabi_memcpy8                           
00001589  memcpy                                    
00001625  roundl                                    
000016ad  __aeabi_cdcmpeq                           
000016ad  __aeabi_cdcmple                           
00001733  __aeabi_memclr                            
00001733  __aeabi_memclr4                           
00001733  __aeabi_memclr8                           
00001735  __aeabi_memset                            
00001735  __aeabi_memset4                           
00001735  __aeabi_memset8                           
0000173b  memset                                    
000017ad  ADC14_configureMultiSequenceMode          
00001825  ADC14_configureConversionMemory           
00001891  __TI_auto_init                            
00001967  __aeabi_ldiv0                             
00001969  Interrupt_enableInterrupt                 
000019cd  __aeabi_d2ulz                             
00001a29  _c_int00                                  
00001a79  copy_in                                   
00001ac5  GPIO_setAsPeripheralModuleFunctionInputPin
00001b0d  ADC14_getMultiSequenceResult              
00001b51  C$$EXIT                                   
00001b55  abort                                     
00001b5d  exit                                      
00001b95  __aeabi_l2d                               
00001bd5  I2C_initMaster                            
00001c15  ADC14_initModule                          
00001c4d  I2C_masterSendMultiByteStart              
00001c85  I2C_masterSendMultiByteStop               
00001ce5  ADC14_getEnabledInterruptStatus           
00001d09  CS_setDCOCenteredFrequency                
00001d2d  GPIO_setAsOutputPin                       
00001d51  I2C_masterSendMultiByteNext               
00001d75  UART_transmitData                         
00001d99  ADC14_clearInterruptFlag                  
00001db9  ADC14_enableInterrupt                     
00001dd9  SPI_getInterruptStatus                    
00001df9  ADC14_getInterruptStatus                  
00001e15  GPIO_setOutputLowOnPin                    
00001e2d  _args_main                                
00001e59  GPIO_setOutputHighOnPin                   
00001e6d  Interrupt_disableSleepOnIsrExit           
00001e81  _register_unlock                          
00001e87  _register_lock                            
00001e8f  _nop                                      
00001ea9  ADC14_enableModule                        
00001eb9  I2C_masterIsStopSent                      
00001ec9  I2C_masterReceiveMultiByteStop            
00001ed9  I2C_masterReceiveStart                    
00001ee9  I2C_masterSendStart                       
00001ef9  Interrupt_enableMaster                    
00001f09  I2C_clearInterruptFlag                    
00001f17  I2C_disableInterrupt                      
00001f25  I2C_setMode                               
00001f33  __TI_decompress_none                      
00001f41  CPU_cpsie                                 
00001f4d  I2C_enableModule                          
00001f59  __TI_zero_init                            
00001f65  EUSCI_A_SPI_getInterruptStatus            
00001f6d  EUSCI_B_SPI_getInterruptStatus            
00001f75  I2C_enableInterrupt                       
00001f7d  I2C_getEnabledInterruptStatus             
00001f83  I2C_getInterruptStatus                    
00001f89  I2C_masterReceiveMultiByteNext            
00001f8f  __TI_decompress_rle24                     
00001f95  I2C_setSlaveAddress                       
00001f99  _system_pre_init                          
00001f9d  _LDint                                    
00002020  PllClockRegisters                         
000020c4  firstReg                                  
000020c8  i2cConfig                                 
000020dc  spiMasterConfig                           
00002150  uartConfig                                
000021cc  __TI_Handler_Table_Base                   
000021d8  __TI_Handler_Table_Limit                  
000021e0  __TI_CINIT_Base                           
000021f0  __TI_CINIT_Limit                          
20000030  resultsBuffer                             
2000003c  _lock                                     
20000040  _unlock                                   
20000044  __TI_cleanup_ptr                          
20000048  __TI_dtors_ptr                            
2000004c  main_func_sp                              
20000050  SystemCoreClock                           
2000fe00  __stack                                   
20010000  __STACK_END                               
4000480c  WDTCTL_SYM                                
ffffffff  __binit__                                 
ffffffff  __c_args__                                
ffffffff  binit                                     
UNDEFED   SHT$$INIT_ARRAY$$Base                     
UNDEFED   SHT$$INIT_ARRAY$$Limit                    

[127 symbols]
