******************************************************************************
                  TI ARM Linker PC v15.12.1                    
******************************************************************************
>> Linked Mon Aug 15 18:29:21 2016

OUTPUT FILE NAME:   <empty_project.out>
ENTRY POINT SYMBOL: "_c_int00"  address: 000020a1


MEMORY CONFIGURATION

         name            origin    length      used     unused   attr    fill
----------------------  --------  ---------  --------  --------  ----  --------
  MAIN                  00000000   00040000  00002560  0003daa0  R  X
  INFO                  00200000   00004000  00000000  00004000  R  X
  SRAM_CODE             01000000   00010000  00000000  00010000  RW X
  SRAM_DATA             20000000   00010000  00000285  0000fd7b  RW  


SEGMENT ALLOCATION MAP

run origin  load origin   length   init length attrs members
----------  ----------- ---------- ----------- ----- -------
00000000    00000000    00002564   00002564    r-x
  00000000    00000000    00000140   00000140    r-- .intvecs
  00000140    00000140    000021ee   000021ee    r-x .text
  00002330    00002330    000001be   000001be    r-- .const
  000024f0    000024f0    00000074   00000074    r-- .cinit
20000000    20000000    00000085   00000000    rw-
  20000000    20000000    0000005c   00000000    rw- .data
  2000005c    2000005c    00000029   00000000    rw- .bss
2000fe00    2000fe00    00000200   00000000    rw-
  2000fe00    2000fe00    00000200   00000000    rw- .stack


SECTION ALLOCATION MAP

 output                                  attributes/
section   page    origin      length       input sections
--------  ----  ----------  ----------   ----------------
.intvecs   0    00000000    00000140     
                  00000000    00000140     startup_msp432p401r_ccs.obj (.intvecs:retain)

.text      0    00000140    000021ee     
                  00000140    00000fc8     main.obj (.text)
                  00001108    00000328     system_msp432p401r.obj (.text)
                  00001430    00000244     System_printf.obj (.text)
                  00001674    0000021e     rtsv7M4_T_le_v4SPD16_eabi.lib : ll_div_t2.obj (.text)
                  00001892    000001b6                                   : fd_add_t2.obj (.text)
                  00001a48    000000f8                                   : s_floor.obj (.text)
                  00001b40    000000e0     msp432p4xx_driverlib.lib : cs.o (.text:CS_initClockSignal)
                  00001c20    000000c0     rtsv7M4_T_le_v4SPD16_eabi.lib : s_round.obj (.text)
                  00001ce0    0000009c                                   : memcpy_t2.obj (.text)
                  00001d7c    00000086                                   : fd_cmp_t2.obj (.text:__aeabi_cdcmple)
                  00001e02    00000086                                   : fd_cmp_t2.obj (.text:__aeabi_cdrcmple)
                  00001e88    0000007a                                   : memset_t2.obj (.text)
                  00001f02    00000002                                   : l_div0.obj (.text)
                  00001f04    00000070                                   : autoinit.obj (.text)
                  00001f74    0000006a                                   : copy_decompress_rle.obj (.text)
                  00001fde    00000002                                   : mpu_init.obj (.text)
                  00001fe0    00000064     msp432p4xx_driverlib.lib : interrupt.o (.text:Interrupt_enableInterrupt)
                  00002044    0000005c     rtsv7M4_T_le_v4SPD16_eabi.lib : fd_toull_t2.obj (.text)
                  000020a0    00000054                                   : boot.obj (.text)
                  000020f4    00000054                                   : exit.obj (.text)
                  00002148    0000004c                                   : cpy_tbl.obj (.text)
                  00002194    00000044     msp432p4xx_driverlib.lib : adc14.o (.text:ADC14_getMultiSequenceResult)
                  000021d8    00000040     rtsv7M4_T_le_v4SPD16_eabi.lib : ll_tofd_t2.obj (.text)
                  00002218    00000024     msp432p4xx_driverlib.lib : cs.o (.text:CS_setDCOCenteredFrequency)
                  0000223c    00000024                              : gpio.o (.text:GPIO_setAsOutputPin)
                  00002260    00000024                              : uart.o (.text:UART_transmitData)
                  00002284    00000018                              : wdt_a.o (.text:WDT_A_holdTimer)
                  0000229c    00000018     rtsv7M4_T_le_v4SPD16_eabi.lib : args_main.obj (.text)
                  000022b4    00000014     msp432p4xx_driverlib.lib : gpio.o (.text:GPIO_toggleOutputOnPin)
                  000022c8    00000014     rtsv7M4_T_le_v4SPD16_eabi.lib : _lock.obj (.text)
                  000022dc    00000012     startup_msp432p401r_ccs.obj (.text)
                  000022ee    00000002     rtsv7M4_T_le_v4SPD16_eabi.lib : startup.obj (.text)
                  000022f0    00000010     msp432p4xx_driverlib.lib : i2c.o (.text:I2C_masterIsStopSent)
                  00002300    00000010                              : i2c.o (.text:I2C_masterReceiveMultiByteStop)
                  00002310    0000000e     rtsv7M4_T_le_v4SPD16_eabi.lib : copy_decompress_none.obj (.text:decompress:none)
                  0000231e    00000006     msp432p4xx_driverlib.lib : i2c.o (.text:I2C_masterReceiveMultiByteNext)
                  00002324    00000006     rtsv7M4_T_le_v4SPD16_eabi.lib : copy_decompress_rle.obj (.text:decompress:rle24)
                  0000232a    00000004                                   : pre_init.obj (.text)

.const     0    00002330    000001be     
                  00002330    00000080     msp432p4xx_driverlib.lib : adc14.o (.const:_ctlRegs)
                  000023b0    00000064     main.obj (.const:PllClockRegisters)
                  00002414    00000040     msp432p4xx_driverlib.lib : interrupt.o (.const)
                  00002454    00000028     System_printf.obj (.const:dv)
                  0000247c    00000024     main.obj (.const:uartConfig)
                  000024a0    0000001c     main.obj (.const:spiMasterConfig)
                  000024bc    00000014     main.obj (.const:i2cConfig)
                  000024d0    00000010     System_printf.obj (.const:.string:hex$1)
                  000024e0    00000007     main.obj (.const:.string:$P$T0$1)
                  000024e7    00000007     main.obj (.const:.string:$P$T1$3)

.cinit     0    000024f0    00000074     
                  000024f0    0000004d     (.cinit..data.load) [load image, compression = rle]
                  0000253d    00000003     --HOLE-- [fill = 0]
                  00002540    00000009     (.cinit..bss.load) [load image, compression = rle]
                  00002549    00000003     --HOLE-- [fill = 0]
                  0000254c    00000008     (__TI_handler_table)
                  00002554    00000010     (__TI_cinit_table)

.init_array 
*          0    00000000    00000000     UNINITIALIZED

.data      0    20000000    0000005c     UNINITIALIZED
                  20000000    00000030     msp432p4xx_driverlib.lib : gpio.o (.data:GPIO_PORT_TO_BASE)
                  20000030    0000000c     rtsv7M4_T_le_v4SPD16_eabi.lib : exit.obj (.data:$O1$$)
                  2000003c    00000008                                   : _lock.obj (.data:$O1$$)
                  20000044    00000008     main.obj (.data)
                  2000004c    00000008     main.obj (.data:resultsBuffer)
                  20000054    00000004     rtsv7M4_T_le_v4SPD16_eabi.lib : stkdepth_vars.obj (.data)
                  20000058    00000004     system_msp432p401r.obj (.data)

.bss       0    2000005c    00000029     UNINITIALIZED
                  2000005c    0000001c     main.obj (.bss:RXData)
                  20000078    0000000d     main.obj (.bss)

.stack     0    2000fe00    00000200     UNINITIALIZED
                  2000fe00    00000200     --HOLE--

MODULE SUMMARY

       Module                        code   ro data   rw data
       ------                        ----   -------   -------
    .\
       main.obj                      4040   198       57     
       system_msp432p401r.obj        808    0         4      
       System_printf.obj                    580    56        0      
       startup_msp432p401r_ccs.obj   18     320       0      
    +--+-----------------------------+------+---------+---------+
       Total:                        5446   574       61     
                                                             
    C:/ti/msp/MSP432Ware_3_50_00_02/driverlib/driverlib/MSP432P4xx/ccs/msp432p4xx_driverlib.lib
       cs.o                          260    0         0      
       adc14.o                       68     128       0      
       interrupt.o                   100    64        0      
       gpio.o                        56     0         48     
       i2c.o                         38     0         0      
       uart.o                        36     0         0      
       wdt_a.o                       24     0         0      
    +--+-----------------------------+------+---------+---------+
       Total:                        582    192       48     
                                                             
    C:\ti\ccsv6\tools\compiler\ti-cgt-arm_15.12.1.LTS\lib\rtsv7M4_T_le_v4SPD16_eabi.lib
       ll_div_t2.obj                 542    0         0      
       fd_add_t2.obj                 438    0         0      
       fd_cmp_t2.obj                 268    0         0      
       s_floor.obj                   248    0         0      
       s_round.obj                   192    0         0      
       memcpy_t2.obj                 156    0         0      
       memset_t2.obj                 122    0         0      
       autoinit.obj                  112    0         0      
       copy_decompress_rle.obj       112    0         0      
       exit.obj                      84     0         12     
       fd_toull_t2.obj               92     0         0      
       boot.obj                      84     0         0      
       cpy_tbl.obj                   76     0         0      
       ll_tofd_t2.obj                64     0         0      
       _lock.obj                     20     0         8      
       args_main.obj                 24     0         0      
       copy_decompress_none.obj      14     0         0      
       pre_init.obj                  4      0         0      
       stkdepth_vars.obj             0      0         4      
       l_div0.obj                    2      0         0      
       mpu_init.obj                  2      0         0      
       startup.obj                   2      0         0      
    +--+-----------------------------+------+---------+---------+
       Total:                        2658   0         24     
                                                             
       Stack:                        0      0         512    
       Linker Generated:             0      110       0      
    +--+-----------------------------+------+---------+---------+
       Grand Total:                  8686   876       645    


LINKER GENERATED COPY TABLES

__TI_cinit_table @ 00002554 records: 2, size/record: 8, table size: 16
	.data: load addr=000024f0, load size=0000004d bytes, run addr=20000000, run size=0000005c bytes, compression=rle
	.bss: load addr=00002540, load size=00000009 bytes, run addr=2000005c, run size=00000029 bytes, compression=rle


LINKER GENERATED HANDLER TABLE

__TI_handler_table @ 0000254c records: 2, size/record: 4, table size: 8
	index: 0, handler: __TI_decompress_rle24
	index: 1, handler: __TI_decompress_none


GLOBAL SYMBOLS: SORTED ALPHABETICALLY BY Name 

address   name                           
-------   ----                           
00000175  ADC14_IRQHandler               
00002195  ADC14_getMultiSequenceResult   
000020f5  C$$EXIT                        
00001b41  CS_initClockSignal             
00002219  CS_setDCOCenteredFrequency     
20000044  DDSFrequency                   
000001ab  EUSCIB1_IRQHandler             
00000141  EusciA0_ISR                    
0000223d  GPIO_setAsOutputPin            
000022b5  GPIO_toggleOutputOnPin         
000022f1  I2C_masterIsStopSent           
0000231f  I2C_masterReceiveMultiByteNext 
00002301  I2C_masterReceiveMultiByteStop 
00001fe1  Interrupt_enableInterrupt      
000023b0  PllClockRegisters              
UNDEFED   SHT$$INIT_ARRAY$$Base          
UNDEFED   SHT$$INIT_ARRAY$$Limit         
20000058  SystemCoreClock                
00001109  SystemCoreClockUpdate          
0000137d  SystemInit                     
00002261  UART_transmitData              
4000480c  WDTCTL_SYM                     
00002285  WDT_A_holdTimer                
20010000  __STACK_END                    
00000200  __STACK_SIZE                   
00002554  __TI_CINIT_Base                
00002564  __TI_CINIT_Limit               
0000254c  __TI_Handler_Table_Base        
00002554  __TI_Handler_Table_Limit       
00001f05  __TI_auto_init                 
20000030  __TI_cleanup_ptr               
00002311  __TI_decompress_none           
00002325  __TI_decompress_rle24          
20000034  __TI_dtors_ptr                 
20000038  __TI_enable_exit_profile_output
ffffffff  __TI_pprof_out_hndl            
ffffffff  __TI_prof_data_size            
ffffffff  __TI_prof_data_start           
00000000  __TI_static_base__             
00001d7d  __aeabi_cdcmpeq                
00001d7d  __aeabi_cdcmple                
00001e03  __aeabi_cdrcmple               
00002045  __aeabi_d2ulz                  
0000189d  __aeabi_dadd                   
00001893  __aeabi_dsub                   
000021d9  __aeabi_l2d                    
00001f03  __aeabi_ldiv0                  
00001675  __aeabi_ldivmod                
00001e89  __aeabi_memclr                 
00001e89  __aeabi_memclr4                
00001e89  __aeabi_memclr8                
00001ce1  __aeabi_memcpy                 
00001ce1  __aeabi_memcpy4                
00001ce1  __aeabi_memcpy8                
00001e8b  __aeabi_memset                 
00001e8b  __aeabi_memset4                
00001e8b  __aeabi_memset8                
ffffffff  __binit__                      
ffffffff  __c_args__                     
00001fdf  __mpu_init                     
2000fe00  __stack                        
0000229d  _args_main                     
000020a1  _c_int00                       
2000003c  _lock                          
000022d7  _nop                           
000022cf  _register_lock                 
000022c9  _register_unlock               
000022ef  _system_post_cinit             
0000232b  _system_pre_init               
20000040  _unlock                        
000020f9  abort                          
ffffffff  binit                          
00002149  copy_in                        
00000f95  debugCdceI2C                   
00002101  exit                           
00001a49  floor                          
00001a49  floorl                         
000024bc  i2cConfig                      
00000cc1  initCDCE                       
000007f9  initializeADC                  
00000625  initializeBackChannelUART      
000005b1  initializeClocks               
000009a9  initializeDDS                  
00000af5  initializeI2C                  
00000000  interruptVectors               
0000032d  main                           
20000054  main_func_sp                   
00001ce1  memcpy                         
00001e91  memset                         
000014fb  System_printf                         
00000949  pulseFQ_UD                     
00000989  pulse_DDS_RST                  
00000969  pulse_W_CLK                    
00001463  putc                           
00001443  puts                           
00000bf5  readRegs                       
2000004c  resultsBuffer                  
00001c21  round                          
00001c21  roundl                         
00001431  sendByte                       
00000a23  setDDSFrequency                
000024a0  spiMasterConfig                
0000247c  uartConfig                     
00000df1  updateVersaclockRegs           
00000d41  writetoCDCE                    


GLOBAL SYMBOLS: SORTED BY Symbol Address 

address   name                           
-------   ----                           
00000000  __TI_static_base__             
00000000  interruptVectors               
00000141  EusciA0_ISR                    
00000175  ADC14_IRQHandler               
000001ab  EUSCIB1_IRQHandler             
00000200  __STACK_SIZE                   
0000032d  main                           
000005b1  initializeClocks               
00000625  initializeBackChannelUART      
000007f9  initializeADC                  
00000949  pulseFQ_UD                     
00000969  pulse_W_CLK                    
00000989  pulse_DDS_RST                  
000009a9  initializeDDS                  
00000a23  setDDSFrequency                
00000af5  initializeI2C                  
00000bf5  readRegs                       
00000cc1  initCDCE                       
00000d41  writetoCDCE                    
00000df1  updateVersaclockRegs           
00000f95  debugCdceI2C                   
00001109  SystemCoreClockUpdate          
0000137d  SystemInit                     
00001431  sendByte                       
00001443  puts                           
00001463  putc                           
000014fb  System_printf                         
00001675  __aeabi_ldivmod                
00001893  __aeabi_dsub                   
0000189d  __aeabi_dadd                   
00001a49  floor                          
00001a49  floorl                         
00001b41  CS_initClockSignal             
00001c21  round                          
00001c21  roundl                         
00001ce1  __aeabi_memcpy                 
00001ce1  __aeabi_memcpy4                
00001ce1  __aeabi_memcpy8                
00001ce1  memcpy                         
00001d7d  __aeabi_cdcmpeq                
00001d7d  __aeabi_cdcmple                
00001e03  __aeabi_cdrcmple               
00001e89  __aeabi_memclr                 
00001e89  __aeabi_memclr4                
00001e89  __aeabi_memclr8                
00001e8b  __aeabi_memset                 
00001e8b  __aeabi_memset4                
00001e8b  __aeabi_memset8                
00001e91  memset                         
00001f03  __aeabi_ldiv0                  
00001f05  __TI_auto_init                 
00001fdf  __mpu_init                     
00001fe1  Interrupt_enableInterrupt      
00002045  __aeabi_d2ulz                  
000020a1  _c_int00                       
000020f5  C$$EXIT                        
000020f9  abort                          
00002101  exit                           
00002149  copy_in                        
00002195  ADC14_getMultiSequenceResult   
000021d9  __aeabi_l2d                    
00002219  CS_setDCOCenteredFrequency     
0000223d  GPIO_setAsOutputPin            
00002261  UART_transmitData              
00002285  WDT_A_holdTimer                
0000229d  _args_main                     
000022b5  GPIO_toggleOutputOnPin         
000022c9  _register_unlock               
000022cf  _register_lock                 
000022d7  _nop                           
000022ef  _system_post_cinit             
000022f1  I2C_masterIsStopSent           
00002301  I2C_masterReceiveMultiByteStop 
00002311  __TI_decompress_none           
0000231f  I2C_masterReceiveMultiByteNext 
00002325  __TI_decompress_rle24          
0000232b  _system_pre_init               
000023b0  PllClockRegisters              
0000247c  uartConfig                     
000024a0  spiMasterConfig                
000024bc  i2cConfig                      
0000254c  __TI_Handler_Table_Base        
00002554  __TI_CINIT_Base                
00002554  __TI_Handler_Table_Limit       
00002564  __TI_CINIT_Limit               
20000030  __TI_cleanup_ptr               
20000034  __TI_dtors_ptr                 
20000038  __TI_enable_exit_profile_output
2000003c  _lock                          
20000040  _unlock                        
20000044  DDSFrequency                   
2000004c  resultsBuffer                  
20000054  main_func_sp                   
20000058  SystemCoreClock                
2000fe00  __stack                        
20010000  __STACK_END                    
4000480c  WDTCTL_SYM                     
ffffffff  __TI_pprof_out_hndl            
ffffffff  __TI_prof_data_size            
ffffffff  __TI_prof_data_start           
ffffffff  __binit__                      
ffffffff  __c_args__                     
ffffffff  binit                          
UNDEFED   SHT$$INIT_ARRAY$$Base          
UNDEFED   SHT$$INIT_ARRAY$$Limit         

[105 symbols]
